Archive member included to satisfy reference by file (symbol)

/usr/workdir/tools/arm-gnu-toolchain-14.2.rel1-x86_64-arm-none-eabi/bin/../lib/gcc/arm-none-eabi/14.2.1/../../../../arm-none-eabi/lib/thumb/v7e-m+fp/hard/libc_nano.a(libc_a-exit.o)
                              /usr/workdir/tools/arm-gnu-toolchain-14.2.rel1-x86_64-arm-none-eabi/bin/../lib/gcc/arm-none-eabi/14.2.1/../../../../arm-none-eabi/lib/thumb/v7e-m+fp/hard/crt0.o (exit)
/usr/workdir/tools/arm-gnu-toolchain-14.2.rel1-x86_64-arm-none-eabi/bin/../lib/gcc/arm-none-eabi/14.2.1/../../../../arm-none-eabi/lib/thumb/v7e-m+fp/hard/libc_nano.a(libc_a-ctype_.o)
                              build/nrf52840_xxaa/nrf_log_str_formatter.c.o (_ctype_)
/usr/workdir/tools/arm-gnu-toolchain-14.2.rel1-x86_64-arm-none-eabi/bin/../lib/gcc/arm-none-eabi/14.2.1/../../../../arm-none-eabi/lib/thumb/v7e-m+fp/hard/libc_nano.a(libc_a-findfp.o)
                              /usr/workdir/tools/arm-gnu-toolchain-14.2.rel1-x86_64-arm-none-eabi/bin/../lib/gcc/arm-none-eabi/14.2.1/../../../../arm-none-eabi/lib/thumb/v7e-m+fp/hard/libc_nano.a(libc_a-exit.o) (__stdio_exit_handler)
/usr/workdir/tools/arm-gnu-toolchain-14.2.rel1-x86_64-arm-none-eabi/bin/../lib/gcc/arm-none-eabi/14.2.1/../../../../arm-none-eabi/lib/thumb/v7e-m+fp/hard/libc_nano.a(libc_a-fwalk.o)
                              /usr/workdir/tools/arm-gnu-toolchain-14.2.rel1-x86_64-arm-none-eabi/bin/../lib/gcc/arm-none-eabi/14.2.1/../../../../arm-none-eabi/lib/thumb/v7e-m+fp/hard/libc_nano.a(libc_a-findfp.o) (_fwalk_sglue)
/usr/workdir/tools/arm-gnu-toolchain-14.2.rel1-x86_64-arm-none-eabi/bin/../lib/gcc/arm-none-eabi/14.2.1/../../../../arm-none-eabi/lib/thumb/v7e-m+fp/hard/libc_nano.a(libc_a-printf.o)
                              build/nrf52840_xxaa/main.c.o (printf)
/usr/workdir/tools/arm-gnu-toolchain-14.2.rel1-x86_64-arm-none-eabi/bin/../lib/gcc/arm-none-eabi/14.2.1/../../../../arm-none-eabi/lib/thumb/v7e-m+fp/hard/libc_nano.a(libc_a-stdio.o)
                              /usr/workdir/tools/arm-gnu-toolchain-14.2.rel1-x86_64-arm-none-eabi/bin/../lib/gcc/arm-none-eabi/14.2.1/../../../../arm-none-eabi/lib/thumb/v7e-m+fp/hard/libc_nano.a(libc_a-findfp.o) (__sread)
/usr/workdir/tools/arm-gnu-toolchain-14.2.rel1-x86_64-arm-none-eabi/bin/../lib/gcc/arm-none-eabi/14.2.1/../../../../arm-none-eabi/lib/thumb/v7e-m+fp/hard/libc_nano.a(libc_a-memset.o)
                              /usr/workdir/tools/arm-gnu-toolchain-14.2.rel1-x86_64-arm-none-eabi/bin/../lib/gcc/arm-none-eabi/14.2.1/../../../../arm-none-eabi/lib/thumb/v7e-m+fp/hard/crt0.o (memset)
/usr/workdir/tools/arm-gnu-toolchain-14.2.rel1-x86_64-arm-none-eabi/bin/../lib/gcc/arm-none-eabi/14.2.1/../../../../arm-none-eabi/lib/thumb/v7e-m+fp/hard/libc_nano.a(libc_a-closer.o)
                              /usr/workdir/tools/arm-gnu-toolchain-14.2.rel1-x86_64-arm-none-eabi/bin/../lib/gcc/arm-none-eabi/14.2.1/../../../../arm-none-eabi/lib/thumb/v7e-m+fp/hard/libc_nano.a(libc_a-stdio.o) (_close_r)
/usr/workdir/tools/arm-gnu-toolchain-14.2.rel1-x86_64-arm-none-eabi/bin/../lib/gcc/arm-none-eabi/14.2.1/../../../../arm-none-eabi/lib/thumb/v7e-m+fp/hard/libc_nano.a(libc_a-reent.o)
                              /usr/workdir/tools/arm-gnu-toolchain-14.2.rel1-x86_64-arm-none-eabi/bin/../lib/gcc/arm-none-eabi/14.2.1/../../../../arm-none-eabi/lib/thumb/v7e-m+fp/hard/libc_nano.a(libc_a-closer.o) (errno)
/usr/workdir/tools/arm-gnu-toolchain-14.2.rel1-x86_64-arm-none-eabi/bin/../lib/gcc/arm-none-eabi/14.2.1/../../../../arm-none-eabi/lib/thumb/v7e-m+fp/hard/libc_nano.a(libc_a-impure.o)
                              /usr/workdir/tools/arm-gnu-toolchain-14.2.rel1-x86_64-arm-none-eabi/bin/../lib/gcc/arm-none-eabi/14.2.1/../../../../arm-none-eabi/lib/thumb/v7e-m+fp/hard/libc_nano.a(libc_a-printf.o) (_impure_ptr)
/usr/workdir/tools/arm-gnu-toolchain-14.2.rel1-x86_64-arm-none-eabi/bin/../lib/gcc/arm-none-eabi/14.2.1/../../../../arm-none-eabi/lib/thumb/v7e-m+fp/hard/libc_nano.a(libc_a-lseekr.o)
                              /usr/workdir/tools/arm-gnu-toolchain-14.2.rel1-x86_64-arm-none-eabi/bin/../lib/gcc/arm-none-eabi/14.2.1/../../../../arm-none-eabi/lib/thumb/v7e-m+fp/hard/libc_nano.a(libc_a-stdio.o) (_lseek_r)
/usr/workdir/tools/arm-gnu-toolchain-14.2.rel1-x86_64-arm-none-eabi/bin/../lib/gcc/arm-none-eabi/14.2.1/../../../../arm-none-eabi/lib/thumb/v7e-m+fp/hard/libc_nano.a(libc_a-readr.o)
                              /usr/workdir/tools/arm-gnu-toolchain-14.2.rel1-x86_64-arm-none-eabi/bin/../lib/gcc/arm-none-eabi/14.2.1/../../../../arm-none-eabi/lib/thumb/v7e-m+fp/hard/libc_nano.a(libc_a-stdio.o) (_read_r)
/usr/workdir/tools/arm-gnu-toolchain-14.2.rel1-x86_64-arm-none-eabi/bin/../lib/gcc/arm-none-eabi/14.2.1/../../../../arm-none-eabi/lib/thumb/v7e-m+fp/hard/libc_nano.a(libc_a-writer.o)
[...]
Memory Configuration

Name             Origin             Length             Attributes
FLASH            0x00000000         0x00100000         xr
RAM              0x20000000         0x00040000         xrw
*default*        0x00000000         0xffffffff

Linker script and memory map


.hotpatch_context
                0x20000000       0x40
                0x20000000                        . = ALIGN (0x20)
                0x20000000                        . = ALIGN ((0x1 << LOG2CEIL (__hotpatch_context_size)))
                0x20000000                        __hotpatch_context_start = .
 *(.hotpatch_context*)
 .hotpatch_context
                0x20000000       0x20 build/nrf52840_xxaa/main.c.o
 .hotpatch_context
                0x20000020       0x10 build/nrf52840_xxaa/hp_applicator.c.o
                0x20000020                g_applicator_context
                0x20000040                        . = ALIGN (0x20)
 *fill*         0x20000030       0x10 
                0x20000040                        . = ALIGN ((0x1 << LOG2CEIL (__hotpatch_context_size)))
                0x20000040                        __hotpatch_context_end = .
                0x00000040                        __hotpatch_context_size = (__hotpatch_context_end - __hotpatch_context_start)
                0x20000040                        . = ALIGN (0x20)
                0x20000200                        . = ALIGN ((0x1 << LOG2CEIL (__hotpatch_slots_quarantine_size)))
                0x20000200                        __hotpatch_slots_quarantine_start = .

.hotpatch_slots
                0x20000040       0xd8
                0x20000040                        __hotpatch_slots_start = .
 *(.hotpatch_slots*)
 .hotpatch_slots
                0x20000040       0xd8 build/nrf52840_xxaa/hp_slot.c.o
                0x20000040                hotpatch_slots
                0x20000118                        __hotpatch_slots_end = .

.hotpatch_quarantine
                0x20000118       0x50
                0x20000118                        __hotpatch_quarantine_start = .
 *(.hotpatch_quarantine*)
 .hotpatch_quarantine
                0x20000118       0x50 build/nrf52840_xxaa/hp_manager.c.o
                0x20000118                hp_quarantine_memory
                0x20000168                        __hotpatch_quarantine_end = .
                0x20000180                        . = ALIGN (0x20)
                0x20000400                        . = ALIGN ((0x1 << (LOG2CEIL (__hotpatch_slots_quarantine_size) + 0x1)))
                0x20000400                        __hotpatch_slots_quarantine_end = .
                0x000000d8                        __hotpatch_slots_size = (__hotpatch_slots_end - __hotpatch_slots_start)
                0x00000050                        __hotpatch_quarantine_size = (__hotpatch_quarantine_end - __hotpatch_quarantine_start)
                0x00000200                        __hotpatch_slots_quarantine_size = (__hotpatch_slots_quarantine_end - __hotpatch_slots_quarantine_start)

.hotpatch_code  0x20000168      0x698
                0x20000180                        . = ALIGN (0x20)
 *fill*         0x20000168       0x18 
                0x20000400                        . = ALIGN ((0x1 << LOG2CEIL (__hotpatch_code_size)))
 *fill*         0x20000180      0x280 
                0x20000400                        __hotpatch_code_start = .
 *(.hotpatch_code*)
 .hotpatch_code
                0x20000400      0x2dc build/nrf52840_xxaa/hp_code.c.o
                0x20000400                hp_code_memory
                0x200006d8                hp_code_free_list
                0x200006e0                        . = ALIGN (0x20)
 *fill*         0x200006dc        0x4 
                0x20000800                        . = ALIGN ((0x1 << LOG2CEIL (__hotpatch_code_size)))
 *fill*         0x200006e0      0x120 
                0x20000800                        __hotpatch_code_end = .
                0x00000400                        __hotpatch_code_size = (__hotpatch_code_end - __hotpatch_code_start)

.ramfunc        0x20000800     0x7800
                0x20000800                        . = ALIGN (0x20)
                0x20004000                        . = ALIGN ((0x1 << LOG2CEIL (__ramfunc_size)))
 *fill*         0x20000800     0x3800 
                0x20004000                        __ramfunc_start = .
 *(.ramfunc*)
 .ramfunc       0x20004000       0x88 build/nrf52840_xxaa/main.c.o
                0x20004000                target_ram_function
 .ramfunc       0x20004088      0x470 build/nrf52840_xxaa/hp_manager.c.o
                0x20004088                hp_manager_valid_target_address
                0x200040a4                hp_manager_valid_quarantine_address
                0x200040c4                hp_manager_validate_hotpatch
                0x20004144                hp_manager_process_hotpatch
                0x20004204                hp_manager_schedule_hotpatch
                0x200043c0                hp_manager
 .ramfunc       0x200044f8       0x6c build/nrf52840_xxaa/hp_applicator.c.o
                0x200044f8                hp_applicator_reset_context
                0x20004518                hp_applicator_init
                0x20004538                hp_applicator_hotpatch_apply
 .ramfunc       0x20004564      0x170 build/nrf52840_xxaa/hp_code.c.o
                0x20004564                hp_code_init
                0x20004580                hp_code_allocate
                0x20004610                hp_code_free
 .ramfunc       0x200046d4      0x184 build/nrf52840_xxaa/hp_guard.c.o
                0x200046d4                hp_guard_applicator
 .ramfunc       0x20004858      0x7c4 build/nrf52840_xxaa/hp_slot.c.o
                0x20004858                hp_slot_init
                0x20004984                hp_slot_is_duplicate_target_address
                0x200049e4                hp_slot_add_hotpatch
                0x20004b78                hp_slot_remove_hotpatch
                0x20004c58                hp_slot_get_hotpatch_slot_by_target_address
                0x20004cec                hp_slot_get_next_pending_hotpatch
                0x20004df8                hp_slot_get
                0x20004ec4                hp_slot_update_status
                0x20004fc0                hp_slot_get_free_slot_count
 *fill*         0x2000501c        0x4 
 .ramfunc.__stub
                0x20005020       0x20 linker stubs
                0x20005040                        . = ALIGN (0x20)
 *fill*         0x20005040        0x0 
                0x20008000                        . = ALIGN ((0x1 << LOG2CEIL (__ramfunc_size)))
 *fill*         0x20005040     0x2fc0 
                0x20008000                        __ramfunc_end = .
                0x00004000                        __ramfunc_size = (__ramfunc_end - __ramfunc_start)
                0x20000800                        __ramfunc_load_start = LOADADDR (.ramfunc)

.text           0x00000000     0x6a3c
 *(.isr_vector)
 .isr_vector    0x00000000      0x200 build/nrf52840_xxaa/gcc_startup_nrf52.S.o
                0x00000000                __isr_vector
 *(.text*)
 .text.deregister_tm_clones
                0x00000200       0x1c /usr/workdir/tools/arm-gnu-toolchain-14.2.rel1-x86_64-arm-none-eabi/bin/../lib/gcc/arm-none-eabi/14.2.1/thumb/v7e-m+fp/hard/crtbegin.o
 .text.register_tm_clones
                0x0000021c       0x24 /usr/workdir/tools/arm-gnu-toolchain-14.2.rel1-x86_64-arm-none-eabi/bin/../lib/gcc/arm-none-eabi/14.2.1/thumb/v7e-m+fp/hard/crtbegin.o
 .text.__do_global_dtors_aux
                0x00000240       0x28 /usr/workdir/tools/arm-gnu-toolchain-14.2.rel1-x86_64-arm-none-eabi/bin/../lib/gcc/arm-none-eabi/14.2.1/thumb/v7e-m+fp/hard/crtbegin.o
 .text.frame_dummy
                0x00000268       0x24 /usr/workdir/tools/arm-gnu-toolchain-14.2.rel1-x86_64-arm-none-eabi/bin/../lib/gcc/arm-none-eabi/14.2.1/thumb/v7e-m+fp/hard/crtbegin.o
 .text          0x0000028c       0x7c /usr/workdir/tools/arm-gnu-toolchain-14.2.rel1-x86_64-arm-none-eabi/bin/../lib/gcc/arm-none-eabi/14.2.1/../../../../arm-none-eabi/lib/thumb/v7e-m+fp/hard/crt0.o
                0x0000028c                _stack_init
                0x00000294                _mainCRTStartup
                0x00000294                _start
 .text          0x00000308       0x3c build/nrf52840_xxaa/gcc_startup_nrf52.S.o
                0x00000308                Reset_Handler
                0x00000330                NMI_Handler
                0x00000332                HardFault_Handler
                0x00000336                BusFault_Handler
                0x00000338                UsageFault_Handler
                0x0000033c                DebugMon_Handler
                0x00000340                SysTick_Handler
                0x00000342                TIMER2_IRQHandler
                0x00000342                RTC0_IRQHandler
                0x00000342                SWI0_EGU0_IRQHandler
                0x00000342                SWI2_EGU2_IRQHandler
                0x00000342                PWM1_IRQHandler
                0x00000342                RADIO_IRQHandler
                0x00000342                PDM_IRQHandler
                0x00000342                TEMP_IRQHandler
                0x00000342                QDEC_IRQHandler
                0x00000342                TIMER3_IRQHandler
                0x00000342                FPU_IRQHandler
                0x00000342                SPIM0_SPIS0_TWIM0_TWIS0_SPI0_TWI0_IRQHandler
                0x00000342                TIMER4_IRQHandler
                0x00000342                I2S_IRQHandler
                0x00000342                SWI4_EGU4_IRQHandler
                0x00000342                TIMER0_IRQHandler
                0x00000342                TIMER1_IRQHandler
                0x00000342                PWM2_IRQHandler
                0x00000342                ECB_IRQHandler
                0x00000342                SPIM1_SPIS1_TWIM1_TWIS1_SPI1_TWI1_IRQHandler
                0x00000342                Default_Handler
                0x00000342                SAADC_IRQHandler
                0x00000342                CCM_AAR_IRQHandler
                0x00000342                WDT_IRQHandler
                0x00000342                SWI5_EGU5_IRQHandler
                0x00000342                RNG_IRQHandler
                0x00000342                RTC2_IRQHandler
                0x00000342                PWM0_IRQHandler
                0x00000342                SWI3_EGU3_IRQHandler
                0x00000342                SWI1_EGU1_IRQHandler
                0x00000342                SPIM2_SPIS2_SPI2_IRQHandler
                0x00000342                NFCT_IRQHandler
                0x00000342                MWU_IRQHandler
                0x00000342                COMP_LPCOMP_IRQHandler
 .text.nrf_log_default_backends_init
                0x00000344        0x4 build/nrf52840_xxaa/nrf_log_default_backends.c.o
                0x00000344                nrf_log_default_backends_init
 .text.log_skip
                0x00000348       0xd0 build/nrf52840_xxaa/nrf_log_frontend.c.o
 .text.nrf_log_init
                0x00000418       0x28 build/nrf52840_xxaa/nrf_log_frontend.c.o
                0x00000418                nrf_log_init
 .text.log_pending_hook
                0x00000440        0x4 build/nrf52840_xxaa/nrf_log_frontend.c.o
                0x00000440                log_pending_hook
 .text.nrf_log_frontend_dequeue
                0x00000444      0x240 build/nrf52840_xxaa/nrf_log_frontend.c.o
                0x00000444                nrf_log_frontend_dequeue
 .text.nrf_log_frontend_std_0
                0x00000684       0xb4 build/nrf52840_xxaa/nrf_log_frontend.c.o
                0x00000684                nrf_log_frontend_std_0
 .text.nrf_log_panic
                0x00000738       0x2c build/nrf52840_xxaa/nrf_log_frontend.c.o
                0x00000738                nrf_log_panic
 .text.app_error_handler_bare
                0x00000764       0x20 build/nrf52840_xxaa/app_error.c.o
                0x00000764                app_error_handler_bare
 .text.app_error_fault_handler
                0x00000784       0x6c build/nrf52840_xxaa/app_error_weak.c.o
                0x00000784                app_error_fault_handler
 .text.app_fifo_init
                0x000007f0       0x20 build/nrf52840_xxaa/app_fifo.c.o
                0x000007f0                app_fifo_init
 .text.app_fifo_put
                0x00000810       0x30 build/nrf52840_xxaa/app_fifo.c.o
                0x00000810                app_fifo_put
 .text.app_fifo_get
                0x00000840       0x2c build/nrf52840_xxaa/app_fifo.c.o
                0x00000840                app_fifo_get
 .text.uart_event_handler
                0x0000086c      0x120 build/nrf52840_xxaa/app_uart_fifo.c.o
 .text.app_uart_init
                0x0000098c       0xe4 build/nrf52840_xxaa/app_uart_fifo.c.o
                0x0000098c                app_uart_init
 .text.app_uart_get
                0x00000a70       0x58 build/nrf52840_xxaa/app_uart_fifo.c.o
                0x00000a70                app_uart_get
 .text.app_uart_put
                0x00000ac8       0x74 build/nrf52840_xxaa/app_uart_fifo.c.o
                0x00000ac8                app_uart_put
 .text.app_util_critical_region_enter
                0x00000b3c       0x10 build/nrf52840_xxaa/app_util_platform.c.o
                0x00000b3c                app_util_critical_region_enter
 .text.app_util_critical_region_exit
                0x00000b4c       0x14 build/nrf52840_xxaa/app_util_platform.c.o
                0x00000b4c                app_util_critical_region_exit
 .text.nrf_atomic_u32_fetch_store
                0x00000b60       0x14 build/nrf52840_xxaa/nrf_atomic.c.o
                0x00000b60                nrf_atomic_u32_fetch_store
 .text.nrf_atomic_u32_add
                0x00000b74       0x18 build/nrf52840_xxaa/nrf_atomic.c.o
                0x00000b74                nrf_atomic_u32_add
 .text.nrf_atomic_u32_sub
                0x00000b8c       0x18 build/nrf52840_xxaa/nrf_atomic.c.o
                0x00000b8c                nrf_atomic_u32_sub
 .text.nrf_atomic_flag_set
                0x00000ba4       0x18 build/nrf52840_xxaa/nrf_atomic.c.o
                0x00000ba4                nrf_atomic_flag_set
 .text.nrf_atomic_flag_clear_fetch
                0x00000bbc       0x18 build/nrf52840_xxaa/nrf_atomic.c.o
                0x00000bbc                nrf_atomic_flag_clear_fetch
 .text.nrf_balloc_init
                0x00000bd4       0x3c build/nrf52840_xxaa/nrf_balloc.c.o
                0x00000bd4                nrf_balloc_init
 .text.nrf_balloc_alloc
                0x00000c10       0x4c build/nrf52840_xxaa/nrf_balloc.c.o
                0x00000c10                nrf_balloc_alloc
 .text.nrf_balloc_free
                0x00000c5c       0x2c build/nrf52840_xxaa/nrf_balloc.c.o
                0x00000c5c                nrf_balloc_free
 .text.nrf_memobj_pool_init
                0x00000c88        0x4 build/nrf52840_xxaa/nrf_memobj.c.o
                0x00000c88                nrf_memobj_pool_init
 .text.nrf_memobj_alloc
                0x00000c8c       0x94 build/nrf52840_xxaa/nrf_memobj.c.o
                0x00000c8c                nrf_memobj_alloc
 .text.nrf_memobj_get
                0x00000d20        0x8 build/nrf52840_xxaa/nrf_memobj.c.o
                0x00000d20                nrf_memobj_get
 .text.nrf_memobj_put
                0x00000d28       0x58 build/nrf52840_xxaa/nrf_memobj.c.o
                0x00000d28                nrf_memobj_put
 .text.nrf_memobj_write
                0x00000d80       0x68 build/nrf52840_xxaa/nrf_memobj.c.o
                0x00000d80                nrf_memobj_write
 .text.nrf_ringbuf_init
                0x00000de8       0x1c build/nrf52840_xxaa/nrf_ringbuf.c.o
                0x00000de8                nrf_ringbuf_init
 .text._write   0x00000e04       0x1c build/nrf52840_xxaa/retarget.c.o
                0x00000e04                _write
 .text._read    0x00000e20       0x14 build/nrf52840_xxaa/retarget.c.o
                0x00000e20                _read
 .text.uarte_evt_handler
                0x00000e34       0x34 build/nrf52840_xxaa/nrf_drv_uart.c.o
 .text.uart_evt_handler
                0x00000e68       0x34 build/nrf52840_xxaa/nrf_drv_uart.c.o
 .text.nrf_drv_uart_init
                0x00000e9c       0x78 build/nrf52840_xxaa/nrf_drv_uart.c.o
                0x00000e9c                nrf_drv_uart_init
 .text.UARTE0_UART0_IRQHandler
                0x00000f14        0xc build/nrf52840_xxaa/nrfx_prs.c.o
                0x00000f14                UARTE0_UART0_IRQHandler
 .text.nrfx_prs_acquire
                0x00000f20       0x3c build/nrf52840_xxaa/nrfx_prs.c.o
                0x00000f20                nrfx_prs_acquire
 *fill*         0x00000f5c        0x4 
 .text.nrfx_uart_0_irq_handler
                0x00000f60      0x1d0 build/nrf52840_xxaa/nrfx_uart.c.o
                0x00000f60                nrfx_uart_0_irq_handler
 .text.nrfx_uart_init
                0x00001130      0x1e8 build/nrf52840_xxaa/nrfx_uart.c.o
                0x00001130                nrfx_uart_init
 .text.nrfx_uart_tx
                0x00001318       0xd8 build/nrf52840_xxaa/nrfx_uart.c.o
                0x00001318                nrfx_uart_tx
 .text.nrfx_uart_tx_in_progress
                0x000013f0       0x18 build/nrf52840_xxaa/nrfx_uart.c.o
                0x000013f0                nrfx_uart_tx_in_progress
 .text.nrfx_uart_rx
                0x00001408      0x148 build/nrf52840_xxaa/nrfx_uart.c.o
                0x00001408                nrfx_uart_rx
 .text.nrfx_uarte_0_irq_handler
                0x00001550      0x170 build/nrf52840_xxaa/nrfx_uarte.c.o
                0x00001550                nrfx_uarte_0_irq_handler
 .text.nrfx_uarte_init
                0x000016c0      0x218 build/nrf52840_xxaa/nrfx_uarte.c.o
                0x000016c0                nrfx_uarte_init
 .text.nrfx_uarte_tx
                0x000018d8       0xac build/nrf52840_xxaa/nrfx_uarte.c.o
                0x000018d8                nrfx_uarte_tx
 .text.nrfx_uarte_tx_in_progress
                0x00001984       0x1c build/nrf52840_xxaa/nrfx_uarte.c.o
                0x00001984                nrfx_uarte_tx_in_progress
 .text.nrfx_uarte_rx
                0x000019a0      0x144 build/nrf52840_xxaa/nrfx_uarte.c.o
                0x000019a0                nrfx_uarte_rx
 .text.workload_task
                0x00001ae4       0x18 build/nrf52840_xxaa/main.c.o
                0x00001ae4                workload_task
 .text.bms_comm_task
                0x00001afc       0x78 build/nrf52840_xxaa/main.c.o
 .text.bms_protection_task
                0x00001b74      0x124 build/nrf52840_xxaa/main.c.o
 .text.bms_estimation_task
                0x00001c98      0x11c build/nrf52840_xxaa/main.c.o
 .text.task_hp_manager
                0x00001db4       0x34 build/nrf52840_xxaa/main.c.o
                0x00001db4                task_hp_manager
 .text.bms_uart_rx_task
                0x00001de8      0x408 build/nrf52840_xxaa/main.c.o
 .text.bms_monitor_task
                0x000021f0      0x164 build/nrf52840_xxaa/main.c.o
 .text.uart_error_handle
                0x00002354       0x24 build/nrf52840_xxaa/main.c.o
                0x00002354                uart_error_handle
 .text.startup.main
                0x00002378      0x2c0 build/nrf52840_xxaa/main.c.o
                0x00002378                main
 .text.SystemInit
                0x00002638      0x1dc build/nrf52840_xxaa/system_nrf52.c.o
                0x00002638                SystemInit
 .text.clock_irq_handler
                0x00002814       0x44 build/nrf52840_xxaa/nrf_drv_clock.c.o
 .text.nrf_drv_clock_init
                0x00002858       0x40 build/nrf52840_xxaa/nrf_drv_clock.c.o
                0x00002858                nrf_drv_clock_init
 .text.nrf_drv_clock_lfclk_request
                0x00002898       0x6c build/nrf52840_xxaa/nrf_drv_clock.c.o
                0x00002898                nrf_drv_clock_lfclk_request
 .text.nrfx_clock_init
                0x00002904       0x18 build/nrf52840_xxaa/nrfx_clock.c.o
                0x00002904                nrfx_clock_init
 .text.nrfx_clock_enable
                0x0000291c       0x24 build/nrf52840_xxaa/nrfx_clock.c.o
                0x0000291c                nrfx_clock_enable
 .text.nrfx_clock_lfclk_start
                0x00002940       0x24 build/nrf52840_xxaa/nrfx_clock.c.o
                0x00002940                nrfx_clock_lfclk_start
 .text.POWER_CLOCK_IRQHandler
                0x00002964       0x64 build/nrf52840_xxaa/nrfx_clock.c.o
                0x00002964                POWER_CLOCK_IRQHandler
 .text.GPIOTE_IRQHandler
                0x000029c8      0x2ec build/nrf52840_xxaa/nrfx_gpiote.c.o
                0x000029c8                GPIOTE_IRQHandler
 .text.pvPortMalloc
                0x00002cb4      0x110 build/nrf52840_xxaa/heap_4.c.o
                0x00002cb4                pvPortMalloc
 .text.vPortFree
                0x00002dc4       0xa8 build/nrf52840_xxaa/heap_4.c.o
                0x00002dc4                vPortFree
 .text.vListInitialise
                0x00002e6c       0x18 build/nrf52840_xxaa/list.c.o
                0x00002e6c                vListInitialise
 .text.vListInitialiseItem
                0x00002e84        0x8 build/nrf52840_xxaa/list.c.o
                0x00002e84                vListInitialiseItem
 .text.vListInsert
                0x00002e8c       0x30 build/nrf52840_xxaa/list.c.o
                0x00002e8c                vListInsert
 .text.uxListRemove
                0x00002ebc       0x24 build/nrf52840_xxaa/list.c.o
                0x00002ebc                uxListRemove
 .text.xQueueGenericCreate
                0x00002ee0       0x78 build/nrf52840_xxaa/queue.c.o
                0x00002ee0                xQueueGenericCreate
 .text.xQueueReceive
                0x00002f58      0x2a8 build/nrf52840_xxaa/queue.c.o
                0x00002f58                xQueueReceive
 .text.vQueueAddToRegistry
                0x00003200       0x40 build/nrf52840_xxaa/queue.c.o
                0x00003200                vQueueAddToRegistry
 .text.vQueueWaitForMessageRestricted
                0x00003240       0xc8 build/nrf52840_xxaa/queue.c.o
                0x00003240                vQueueWaitForMessageRestricted
 .text.prvAddNewTaskToReadyList
                0x00003308      0x124 build/nrf52840_xxaa/tasks.c.o
 .text.prvCreateTask
                0x0000342c       0xb8 build/nrf52840_xxaa/tasks.c.o
 .text.xTaskIncrementTick.part.0
                0x000034e4      0x1b0 build/nrf52840_xxaa/tasks.c.o
 .text.xTaskCreate
                0x00003694       0x24 build/nrf52840_xxaa/tasks.c.o
                0x00003694                xTaskCreate
 .text.vTaskStartScheduler
                0x000036b8       0x78 build/nrf52840_xxaa/tasks.c.o
                0x000036b8                vTaskStartScheduler
 .text.vTaskSuspendAll
                0x00003730       0x10 build/nrf52840_xxaa/tasks.c.o
                0x00003730                vTaskSuspendAll
 .text.xTaskResumeAll
                0x00003740      0x1b4 build/nrf52840_xxaa/tasks.c.o
                0x00003740                xTaskResumeAll
 .text.vTaskDelay
                0x000038f4       0x8c build/nrf52840_xxaa/tasks.c.o
                0x000038f4                vTaskDelay
 .text.prvIdleTask
                0x00003980       0xd4 build/nrf52840_xxaa/tasks.c.o
 .text.xTaskGetTickCount
                0x00003a54        0xc build/nrf52840_xxaa/tasks.c.o
                0x00003a54                xTaskGetTickCount
 .text.vTaskStepTick
                0x00003a60       0x40 build/nrf52840_xxaa/tasks.c.o
                0x00003a60                vTaskStepTick
 .text.xTaskIncrementTick
                0x00003aa0       0x20 build/nrf52840_xxaa/tasks.c.o
                0x00003aa0                xTaskIncrementTick
 .text.vTaskSwitchContext
                0x00003ac0       0x78 build/nrf52840_xxaa/tasks.c.o
                0x00003ac0                vTaskSwitchContext
 .text.vTaskPlaceOnEventList
                0x00003b38       0x98 build/nrf52840_xxaa/tasks.c.o
                0x00003b38                vTaskPlaceOnEventList
 .text.vTaskPlaceOnEventListRestricted
                0x00003bd0       0xc4 build/nrf52840_xxaa/tasks.c.o
                0x00003bd0                vTaskPlaceOnEventListRestricted
 .text.xTaskRemoveFromEventList
                0x00003c94       0xf8 build/nrf52840_xxaa/tasks.c.o
                0x00003c94                xTaskRemoveFromEventList
 .text.vTaskInternalSetTimeOutState
                0x00003d8c       0x18 build/nrf52840_xxaa/tasks.c.o
                0x00003d8c                vTaskInternalSetTimeOutState
 .text.xTaskCheckForTimeOut
                0x00003da4       0x60 build/nrf52840_xxaa/tasks.c.o
                0x00003da4                xTaskCheckForTimeOut
 .text.vTaskMissedYield
                0x00003e04        0xc build/nrf52840_xxaa/tasks.c.o
                0x00003e04                vTaskMissedYield
 .text.eTaskConfirmSleepModeStatus
                0x00003e10       0x44 build/nrf52840_xxaa/tasks.c.o
                0x00003e10                eTaskConfirmSleepModeStatus
 .text.xTaskGetSchedulerState
                0x00003e54       0x20 build/nrf52840_xxaa/tasks.c.o
                0x00003e54                xTaskGetSchedulerState
 .text.prvTimerTask
                0x00003e74      0x3b8 build/nrf52840_xxaa/timers.c.o
 .text.xTimerCreateTimerTask
                0x0000422c       0x84 build/nrf52840_xxaa/timers.c.o
                0x0000422c                xTimerCreateTimerTask
 .text.vPortStartFirstTask
                0x000042b0       0x1c build/nrf52840_xxaa/port.c.o
                0x000042b0                vPortStartFirstTask
 .text.SVC_Handler
                0x000042cc       0x20 build/nrf52840_xxaa/port.c.o
                0x000042cc                SVC_Handler
 .text.PendSV_Handler
                0x000042ec       0x60 build/nrf52840_xxaa/port.c.o
                0x000042ec                PendSV_Handler
 .text.prvTaskExitError
                0x0000434c        0x8 build/nrf52840_xxaa/port_cmsis.c.o
 .text.pxPortInitialiseStack
                0x00004354       0x24 build/nrf52840_xxaa/port_cmsis.c.o
                0x00004354                pxPortInitialiseStack
 .text.xPortStartScheduler
                0x00004378       0x4c build/nrf52840_xxaa/port_cmsis.c.o
                0x00004378                xPortStartScheduler
 .text.vPortEnterCritical
                0x000043c4       0x14 build/nrf52840_xxaa/port_cmsis.c.o
                0x000043c4                vPortEnterCritical
 .text.vPortExitCritical
                0x000043d8       0x14 build/nrf52840_xxaa/port_cmsis.c.o
                0x000043d8                vPortExitCritical
 .text.RTC1_IRQHandler
                0x000043ec       0x84 build/nrf52840_xxaa/port_cmsis_systick.c.o
                0x000043ec                RTC1_IRQHandler
 .text.vPortSetupTimerInterrupt
                0x00004470       0x38 build/nrf52840_xxaa/port_cmsis_systick.c.o
                0x00004470                vPortSetupTimerInterrupt
 .text.vPortSuppressTicksAndSleep
                0x000044a8       0xec build/nrf52840_xxaa/port_cmsis_systick.c.o
                0x000044a8                vPortSuppressTicksAndSleep
 .text.hp_manager_init
                0x00004594       0x14 build/nrf52840_xxaa/hp_manager.c.o
                0x00004594                hp_manager_init
 .text.hp_mpu_init
                0x000045a8      0x17c build/nrf52840_xxaa/hp_freertos_mpu.c.o
                0x000045a8                hp_mpu_init
 .text.hp_memmanage_handler
                0x00004724       0xc0 build/nrf52840_xxaa/hp_exception.c.o
                0x00004724                hp_memmanage_handler
 .text.MemoryManagement_Handler
                0x000047e4       0x14 build/nrf52840_xxaa/hp_exception.c.o
                0x000047e4                MemoryManagement_Handler
 .text.exit     0x000047f8       0x24 /usr/workdir/tools/arm-gnu-toolchain-14.2.rel1-x86_64-arm-none-eabi/bin/../lib/gcc/arm-none-eabi/14.2.1/../../../../arm-none-eabi/lib/thumb/v7e-m+fp/hard/libc_nano.a(libc_a-exit.o)
                0x000047f8                exit
 .text.std      0x0000481c       0x6c /usr/workdir/tools/arm-gnu-toolchain-14.2.rel1-x86_64-arm-none-eabi/bin/../lib/gcc/arm-none-eabi/14.2.1/../../../../arm-none-eabi/lib/thumb/v7e-m+fp/hard/libc_nano.a(libc_a-findfp.o)
 .text.stdio_exit_handler
                0x00004888       0x18 /usr/workdir/tools/arm-gnu-toolchain-14.2.rel1-x86_64-arm-none-eabi/bin/../lib/gcc/arm-none-eabi/14.2.1/../../../../arm-none-eabi/lib/thumb/v7e-m+fp/hard/libc_nano.a(libc_a-findfp.o)
 .text.cleanup_stdio
                0x000048a0       0x40 /usr/workdir/tools/arm-gnu-toolchain-14.2.rel1-x86_64-arm-none-eabi/bin/../lib/gcc/arm-none-eabi/14.2.1/../../../../arm-none-eabi/lib/thumb/v7e-m+fp/hard/libc_nano.a(libc_a-findfp.o)
 .text.global_stdio_init.part.0
                0x000048e0       0x40 /usr/workdir/tools/arm-gnu-toolchain-14.2.rel1-x86_64-arm-none-eabi/bin/../lib/gcc/arm-none-eabi/14.2.1/../../../../arm-none-eabi/lib/thumb/v7e-m+fp/hard/libc_nano.a(libc_a-findfp.o)
 .text.__sfp_lock_acquire
                0x00004920        0xc /usr/workdir/tools/arm-gnu-toolchain-14.2.rel1-x86_64-arm-none-eabi/bin/../lib/gcc/arm-none-eabi/14.2.1/../../../../arm-none-eabi/lib/thumb/v7e-m+fp/hard/libc_nano.a(libc_a-findfp.o)
                0x00004920                __sfp_lock_acquire
 .text.__sfp_lock_release
                0x0000492c        0xc /usr/workdir/tools/arm-gnu-toolchain-14.2.rel1-x86_64-arm-none-eabi/bin/../lib/gcc/arm-none-eabi/14.2.1/../../../../arm-none-eabi/lib/thumb/v7e-m+fp/hard/libc_nano.a(libc_a-findfp.o)
                0x0000492c                __sfp_lock_release
 .text.__sinit  0x00004938       0x30 /usr/workdir/tools/arm-gnu-toolchain-14.2.rel1-x86_64-arm-none-eabi/bin/../lib/gcc/arm-none-eabi/14.2.1/../../../../arm-none-eabi/lib/thumb/v7e-m+fp/hard/libc_nano.a(libc_a-findfp.o)
                0x00004938                __sinit
 .text._fwalk_sglue
                0x00004968       0x3c /usr/workdir/tools/arm-gnu-toolchain-14.2.rel1-x86_64-arm-none-eabi/bin/../lib/gcc/arm-none-eabi/14.2.1/../../../../arm-none-eabi/lib/thumb/v7e-m+fp/hard/libc_nano.a(libc_a-fwalk.o)
                0x00004968                _fwalk_sglue
 .text.printf   0x000049a4       0x24 /usr/workdir/tools/arm-gnu-toolchain-14.2.rel1-x86_64-arm-none-eabi/bin/../lib/gcc/arm-none-eabi/14.2.1/../../../../arm-none-eabi/lib/thumb/v7e-m+fp/hard/libc_nano.a(libc_a-printf.o)
                0x000049a4                printf
                0x000049a4                iprintf
 .text.__sread  0x000049c8       0x22 /usr/workdir/tools/arm-gnu-toolchain-14.2.rel1-x86_64-arm-none-eabi/bin/../lib/gcc/arm-none-eabi/14.2.1/../../../../arm-none-eabi/lib/thumb/v7e-m+fp/hard/libc_nano.a(libc_a-stdio.o)
                0x000049c8                __sread
 .text.__swrite
                0x000049ea       0x38 /usr/workdir/tools/arm-gnu-toolchain-14.2.rel1-x86_64-arm-none-eabi/bin/../lib/gcc/arm-none-eabi/14.2.1/../../../../arm-none-eabi/lib/thumb/v7e-m+fp/hard/libc_nano.a(libc_a-stdio.o)
                0x000049ea                __swrite
 .text.__sseek  0x00004a22       0x26 /usr/workdir/tools/arm-gnu-toolchain-14.2.rel1-x86_64-arm-none-eabi/bin/../lib/gcc/arm-none-eabi/14.2.1/../../../../arm-none-eabi/lib/thumb/v7e-m+fp/hard/libc_nano.a(libc_a-stdio.o)
                0x00004a22                __sseek
 .text.__sclose
                0x00004a48        0x8 /usr/workdir/tools/arm-gnu-toolchain-14.2.rel1-x86_64-arm-none-eabi/bin/../lib/gcc/arm-none-eabi/14.2.1/../../../../arm-none-eabi/lib/thumb/v7e-m+fp/hard/libc_nano.a(libc_a-stdio.o)
                0x00004a48                __sclose
 .text.memset   0x00004a50       0x10 /usr/workdir/tools/arm-gnu-toolchain-14.2.rel1-x86_64-arm-none-eabi/bin/../lib/gcc/arm-none-eabi/14.2.1/../../../../arm-none-eabi/lib/thumb/v7e-m+fp/hard/libc_nano.a(libc_a-memset.o)
                0x00004a50                memset
 .text._close_r
                0x00004a60       0x20 /usr/workdir/tools/arm-gnu-toolchain-14.2.rel1-x86_64-arm-none-eabi/bin/../lib/gcc/arm-none-eabi/14.2.1/../../../../arm-none-eabi/lib/thumb/v7e-m+fp/hard/libc_nano.a(libc_a-closer.o)
                0x00004a60                _close_r
 .text._lseek_r
                0x00004a80       0x24 /usr/workdir/tools/arm-gnu-toolchain-14.2.rel1-x86_64-arm-none-eabi/bin/../lib/gcc/arm-none-eabi/14.2.1/../../../../arm-none-eabi/lib/thumb/v7e-m+fp/hard/libc_nano.a(libc_a-lseekr.o)
                0x00004a80                _lseek_r
 .text._read_r  0x00004aa4       0x24 /usr/workdir/tools/arm-gnu-toolchain-14.2.rel1-x86_64-arm-none-eabi/bin/../lib/gcc/arm-none-eabi/14.2.1/../../../../arm-none-eabi/lib/thumb/v7e-m+fp/hard/libc_nano.a(libc_a-readr.o)
                0x00004aa4                _read_r
 .text._write_r
                0x00004ac8       0x24 /usr/workdir/tools/arm-gnu-toolchain-14.2.rel1-x86_64-arm-none-eabi/bin/../lib/gcc/arm-none-eabi/14.2.1/../../../../arm-none-eabi/lib/thumb/v7e-m+fp/hard/libc_nano.a(libc_a-writer.o)
                0x00004ac8                _write_r
 .text.__libc_init_array
                0x00004aec       0x48 /usr/workdir/tools/arm-gnu-toolchain-14.2.rel1-x86_64-arm-none-eabi/bin/../lib/gcc/arm-none-eabi/14.2.1/../../../../arm-none-eabi/lib/thumb/v7e-m+fp/hard/libc_nano.a(libc_a-init.o)
                0x00004aec                __libc_init_array
 .text.__retarget_lock_init_recursive
                0x00004b34        0x2 /usr/workdir/tools/arm-gnu-toolchain-14.2.rel1-x86_64-arm-none-eabi/bin/../lib/gcc/arm-none-eabi/14.2.1/../../../../arm-none-eabi/lib/thumb/v7e-m+fp/hard/libc_nano.a(libc_a-lock.o)
                0x00004b34                __retarget_lock_init_recursive
 .text.__retarget_lock_acquire_recursive
                0x00004b36        0x2 /usr/workdir/tools/arm-gnu-toolchain-14.2.rel1-x86_64-arm-none-eabi/bin/../lib/gcc/arm-none-eabi/14.2.1/../../../../arm-none-eabi/lib/thumb/v7e-m+fp/hard/libc_nano.a(libc_a-lock.o)
                0x00004b36                __retarget_lock_acquire_recursive
 .text.__retarget_lock_release_recursive
                0x00004b38        0x2 /usr/workdir/tools/arm-gnu-toolchain-14.2.rel1-x86_64-arm-none-eabi/bin/../lib/gcc/arm-none-eabi/14.2.1/../../../../arm-none-eabi/lib/thumb/v7e-m+fp/hard/libc_nano.a(libc_a-lock.o)
                0x00004b38                __retarget_lock_release_recursive
 .text.memcpy   0x00004b3a       0x1c /usr/workdir/tools/arm-gnu-toolchain-14.2.rel1-x86_64-arm-none-eabi/bin/../lib/gcc/arm-none-eabi/14.2.1/../../../../arm-none-eabi/lib/thumb/v7e-m+fp/hard/libc_nano.a(libc_a-memcpy-stub.o)
                0x00004b3a                memcpy
 *fill*         0x00004b56        0x2 
 .text._free_r  0x00004b58       0x94 /usr/workdir/tools/arm-gnu-toolchain-14.2.rel1-x86_64-arm-none-eabi/bin/../lib/gcc/arm-none-eabi/14.2.1/../../../../arm-none-eabi/lib/thumb/v7e-m+fp/hard/libc_nano.a(libc_a-freer.o)
                0x00004b58                _free_r
 .text.sbrk_aligned
                0x00004bec       0x44 /usr/workdir/tools/arm-gnu-toolchain-14.2.rel1-x86_64-arm-none-eabi/bin/../lib/gcc/arm-none-eabi/14.2.1/../../../../arm-none-eabi/lib/thumb/v7e-m+fp/hard/libc_nano.a(libc_a-mallocr.o)
 .text._malloc_r
                0x00004c30      0x100 /usr/workdir/tools/arm-gnu-toolchain-14.2.rel1-x86_64-arm-none-eabi/bin/../lib/gcc/arm-none-eabi/14.2.1/../../../../arm-none-eabi/lib/thumb/v7e-m+fp/hard/libc_nano.a(libc_a-mallocr.o)
                0x00004c30                _malloc_r
 .text.__malloc_lock
                0x00004d30        0xc /usr/workdir/tools/arm-gnu-toolchain-14.2.rel1-x86_64-arm-none-eabi/bin/../lib/gcc/arm-none-eabi/14.2.1/../../../../arm-none-eabi/lib/thumb/v7e-m+fp/hard/libc_nano.a(libc_a-mlock.o)
                0x00004d30                __malloc_lock
 .text.__malloc_unlock
                0x00004d3c        0xc /usr/workdir/tools/arm-gnu-toolchain-14.2.rel1-x86_64-arm-none-eabi/bin/../lib/gcc/arm-none-eabi/14.2.1/../../../../arm-none-eabi/lib/thumb/v7e-m+fp/hard/libc_nano.a(libc_a-mlock.o)
                0x00004d3c                __malloc_unlock
 .text.__sfputc_r
                0x00004d48       0x2e /usr/workdir/tools/arm-gnu-toolchain-14.2.rel1-x86_64-arm-none-eabi/bin/../lib/gcc/arm-none-eabi/14.2.1/../../../../arm-none-eabi/lib/thumb/v7e-m+fp/hard/libc_nano.a(libc_a-nano-vfprintf.o)
 .text.__sfputs_r
                0x00004d76       0x24 /usr/workdir/tools/arm-gnu-toolchain-14.2.rel1-x86_64-arm-none-eabi/bin/../lib/gcc/arm-none-eabi/14.2.1/../../../../arm-none-eabi/lib/thumb/v7e-m+fp/hard/libc_nano.a(libc_a-nano-vfprintf.o)
                0x00004d76                __sfputs_r
 *fill*         0x00004d9a        0x2 
 .text._vfprintf_r
                0x00004d9c      0x230 /usr/workdir/tools/arm-gnu-toolchain-14.2.rel1-x86_64-arm-none-eabi/bin/../lib/gcc/arm-none-eabi/14.2.1/../../../../arm-none-eabi/lib/thumb/v7e-m+fp/hard/libc_nano.a(libc_a-nano-vfprintf.o)
                0x00004d9c                _vfiprintf_r
                0x00004d9c                _vfprintf_r
 .text._printf_common
                0x00004fcc       0xda /usr/workdir/tools/arm-gnu-toolchain-14.2.rel1-x86_64-arm-none-eabi/bin/../lib/gcc/arm-none-eabi/14.2.1/../../../../arm-none-eabi/lib/thumb/v7e-m+fp/hard/libc_nano.a(libc_a-nano-vfprintf_i.o)
                0x00004fcc                _printf_common
 *fill*         0x000050a6        0x2 
 .text._printf_i
                0x000050a8      0x240 /usr/workdir/tools/arm-gnu-toolchain-14.2.rel1-x86_64-arm-none-eabi/bin/../lib/gcc/arm-none-eabi/14.2.1/../../../../arm-none-eabi/lib/thumb/v7e-m+fp/hard/libc_nano.a(libc_a-nano-vfprintf_i.o)
                0x000050a8                _printf_i
 .text.__sflush_r
                0x000052e8      0x104 /usr/workdir/tools/arm-gnu-toolchain-14.2.rel1-x86_64-arm-none-eabi/bin/../lib/gcc/arm-none-eabi/14.2.1/../../../../arm-none-eabi/lib/thumb/v7e-m+fp/hard/libc_nano.a(libc_a-fflush.o)
                0x000052e8                __sflush_r
 .text._fflush_r
                0x000053ec       0x50 /usr/workdir/tools/arm-gnu-toolchain-14.2.rel1-x86_64-arm-none-eabi/bin/../lib/gcc/arm-none-eabi/14.2.1/../../../../arm-none-eabi/lib/thumb/v7e-m+fp/hard/libc_nano.a(libc_a-fflush.o)
                0x000053ec                _fflush_r
 .text.__swbuf_r
                0x0000543c       0x7c /usr/workdir/tools/arm-gnu-toolchain-14.2.rel1-x86_64-arm-none-eabi/bin/../lib/gcc/arm-none-eabi/14.2.1/../../../../arm-none-eabi/lib/thumb/v7e-m+fp/hard/libc_nano.a(libc_a-wbuf.o)
                0x0000543c                __swbuf_r
 .text.__swsetup_r
                0x000054b8       0xa8 /usr/workdir/tools/arm-gnu-toolchain-14.2.rel1-x86_64-arm-none-eabi/bin/../lib/gcc/arm-none-eabi/14.2.1/../../../../arm-none-eabi/lib/thumb/v7e-m+fp/hard/libc_nano.a(libc_a-wsetup.o)
                0x000054b8                __swsetup_r
 .text._sbrk_r  0x00005560       0x20 /usr/workdir/tools/arm-gnu-toolchain-14.2.rel1-x86_64-arm-none-eabi/bin/../lib/gcc/arm-none-eabi/14.2.1/../../../../arm-none-eabi/lib/thumb/v7e-m+fp/hard/libc_nano.a(libc_a-sbrkr.o)
                0x00005560                _sbrk_r
 .text          0x00005580       0xa0 /usr/workdir/tools/arm-gnu-toolchain-14.2.rel1-x86_64-arm-none-eabi/bin/../lib/gcc/arm-none-eabi/14.2.1/../../../../arm-none-eabi/lib/thumb/v7e-m+fp/hard/libc_nano.a(libc_a-memchr.o)
                0x00005580                memchr
 .text.__swhatbuf_r
                0x00005620       0x48 /usr/workdir/tools/arm-gnu-toolchain-14.2.rel1-x86_64-arm-none-eabi/bin/../lib/gcc/arm-none-eabi/14.2.1/../../../../arm-none-eabi/lib/thumb/v7e-m+fp/hard/libc_nano.a(libc_a-makebuf.o)
                0x00005620                __swhatbuf_r
 .text.__smakebuf_r
                0x00005668       0x72 /usr/workdir/tools/arm-gnu-toolchain-14.2.rel1-x86_64-arm-none-eabi/bin/../lib/gcc/arm-none-eabi/14.2.1/../../../../arm-none-eabi/lib/thumb/v7e-m+fp/hard/libc_nano.a(libc_a-makebuf.o)
                0x00005668                __smakebuf_r
 *fill*         0x000056da        0x2 
 .text._fstat_r
                0x000056dc       0x24 /usr/workdir/tools/arm-gnu-toolchain-14.2.rel1-x86_64-arm-none-eabi/bin/../lib/gcc/arm-none-eabi/14.2.1/../../../../arm-none-eabi/lib/thumb/v7e-m+fp/hard/libc_nano.a(libc_a-fstatr.o)
                0x000056dc                _fstat_r
 .text._isatty_r
                0x00005700       0x20 /usr/workdir/tools/arm-gnu-toolchain-14.2.rel1-x86_64-arm-none-eabi/bin/../lib/gcc/arm-none-eabi/14.2.1/../../../../arm-none-eabi/lib/thumb/v7e-m+fp/hard/libc_nano.a(libc_a-isattyr.o)
                0x00005700                _isatty_r
 .text._close   0x00005720       0x10 /usr/workdir/tools/arm-gnu-toolchain-14.2.rel1-x86_64-arm-none-eabi/bin/../lib/gcc/arm-none-eabi/14.2.1/../../../../arm-none-eabi/lib/thumb/v7e-m+fp/hard/libnosys.a(close.o)
                0x00005720                _close
 .text._fstat   0x00005730       0x10 /usr/workdir/tools/arm-gnu-toolchain-14.2.rel1-x86_64-arm-none-eabi/bin/../lib/gcc/arm-none-eabi/14.2.1/../../../../arm-none-eabi/lib/thumb/v7e-m+fp/hard/libnosys.a(fstat.o)
                0x00005730                _fstat
 .text._isatty  0x00005740       0x10 /usr/workdir/tools/arm-gnu-toolchain-14.2.rel1-x86_64-arm-none-eabi/bin/../lib/gcc/arm-none-eabi/14.2.1/../../../../arm-none-eabi/lib/thumb/v7e-m+fp/hard/libnosys.a(isatty.o)
                0x00005740                _isatty
 .text._lseek   0x00005750       0x10 /usr/workdir/tools/arm-gnu-toolchain-14.2.rel1-x86_64-arm-none-eabi/bin/../lib/gcc/arm-none-eabi/14.2.1/../../../../arm-none-eabi/lib/thumb/v7e-m+fp/hard/libnosys.a(lseek.o)
                0x00005750                _lseek
 .text._sbrk    0x00005760       0x1c /usr/workdir/tools/arm-gnu-toolchain-14.2.rel1-x86_64-arm-none-eabi/bin/../lib/gcc/arm-none-eabi/14.2.1/../../../../arm-none-eabi/lib/thumb/v7e-m+fp/hard/libnosys.a(sbrk.o)
                0x00005760                _sbrk
 .text._exit    0x0000577c        0x4 /usr/workdir/tools/arm-gnu-toolchain-14.2.rel1-x86_64-arm-none-eabi/bin/../lib/gcc/arm-none-eabi/14.2.1/../../../../arm-none-eabi/lib/thumb/v7e-m+fp/hard/libnosys.a(_exit.o)
                0x0000577c                _exit
 .text          0x00005780      0x378 /usr/workdir/tools/arm-gnu-toolchain-14.2.rel1-x86_64-arm-none-eabi/bin/../lib/gcc/arm-none-eabi/14.2.1/thumb/v7e-m+fp/hard/libgcc.a(_arm_addsubdf3.o)
                0x00005780                __aeabi_drsub
                0x00005788                __aeabi_dsub
                0x00005788                __subdf3
                0x0000578c                __adddf3
                0x0000578c                __aeabi_dadd
                0x00005a04                __aeabi_ui2d
                0x00005a04                __floatunsidf
                0x00005a24                __floatsidf
                0x00005a24                __aeabi_i2d
                0x00005a48                __extendsfdf2
                0x00005a48                __aeabi_f2d
                0x00005a8c                __aeabi_ul2d
                0x00005a8c                __floatundidf
                0x00005a9c                __floatdidf
                0x00005a9c                __aeabi_l2d
 *(.init)
 .init          0x00005af8        0x4 /usr/workdir/tools/arm-gnu-toolchain-14.2.rel1-x86_64-arm-none-eabi/bin/../lib/gcc/arm-none-eabi/14.2.1/thumb/v7e-m+fp/hard/crti.o
                0x00005af8                _init
 .init          0x00005afc        0x8 /usr/workdir/tools/arm-gnu-toolchain-14.2.rel1-x86_64-arm-none-eabi/bin/../lib/gcc/arm-none-eabi/14.2.1/thumb/v7e-m+fp/hard/crtn.o
 *(.fini)
 .fini          0x00005b04        0x4 /usr/workdir/tools/arm-gnu-toolchain-14.2.rel1-x86_64-arm-none-eabi/bin/../lib/gcc/arm-none-eabi/14.2.1/thumb/v7e-m+fp/hard/crti.o
                0x00005b04                _fini
 .fini          0x00005b08        0x8 /usr/workdir/tools/arm-gnu-toolchain-14.2.rel1-x86_64-arm-none-eabi/bin/../lib/gcc/arm-none-eabi/14.2.1/thumb/v7e-m+fp/hard/crtn.o
 .fini.__stub   0x00005b10       0x28 linker stubs
 *crtbegin.o(.ctors)
 *crtbegin?.o(.ctors)
 *(EXCLUDE_FILE(*crtend.o *crtend?.o) .ctors)
 *(SORT_BY_NAME(.ctors.*))
 *(.ctors)
 *crtbegin.o(.dtors)
 *crtbegin?.o(.dtors)
 *(EXCLUDE_FILE(*crtend.o *crtend?.o) .dtors)
 *(SORT_BY_NAME(.dtors.*))
 *(.dtors)
 *(.rodata*)
 .rodata.nrf_log_frontend_dequeue.str1.4
                0x00005b38      0x492 build/nrf52840_xxaa/nrf_log_frontend.c.o
                                 0x11 (size before relaxing)
 .rodata.str1.4
                0x00005fca        0x4 build/nrf52840_xxaa/nrf_log_frontend.c.o
 *fill*         0x00005fca        0x2 
 .rodata.m_log_push_ringbuf
                0x00005fcc        0xc build/nrf52840_xxaa/nrf_log_frontend.c.o
 .rodata.app_error_fault_handler.str1.4
                0x00005fd8       0x19 build/nrf52840_xxaa/app_error_weak.c.o
 .rodata        0x00005fd8       0x20 build/nrf52840_xxaa/app_uart_fifo.c.o
 .rodata.str1.4
                0x00005ff8        0x4 build/nrf52840_xxaa/nrfx_prs.c.o
 .rodata.str1.4
                0x00005ff8        0x5 build/nrf52840_xxaa/nrfx_uart.c.o
 .rodata.str1.4
                0x00005ff8        0x6 build/nrf52840_xxaa/nrfx_uarte.c.o
 .rodata        0x00005ff8      0x8af build/nrf52840_xxaa/main.c.o
 *fill*         0x000068a7        0x1 
 .rodata.table.5
                0x000068a8      0x100 build/nrf52840_xxaa/main.c.o
 .rodata.str1.4
                0x000069a8        0x6 build/nrf52840_xxaa/nrf_drv_clock.c.o
 .rodata.str1.4
                0x000069a8        0x6 build/nrf52840_xxaa/nrfx_clock.c.o
 .rodata.str1.4
                0x000069a8        0x7 build/nrf52840_xxaa/nrfx_gpiote.c.o
 .rodata.uxTopUsedPriority
                0x000069a8        0x4 build/nrf52840_xxaa/tasks.c.o
 .rodata.xTimerCreateTimerTask.str1.4
                0x000069ac       0x10 build/nrf52840_xxaa/timers.c.o
 .rodata.str1.4
                0x000069ac      0x2c0 build/nrf52840_xxaa/hp_manager.c.o
 .rodata.hp_patchable_memory_regions
                0x000069ac        0x8 build/nrf52840_xxaa/hp_manager.c.o
 .rodata.str1.4
                0x000069b4       0x4b build/nrf52840_xxaa/hp_code.c.o
 .rodata.hp_guard_region_firmware
                0x000069b4       0x14 build/nrf52840_xxaa/hp_guard.c.o
                0x000069b4                hp_guard_region_firmware
 .rodata.hp_guard_region_hp_code
                0x000069c8       0x14 build/nrf52840_xxaa/hp_guard.c.o
                0x000069c8                hp_guard_region_hp_code
 .rodata.hp_guard_region_hp_slots
                0x000069dc       0x14 build/nrf52840_xxaa/hp_guard.c.o
                0x000069dc                hp_guard_region_hp_slots
 .rodata.hp_guard_region_hp_context
                0x000069f0       0x14 build/nrf52840_xxaa/hp_guard.c.o
                0x000069f0                hp_guard_region_hp_context
 .rodata.str1.4
                0x00006a04       0xdb build/nrf52840_xxaa/hp_slot.c.o
 .rodata.hp_memmanage_handler.str1.4
                0x00006a04       0x3a build/nrf52840_xxaa/hp_exception.c.o
 .rodata._vfprintf_r.str1.1
                0x00006a04       0x33 /usr/workdir/tools/arm-gnu-toolchain-14.2.rel1-x86_64-arm-none-eabi/bin/../lib/gcc/arm-none-eabi/14.2.1/../../../../arm-none-eabi/lib/thumb/v7e-m+fp/hard/libc_nano.a(libc_a-nano-vfprintf.o)
                                 0x11 (size before relaxing)
 .rodata._printf_i.str1.1
                0x00006a37       0x22 /usr/workdir/tools/arm-gnu-toolchain-14.2.rel1-x86_64-arm-none-eabi/bin/../lib/gcc/arm-none-eabi/14.2.1/../../../../arm-none-eabi/lib/thumb/v7e-m+fp/hard/libc_nano.a(libc_a-nano-vfprintf_i.o)
 *(.eh_frame*)
 *fill*         0x00006a37        0x1 
 .eh_frame      0x00006a38        0x0 /usr/workdir/tools/arm-gnu-toolchain-14.2.rel1-x86_64-arm-none-eabi/bin/../lib/gcc/arm-none-eabi/14.2.1/thumb/v7e-m+fp/hard/crtbegin.o
 .eh_frame      0x00006a38        0x4 /usr/workdir/tools/arm-gnu-toolchain-14.2.rel1-x86_64-arm-none-eabi/bin/../lib/gcc/arm-none-eabi/14.2.1/thumb/v7e-m+fp/hard/crtend.o

.glue_7         0x00006a3c        0x0
 .glue_7        0x00006a3c        0x0 linker stubs

.glue_7t        0x00006a3c        0x0
 .glue_7t       0x00006a3c        0x0 linker stubs

.vfp11_veneer   0x00006a3c        0x0
 .vfp11_veneer  0x00006a3c        0x0 linker stubs

.v4_bx          0x00006a3c        0x0
 .v4_bx         0x00006a3c        0x0 linker stubs

.iplt           0x00006a3c        0x0
 .iplt          0x00006a3c        0x0 /usr/workdir/tools/arm-gnu-toolchain-14.2.rel1-x86_64-arm-none-eabi/bin/../lib/gcc/arm-none-eabi/14.2.1/thumb/v7e-m+fp/hard/crtbegin.o

.mem_section_dummy_rom

.log_const_data
                0x00006a3c       0x38
                0x00006a3c                        PROVIDE (__start_log_const_data = .)
 *(SORT_BY_NAME(.log_const_data*))
 .log_const_data_CLOCK
                0x00006a3c        0x8 build/nrf52840_xxaa/nrfx_clock.c.o
                0x00006a3c                m_nrf_log_CLOCK_logs_data_const
 .log_const_data_GPIOTE
                0x00006a44        0x8 build/nrf52840_xxaa/nrfx_gpiote.c.o
                0x00006a44                m_nrf_log_GPIOTE_logs_data_const
 .log_const_data_PRS
                0x00006a4c        0x8 build/nrf52840_xxaa/nrfx_prs.c.o
                0x00006a4c                m_nrf_log_PRS_logs_data_const
 .log_const_data_UART
                0x00006a54        0x8 build/nrf52840_xxaa/nrfx_uart.c.o
                0x00006a54                m_nrf_log_UART_logs_data_const
 .log_const_data_UARTE
                0x00006a5c        0x8 build/nrf52840_xxaa/nrfx_uarte.c.o
                0x00006a5c                m_nrf_log_UARTE_logs_data_const
 .log_const_data_app
                0x00006a64        0x8 build/nrf52840_xxaa/nrf_log_frontend.c.o
                0x00006a64                m_nrf_log_app_logs_data_const
 .log_const_data_clock
                0x00006a6c        0x8 build/nrf52840_xxaa/nrf_drv_clock.c.o
                0x00006a6c                m_nrf_log_clock_logs_data_const
                0x00006a74                        PROVIDE (__stop_log_const_data = .)

.log_backends   0x00006a74        0x0
                [!provide]                        PROVIDE (__start_log_backends = .)
 *(SORT_BY_NAME(.log_backends*))
                [!provide]                        PROVIDE (__stop_log_backends = .)

.nrf_balloc     0x00006a74       0x14
                [!provide]                        PROVIDE (__start_nrf_balloc = .)
 *(.nrf_balloc)
 .nrf_balloc    0x00006a74       0x14 build/nrf52840_xxaa/nrf_log_frontend.c.o
                0x00006a74                log_mempool
                [!provide]                        PROVIDE (__stop_nrf_balloc = .)

.ARM.extab
 *(.ARM.extab* .gnu.linkonce.armextab.*)
                0x00006a88                        __exidx_start = .

.ARM.exidx      0x00006a88        0x8
 *(.ARM.exidx* .gnu.linkonce.armexidx.*)
 .ARM.exidx     0x00006a88        0x8 /usr/workdir/tools/arm-gnu-toolchain-14.2.rel1-x86_64-arm-none-eabi/bin/../lib/gcc/arm-none-eabi/14.2.1/../../../../arm-none-eabi/lib/thumb/v7e-m+fp/hard/crt0.o
                                 0x10 (size before relaxing)
 .ARM.exidx     0x00006a90        0x0 /usr/workdir/tools/arm-gnu-toolchain-14.2.rel1-x86_64-arm-none-eabi/bin/../lib/gcc/arm-none-eabi/14.2.1/../../../../arm-none-eabi/lib/thumb/v7e-m+fp/hard/libc_nano.a(libc_a-memchr.o)
                                  0x8 (size before relaxing)
                0x00006a90                        __exidx_end = .

.rel.dyn        0x00006a90        0x0
 .rel.iplt      0x00006a90        0x0 /usr/workdir/tools/arm-gnu-toolchain-14.2.rel1-x86_64-arm-none-eabi/bin/../lib/gcc/arm-none-eabi/14.2.1/thumb/v7e-m+fp/hard/crtbegin.o
                0x00006a90                        . = ALIGN (0x4)
                0x00006a90                        __etext = .

.data           0x20008000       0xcc load address 0x00006a90
                0x20008000                        __data_start__ = .
 *(vtable)
 *(.data*)
 .data.app_uart_inst
                0x20008000       0x14 build/nrf52840_xxaa/app_uart_fifo.c.o
 .data.SystemCoreClock
                0x20008014        0x4 build/nrf52840_xxaa/system_nrf52.c.o
                0x20008014                SystemCoreClock
 .data.mpu_region_defs
                0x20008018       0x40 build/nrf52840_xxaa/hp_freertos_mpu.c.o
                0x20008018                mpu_region_defs
 .data.kintsugi_diag
                0x20008058       0x10 build/nrf52840_xxaa/hp_exception.c.o
                0x20008058                kintsugi_fault_cyccnt
                0x2000805c                kintsugi_attack_cyccnt
                0x20008060                kintsugi_last_mmfaddr
                0x20008064                kintsugi_memmanage_count
 .data.__sglue  0x20008068        0xc /usr/workdir/tools/arm-gnu-toolchain-14.2.rel1-x86_64-arm-none-eabi/bin/../lib/gcc/arm-none-eabi/14.2.1/../../../../arm-none-eabi/lib/thumb/v7e-m+fp/hard/libc_nano.a(libc_a-findfp.o)
                0x20008068                __sglue
 .data._impure_ptr
                0x20008074        0x4 /usr/workdir/tools/arm-gnu-toolchain-14.2.rel1-x86_64-arm-none-eabi/bin/../lib/gcc/arm-none-eabi/14.2.1/../../../../arm-none-eabi/lib/thumb/v7e-m+fp/hard/libc_nano.a(libc_a-impure.o)
                0x20008074                _impure_ptr
 .data._impure_data
                0x20008078       0x4c /usr/workdir/tools/arm-gnu-toolchain-14.2.rel1-x86_64-arm-none-eabi/bin/../lib/gcc/arm-none-eabi/14.2.1/../../../../arm-none-eabi/lib/thumb/v7e-m+fp/hard/libc_nano.a(libc_a-impure.o)
                0x20008078                _impure_data
                0x200080c4                        . = ALIGN (0x4)
                0x200080c4                        PROVIDE (__preinit_array_start = .)
 *(.preinit_array)
                0x200080c4                        PROVIDE (__preinit_array_end = .)
                0x200080c4                        . = ALIGN (0x4)
                0x200080c4                        PROVIDE (__init_array_start = .)
 *(SORT_BY_NAME(.init_array.*))
 *(.init_array)
 .init_array    0x200080c4        0x4 /usr/workdir/tools/arm-gnu-toolchain-14.2.rel1-x86_64-arm-none-eabi/bin/../lib/gcc/arm-none-eabi/14.2.1/thumb/v7e-m+fp/hard/crtbegin.o
                0x200080c8                        PROVIDE (__init_array_end = .)
                0x200080c8                        . = ALIGN (0x4)
                [!provide]                        PROVIDE (__fini_array_start = .)
 *(SORT_BY_NAME(.fini_array.*))
 *(.fini_array)
 .fini_array    0x200080c8        0x4 /usr/workdir/tools/arm-gnu-toolchain-14.2.rel1-x86_64-arm-none-eabi/bin/../lib/gcc/arm-none-eabi/14.2.1/thumb/v7e-m+fp/hard/crtbegin.o
                [!provide]                        PROVIDE (__fini_array_end = .)
 *(.jcr*)
                0x200080cc                        . = ALIGN (0x4)
                0x200080cc                        __data_end__ = .
LOAD /usr/workdir/tools/arm-gnu-toolchain-14.2.rel1-x86_64-arm-none-eabi/bin/../lib/gcc/arm-none-eabi/14.2.1/thumb/v7e-m+fp/hard/crti.o
LOAD /usr/workdir/tools/arm-gnu-toolchain-14.2.rel1-x86_64-arm-none-eabi/bin/../lib/gcc/arm-none-eabi/14.2.1/thumb/v7e-m+fp/hard/crtbegin.o
LOAD /usr/workdir/tools/arm-gnu-toolchain-14.2.rel1-x86_64-arm-none-eabi/bin/../lib/gcc/arm-none-eabi/14.2.1/../../../../arm-none-eabi/lib/thumb/v7e-m+fp/hard/crt0.o
LOAD build/nrf52840_xxaa/gcc_startup_nrf52.S.o
LOAD build/nrf52840_xxaa/nrf_log_backend_rtt.c.o
LOAD build/nrf52840_xxaa/nrf_log_backend_serial.c.o
LOAD build/nrf52840_xxaa/nrf_log_default_backends.c.o
LOAD build/nrf52840_xxaa/nrf_log_frontend.c.o
LOAD build/nrf52840_xxaa/nrf_log_str_formatter.c.o
LOAD build/nrf52840_xxaa/boards.c.o
LOAD build/nrf52840_xxaa/app_error.c.o
LOAD build/nrf52840_xxaa/app_error_handler_gcc.c.o
LOAD build/nrf52840_xxaa/app_error_weak.c.o
LOAD build/nrf52840_xxaa/app_fifo.c.o
LOAD build/nrf52840_xxaa/app_uart_fifo.c.o
LOAD build/nrf52840_xxaa/app_util_platform.c.o
LOAD build/nrf52840_xxaa/app_button.c.o
LOAD build/nrf52840_xxaa/nrf_assert.c.o
LOAD build/nrf52840_xxaa/nrf_atomic.c.o
LOAD build/nrf52840_xxaa/nrf_balloc.c.o
LOAD build/nrf52840_xxaa/nrf_fprintf.c.o
LOAD build/nrf52840_xxaa/nrf_fprintf_format.c.o
LOAD build/nrf52840_xxaa/nrf_memobj.c.o
LOAD build/nrf52840_xxaa/nrf_ringbuf.c.o
LOAD build/nrf52840_xxaa/nrf_strerror.c.o
LOAD build/nrf52840_xxaa/retarget.c.o
LOAD build/nrf52840_xxaa/nrf_drv_uart.c.o
LOAD build/nrf52840_xxaa/nrfx_atomic.c.o
LOAD build/nrf52840_xxaa/nrfx_prs.c.o
LOAD build/nrf52840_xxaa/nrfx_uart.c.o
LOAD build/nrf52840_xxaa/nrfx_uarte.c.o
LOAD build/nrf52840_xxaa/main.c.o
LOAD build/nrf52840_xxaa/system_nrf52.c.o
LOAD build/nrf52840_xxaa/nrf_drv_clock.c.o
LOAD build/nrf52840_xxaa/nrf_nvic.c.o
LOAD build/nrf52840_xxaa/nrf_soc.c.o
LOAD build/nrf52840_xxaa/nrfx_clock.c.o
LOAD build/nrf52840_xxaa/nrfx_gpiote.c.o
LOAD build/nrf52840_xxaa/croutine.c.o
LOAD build/nrf52840_xxaa/event_groups.c.o
LOAD build/nrf52840_xxaa/heap_4.c.o
LOAD build/nrf52840_xxaa/list.c.o
LOAD build/nrf52840_xxaa/queue.c.o
LOAD build/nrf52840_xxaa/stream_buffer.c.o
LOAD build/nrf52840_xxaa/tasks.c.o
LOAD build/nrf52840_xxaa/timers.c.o
LOAD build/nrf52840_xxaa/app_timer_freertos.c.o
LOAD build/nrf52840_xxaa/port.c.o
LOAD build/nrf52840_xxaa/port_cmsis.c.o
LOAD build/nrf52840_xxaa/port_cmsis_systick.c.o
LOAD build/nrf52840_xxaa/sample.c.o
LOAD build/nrf52840_xxaa/hp_manager.c.o
LOAD build/nrf52840_xxaa/hp_applicator.c.o
LOAD build/nrf52840_xxaa/hp_code.c.o
LOAD build/nrf52840_xxaa/hp_guard.c.o
LOAD build/nrf52840_xxaa/hp_slot.c.o
LOAD build/nrf52840_xxaa/hp_freertos_mpu.c.o
LOAD build/nrf52840_xxaa/hp_exception.c.o
LOAD build/nrf52840_xxaa/hp_measure.c.o
LOAD /usr/workdir/tools/arm-gnu-toolchain-14.2.rel1-x86_64-arm-none-eabi/bin/../lib/gcc/arm-none-eabi/14.2.1/../../../../arm-none-eabi/lib/thumb/v7e-m+fp/hard/libc_nano.a
LOAD /usr/workdir/tools/arm-gnu-toolchain-14.2.rel1-x86_64-arm-none-eabi/bin/../lib/gcc/arm-none-eabi/14.2.1/../../../../arm-none-eabi/lib/thumb/v7e-m+fp/hard/libnosys.a
LOAD /usr/workdir/tools/arm-gnu-toolchain-14.2.rel1-x86_64-arm-none-eabi/bin/../lib/gcc/arm-none-eabi/14.2.1/../../../../arm-none-eabi/lib/thumb/v7e-m+fp/hard/libm.a
START GROUP
LOAD /usr/workdir/tools/arm-gnu-toolchain-14.2.rel1-x86_64-arm-none-eabi/bin/../lib/gcc/arm-none-eabi/14.2.1/thumb/v7e-m+fp/hard/libgcc.a
LOAD /usr/workdir/tools/arm-gnu-toolchain-14.2.rel1-x86_64-arm-none-eabi/bin/../lib/gcc/arm-none-eabi/14.2.1/../../../../arm-none-eabi/lib/thumb/v7e-m+fp/hard/libg_nano.a
LOAD /usr/workdir/tools/arm-gnu-toolchain-14.2.rel1-x86_64-arm-none-eabi/bin/../lib/gcc/arm-none-eabi/14.2.1/../../../../arm-none-eabi/lib/thumb/v7e-m+fp/hard/libc_nano.a
END GROUP
START GROUP
LOAD /usr/workdir/tools/arm-gnu-toolchain-14.2.rel1-x86_64-arm-none-eabi/bin/../lib/gcc/arm-none-eabi/14.2.1/thumb/v7e-m+fp/hard/libgcc.a
LOAD /usr/workdir/tools/arm-gnu-toolchain-14.2.rel1-x86_64-arm-none-eabi/bin/../lib/gcc/arm-none-eabi/14.2.1/../../../../arm-none-eabi/lib/thumb/v7e-m+fp/hard/libc_nano.a
END GROUP
LOAD /usr/workdir/tools/arm-gnu-toolchain-14.2.rel1-x86_64-arm-none-eabi/bin/../lib/gcc/arm-none-eabi/14.2.1/thumb/v7e-m+fp/hard/crtend.o
LOAD /usr/workdir/tools/arm-gnu-toolchain-14.2.rel1-x86_64-arm-none-eabi/bin/../lib/gcc/arm-none-eabi/14.2.1/thumb/v7e-m+fp/hard/crtn.o
START GROUP
LOAD /usr/workdir/tools/arm-gnu-toolchain-14.2.rel1-x86_64-arm-none-eabi/bin/../lib/gcc/arm-none-eabi/14.2.1/thumb/v7e-m+fp/hard/libgcc.a
LOAD /usr/workdir/tools/arm-gnu-toolchain-14.2.rel1-x86_64-arm-none-eabi/bin/../lib/gcc/arm-none-eabi/14.2.1/../../../../arm-none-eabi/lib/thumb/v7e-m+fp/hard/libc.a
LOAD /usr/workdir/tools/arm-gnu-toolchain-14.2.rel1-x86_64-arm-none-eabi/bin/../lib/gcc/arm-none-eabi/14.2.1/../../../../arm-none-eabi/lib/thumb/v7e-m+fp/hard/libnosys.a
END GROUP

.tm_clone_table
                0x200080cc        0x0 load address 0x00006b5c
 .tm_clone_table
                0x200080cc        0x0 /usr/workdir/tools/arm-gnu-toolchain-14.2.rel1-x86_64-arm-none-eabi/bin/../lib/gcc/arm-none-eabi/14.2.1/thumb/v7e-m+fp/hard/crtbegin.o
 .tm_clone_table
                0x200080cc        0x0 /usr/workdir/tools/arm-gnu-toolchain-14.2.rel1-x86_64-arm-none-eabi/bin/../lib/gcc/arm-none-eabi/14.2.1/thumb/v7e-m+fp/hard/crtend.o

.igot.plt       0x200080cc        0x0 load address 0x00006b5c
 .igot.plt      0x200080cc        0x0 /usr/workdir/tools/arm-gnu-toolchain-14.2.rel1-x86_64-arm-none-eabi/bin/../lib/gcc/arm-none-eabi/14.2.1/thumb/v7e-m+fp/hard/crtbegin.o
                0x200080cc                        . = ALIGN (0x4)

.mem_section_dummy_ram

.log_dynamic_data
                0x200080cc        0x0
                0x200080cc                        PROVIDE (__start_log_dynamic_data = .)
 *(SORT_BY_NAME(.log_dynamic_data*))
                [!provide]                        PROVIDE (__stop_log_dynamic_data = .)

.log_filter_data
                0x200080cc        0x0
                [!provide]                        PROVIDE (__start_log_filter_data = .)
 *(SORT_BY_NAME(.log_filter_data*))
                [!provide]                        PROVIDE (__stop_log_filter_data = .)

.bss            0x200080d0     0xa988 load address 0x00006b60
                0x200080d0                        . = ALIGN (0x4)
                0x200080d0                        __bss_start__ = .
 *(.bss*)
 .bss.completed.1
                0x200080d0        0x1 /usr/workdir/tools/arm-gnu-toolchain-14.2.rel1-x86_64-arm-none-eabi/bin/../lib/gcc/arm-none-eabi/14.2.1/thumb/v7e-m+fp/hard/crtbegin.o
 *fill*         0x200080d1        0x3 
 .bss.object.0  0x200080d4       0x18 /usr/workdir/tools/arm-gnu-toolchain-14.2.rel1-x86_64-arm-none-eabi/bin/../lib/gcc/arm-none-eabi/14.2.1/thumb/v7e-m+fp/hard/crtbegin.o
 .bss.m_log_data
                0x200080ec     0x2020 build/nrf52840_xxaa/nrf_log_frontend.c.o
 .bss.m_log_push_ringbuf_cb
                0x2000a10c       0x18 build/nrf52840_xxaa/nrf_log_frontend.c.o
 .bss.m_log_push_ringbuf_buf
                0x2000a124      0x400 build/nrf52840_xxaa/nrf_log_frontend.c.o
 .bss.log_mempool_nrf_balloc_cb
                0x2000a524        0x8 build/nrf52840_xxaa/nrf_log_frontend.c.o
 .bss.log_mempool_nrf_balloc_pool_mem
                0x2000a52c       0xc0 build/nrf52840_xxaa/nrf_log_frontend.c.o
 .bss.log_mempool_nrf_balloc_pool_stack
                0x2000a5ec        0x8 build/nrf52840_xxaa/nrf_log_frontend.c.o
 .bss.m_tx_fifo
                0x2000a5f4       0x10 build/nrf52840_xxaa/app_uart_fifo.c.o
 .bss.m_rx_fifo
                0x2000a604       0x10 build/nrf52840_xxaa/app_uart_fifo.c.o
 .bss.m_rx_ovf  0x2000a614        0x1 build/nrf52840_xxaa/app_uart_fifo.c.o
 *fill*         0x2000a615        0x3 
 .bss.rx_buffer
                0x2000a618        0x1 build/nrf52840_xxaa/app_uart_fifo.c.o
 *fill*         0x2000a619        0x3 
 .bss.tx_buffer
                0x2000a61c        0x1 build/nrf52840_xxaa/app_uart_fifo.c.o
 *fill*         0x2000a61d        0x3 
 .bss.m_event_handler
                0x2000a620        0x4 build/nrf52840_xxaa/app_uart_fifo.c.o
 .bss.m_in_critical_region
                0x2000a624        0x4 build/nrf52840_xxaa/app_util_platform.c.o
 .bss.nrf_drv_uart_use_easy_dma
                0x2000a628        0x2 build/nrf52840_xxaa/nrf_drv_uart.c.o
                0x2000a628                nrf_drv_uart_use_easy_dma
 *fill*         0x2000a62a        0x2 
 .bss.m_contexts
                0x2000a62c        0x8 build/nrf52840_xxaa/nrf_drv_uart.c.o
 .bss.m_handlers
                0x2000a634        0x8 build/nrf52840_xxaa/nrf_drv_uart.c.o
 .bss.m_prs_box_4
                0x2000a63c        0x8 build/nrf52840_xxaa/nrfx_prs.c.o
 *fill*         0x2000a644        0x4 
 .bss.m_cb      0x2000a648       0x2c build/nrf52840_xxaa/nrfx_uart.c.o
 *fill*         0x2000a674        0x4 
 .bss.m_cb      0x2000a678       0x24 build/nrf52840_xxaa/nrfx_uarte.c.o
 .bss.raw_t.0   0x2000a69c        0x4 build/nrf52840_xxaa/main.c.o
 .bss.raw_i.1   0x2000a6a0        0x4 build/nrf52840_xxaa/main.c.o
 .bss.raw_v.2   0x2000a6a4        0x4 build/nrf52840_xxaa/main.c.o
 .bss.init.3    0x2000a6a8        0x1 build/nrf52840_xxaa/main.c.o
 *fill*         0x2000a6a9        0x3 
 .bss.cycle_counter.4
                0x2000a6ac        0x4 build/nrf52840_xxaa/main.c.o
 .bss.tx_buf.6  0x2000a6b0      0x800 build/nrf52840_xxaa/main.c.o
 .bss.rx_buf.7  0x2000aeb0      0x800 build/nrf52840_xxaa/main.c.o
 .bss.hp_manager_task_handle
                0x2000b6b0        0x4 build/nrf52840_xxaa/main.c.o
                0x2000b6b0                hp_manager_task_handle
 .bss.workload_task_handle
                0x2000b6b4        0x4 build/nrf52840_xxaa/main.c.o
                0x2000b6b4                workload_task_handle
 .bss.uart_rx_task_handle
                0x2000b6b8        0x4 build/nrf52840_xxaa/main.c.o
                0x2000b6b8                uart_rx_task_handle
 *fill*         0x2000b6bc        0x4 
 .bss.hotpatch_code
                0x2000b6c0       0x50 build/nrf52840_xxaa/main.c.o
                0x2000b6c0                hotpatch_code
 .bss.g_bms_last_seq
                0x2000b710        0x1 build/nrf52840_xxaa/main.c.o
 *fill*         0x2000b711        0x3 
 .bss.g_attack_latency_cycles
                0x2000b714        0x4 build/nrf52840_xxaa/main.c.o
 .bss.g_attack_end_cyccnt
                0x2000b718        0x4 build/nrf52840_xxaa/main.c.o
 .bss.g_task_heartbeat
                0x2000b71c        0x4 build/nrf52840_xxaa/main.c.o
 .bss.g_progress_flags
                0x2000b720        0x4 build/nrf52840_xxaa/main.c.o
 .bss.g_boot_flag
                0x2000b724        0x4 build/nrf52840_xxaa/main.c.o
 .bss.g_bms_faults
                0x2000b728        0x5 build/nrf52840_xxaa/main.c.o
 *fill*         0x2000b72d        0x3 
 .bss.g_bms_state
                0x2000b730       0x14 build/nrf52840_xxaa/main.c.o
 .bss.m_clock_cb
                0x2000b744       0x14 build/nrf52840_xxaa/nrf_drv_clock.c.o
 .bss.m_clock_cb
                0x2000b758        0x8 build/nrf52840_xxaa/nrfx_clock.c.o
 .bss.m_cb      0x2000b760       0x5c build/nrf52840_xxaa/nrfx_gpiote.c.o
 .bss.xNumberOfSuccessfulFrees
                0x2000b7bc        0x4 build/nrf52840_xxaa/heap_4.c.o
 .bss.xNumberOfSuccessfulAllocations
                0x2000b7c0        0x4 build/nrf52840_xxaa/heap_4.c.o
 .bss.xMinimumEverFreeBytesRemaining
                0x2000b7c4        0x4 build/nrf52840_xxaa/heap_4.c.o
 .bss.xFreeBytesRemaining
                0x2000b7c8        0x4 build/nrf52840_xxaa/heap_4.c.o
 .bss.pxEnd     0x2000b7cc        0x4 build/nrf52840_xxaa/heap_4.c.o
 .bss.xStart    0x2000b7d0        0x8 build/nrf52840_xxaa/heap_4.c.o
 .bss.ucHeap    0x2000b7d8     0x7000 build/nrf52840_xxaa/heap_4.c.o
 .bss.xQueueRegistry
                0x200127d8       0x10 build/nrf52840_xxaa/queue.c.o
                0x200127d8                xQueueRegistry
 .bss.uxSchedulerSuspended
                0x200127e8        0x4 build/nrf52840_xxaa/tasks.c.o
 .bss.xIdleTaskHandles
                0x200127ec        0x4 build/nrf52840_xxaa/tasks.c.o
 .bss.xNextTaskUnblockTime
                0x200127f0        0x4 build/nrf52840_xxaa/tasks.c.o
 .bss.uxTaskNumber
                0x200127f4        0x4 build/nrf52840_xxaa/tasks.c.o
 .bss.xNumOfOverflows
                0x200127f8        0x4 build/nrf52840_xxaa/tasks.c.o
 .bss.xYieldPendings
                0x200127fc        0x4 build/nrf52840_xxaa/tasks.c.o
 .bss.xPendedTicks
                0x20012800        0x4 build/nrf52840_xxaa/tasks.c.o
 .bss.xSchedulerRunning
                0x20012804        0x4 build/nrf52840_xxaa/tasks.c.o
 .bss.uxTopReadyPriority
                0x20012808        0x4 build/nrf52840_xxaa/tasks.c.o
 .bss.xTickCount
                0x2001280c        0x4 build/nrf52840_xxaa/tasks.c.o
 .bss.uxCurrentNumberOfTasks
                0x20012810        0x4 build/nrf52840_xxaa/tasks.c.o
 .bss.xSuspendedTaskList
                0x20012814       0x14 build/nrf52840_xxaa/tasks.c.o
 .bss.uxDeletedTasksWaitingCleanUp
                0x20012828        0x4 build/nrf52840_xxaa/tasks.c.o
 .bss.xTasksWaitingTermination
                0x2001282c       0x14 build/nrf52840_xxaa/tasks.c.o
 .bss.xPendingReadyList
                0x20012840       0x14 build/nrf52840_xxaa/tasks.c.o
 .bss.pxOverflowDelayedTaskList
                0x20012854        0x4 build/nrf52840_xxaa/tasks.c.o
 .bss.pxDelayedTaskList
                0x20012858        0x4 build/nrf52840_xxaa/tasks.c.o
 .bss.xDelayedTaskList2
                0x2001285c       0x14 build/nrf52840_xxaa/tasks.c.o
 .bss.xDelayedTaskList1
                0x20012870       0x14 build/nrf52840_xxaa/tasks.c.o
 .bss.pxReadyTasksLists
                0x20012884       0x3c build/nrf52840_xxaa/tasks.c.o
 .bss.pxCurrentTCB
                0x200128c0        0x4 build/nrf52840_xxaa/tasks.c.o
                0x200128c0                pxCurrentTCB
 .bss.xLastTime.0
                0x200128c4        0x4 build/nrf52840_xxaa/timers.c.o
 .bss.xTimerTaskHandle
                0x200128c8        0x4 build/nrf52840_xxaa/timers.c.o
 .bss.xTimerQueue
                0x200128cc        0x4 build/nrf52840_xxaa/timers.c.o
 .bss.pxOverflowTimerList
                0x200128d0        0x4 build/nrf52840_xxaa/timers.c.o
 .bss.pxCurrentTimerList
                0x200128d4        0x4 build/nrf52840_xxaa/timers.c.o
 .bss.xActiveTimerList2
                0x200128d8       0x14 build/nrf52840_xxaa/timers.c.o
 .bss.xActiveTimerList1
                0x200128ec       0x14 build/nrf52840_xxaa/timers.c.o
 .bss.uxCriticalNesting
                0x20012900        0x4 build/nrf52840_xxaa/port_cmsis.c.o
 .bss.UART_PRINT_FLAG
                0x20012904        0x4 build/nrf52840_xxaa/hp_manager.c.o
                0x20012904                UART_PRINT_FLAG
 .bss.__sf      0x20012908      0x138 /usr/workdir/tools/arm-gnu-toolchain-14.2.rel1-x86_64-arm-none-eabi/bin/../lib/gcc/arm-none-eabi/14.2.1/../../../../arm-none-eabi/lib/thumb/v7e-m+fp/hard/libc_nano.a(libc_a-findfp.o)
                0x20012908                __sf
 .bss.__stdio_exit_handler
                0x20012a40        0x4 /usr/workdir/tools/arm-gnu-toolchain-14.2.rel1-x86_64-arm-none-eabi/bin/../lib/gcc/arm-none-eabi/14.2.1/../../../../arm-none-eabi/lib/thumb/v7e-m+fp/hard/libc_nano.a(libc_a-findfp.o)
                0x20012a40                __stdio_exit_handler
 .bss.errno     0x20012a44        0x4 /usr/workdir/tools/arm-gnu-toolchain-14.2.rel1-x86_64-arm-none-eabi/bin/../lib/gcc/arm-none-eabi/14.2.1/../../../../arm-none-eabi/lib/thumb/v7e-m+fp/hard/libc_nano.a(libc_a-reent.o)
                0x20012a44                errno
 .bss.__lock___malloc_recursive_mutex
                0x20012a48        0x1 /usr/workdir/tools/arm-gnu-toolchain-14.2.rel1-x86_64-arm-none-eabi/bin/../lib/gcc/arm-none-eabi/14.2.1/../../../../arm-none-eabi/lib/thumb/v7e-m+fp/hard/libc_nano.a(libc_a-lock.o)
                0x20012a48                __lock___malloc_recursive_mutex
 .bss.__lock___sfp_recursive_mutex
                0x20012a49        0x1 /usr/workdir/tools/arm-gnu-toolchain-14.2.rel1-x86_64-arm-none-eabi/bin/../lib/gcc/arm-none-eabi/14.2.1/../../../../arm-none-eabi/lib/thumb/v7e-m+fp/hard/libc_nano.a(libc_a-lock.o)
                0x20012a49                __lock___sfp_recursive_mutex
 *fill*         0x20012a4a        0x2 
 .bss.__malloc_sbrk_start
                0x20012a4c        0x4 /usr/workdir/tools/arm-gnu-toolchain-14.2.rel1-x86_64-arm-none-eabi/bin/../lib/gcc/arm-none-eabi/14.2.1/../../../../arm-none-eabi/lib/thumb/v7e-m+fp/hard/libc_nano.a(libc_a-mallocr.o)
                0x20012a4c                __malloc_sbrk_start
 .bss.__malloc_free_list
                0x20012a50        0x4 /usr/workdir/tools/arm-gnu-toolchain-14.2.rel1-x86_64-arm-none-eabi/bin/../lib/gcc/arm-none-eabi/14.2.1/../../../../arm-none-eabi/lib/thumb/v7e-m+fp/hard/libc_nano.a(libc_a-mallocr.o)
                0x20012a50                __malloc_free_list
 .bss.heap_end.0
                0x20012a54        0x4 /usr/workdir/tools/arm-gnu-toolchain-14.2.rel1-x86_64-arm-none-eabi/bin/../lib/gcc/arm-none-eabi/14.2.1/../../../../arm-none-eabi/lib/thumb/v7e-m+fp/hard/libnosys.a(sbrk.o)
 *(COMMON)
                0x20012a58                        . = ALIGN (0x4)
                0x20012a58                        __bss_end__ = .

.heap           0x20012a58     0x2000
                0x20012a58                        __HeapBase = .
                0x20012a58                        __end__ = .
                0x20012a58                        PROVIDE (end = .)
 *(.heap*)
 .heap          0x20012a58     0x2000 build/nrf52840_xxaa/gcc_startup_nrf52.S.o
                0x20014a58                        __HeapLimit = .

.stack_dummy    0x20012a58     0x2000
 *(.stack*)
 .stack         0x20012a58     0x2000 build/nrf52840_xxaa/gcc_startup_nrf52.S.o
                0x20040000                        __StackTop = (ORIGIN (RAM) + LENGTH (RAM))
                0x2003e000                        __StackLimit = (__StackTop - SIZEOF (.stack_dummy))
                0x20040000                        PROVIDE (__stack = __StackTop)
                0x00000001                        ASSERT ((__StackLimit >= __HeapLimit), region RAM overflowed with stack)
                0x000000d0                        DataInitFlashUsed = (__bss_start__ - __data_start__)
                0x00006a90                        CodeFlashUsed = (__etext - ORIGIN (FLASH))
                0x00006b60                        TotalFlashUsed = (CodeFlashUsed + DataInitFlashUsed)
                0x00000001                        ASSERT ((TotalFlashUsed <= LENGTH (FLASH)), region FLASH overflowed with .data and user data)
OUTPUT(build/nrf52840_xxaa.out elf32-littlearm)
LOAD linker stubs

.ARM.attributes
                0x00000000       0x30
 .ARM.attributes
                0x00000000       0x22 /usr/workdir/tools/arm-gnu-toolchain-14.2.rel1-x86_64-arm-none-eabi/bin/../lib/gcc/arm-none-eabi/14.2.1/thumb/v7e-m+fp/hard/crti.o
 .ARM.attributes
                0x00000022       0x34 /usr/workdir/tools/arm-gnu-toolchain-14.2.rel1-x86_64-arm-none-eabi/bin/../lib/gcc/arm-none-eabi/14.2.1/thumb/v7e-m+fp/hard/crtbegin.o
 .ARM.attributes
                0x00000056       0x20 /usr/workdir/tools/arm-gnu-toolchain-14.2.rel1-x86_64-arm-none-eabi/bin/../lib/gcc/arm-none-eabi/14.2.1/../../../../arm-none-eabi/lib/thumb/v7e-m+fp/hard/crt0.o
 .ARM.attributes
                0x00000076       0x20 build/nrf52840_xxaa/gcc_startup_nrf52.S.o
 .ARM.attributes
                0x00000096       0x34 build/nrf52840_xxaa/nrf_log_default_backends.c.o
 .ARM.attributes
                0x000000ca       0x34 build/nrf52840_xxaa/nrf_log_frontend.c.o
 .ARM.attributes
                0x000000fe       0x34 build/nrf52840_xxaa/app_error.c.o
 .ARM.attributes
                0x00000132       0x34 build/nrf52840_xxaa/app_error_weak.c.o
 .ARM.attributes
                0x00000166       0x34 build/nrf52840_xxaa/app_fifo.c.o
 .ARM.attributes
                0x0000019a       0x34 build/nrf52840_xxaa/app_uart_fifo.c.o
 .ARM.attributes
                0x000001ce       0x34 build/nrf52840_xxaa/app_util_platform.c.o
 .ARM.attributes
                0x00000202       0x34 build/nrf52840_xxaa/nrf_atomic.c.o
 .ARM.attributes
                0x00000236       0x34 build/nrf52840_xxaa/nrf_balloc.c.o
 .ARM.attributes
                0x0000026a       0x34 build/nrf52840_xxaa/nrf_memobj.c.o
 .ARM.attributes
                0x0000029e       0x34 build/nrf52840_xxaa/nrf_ringbuf.c.o
 .ARM.attributes
                0x000002d2       0x34 build/nrf52840_xxaa/retarget.c.o
 .ARM.attributes
                0x00000306       0x34 build/nrf52840_xxaa/nrf_drv_uart.c.o
 .ARM.attributes
                0x0000033a       0x34 build/nrf52840_xxaa/nrfx_prs.c.o
 .ARM.attributes
                0x0000036e       0x34 build/nrf52840_xxaa/nrfx_uart.c.o
 .ARM.attributes
                0x000003a2       0x34 build/nrf52840_xxaa/nrfx_uarte.c.o
 .ARM.attributes
                0x000003d6       0x34 build/nrf52840_xxaa/main.c.o
 .ARM.attributes
                0x0000040a       0x34 build/nrf52840_xxaa/system_nrf52.c.o
 .ARM.attributes
                0x0000043e       0x34 build/nrf52840_xxaa/nrf_drv_clock.c.o
 .ARM.attributes
                0x00000472       0x34 build/nrf52840_xxaa/nrfx_clock.c.o
 .ARM.attributes
                0x000004a6       0x34 build/nrf52840_xxaa/nrfx_gpiote.c.o
 .ARM.attributes
                0x000004da       0x34 build/nrf52840_xxaa/heap_4.c.o
 .ARM.attributes
                0x0000050e       0x34 build/nrf52840_xxaa/list.c.o
 .ARM.attributes
                0x00000542       0x34 build/nrf52840_xxaa/queue.c.o
 .ARM.attributes
                0x00000576       0x34 build/nrf52840_xxaa/tasks.c.o
 .ARM.attributes
                0x000005aa       0x34 build/nrf52840_xxaa/timers.c.o
 .ARM.attributes
                0x000005de       0x34 build/nrf52840_xxaa/port.c.o
 .ARM.attributes
                0x00000612       0x34 build/nrf52840_xxaa/port_cmsis.c.o
 .ARM.attributes
                0x00000646       0x34 build/nrf52840_xxaa/port_cmsis_systick.c.o
 .ARM.attributes
                0x0000067a       0x34 build/nrf52840_xxaa/hp_manager.c.o
 .ARM.attributes
                0x000006ae       0x34 build/nrf52840_xxaa/hp_applicator.c.o
 .ARM.attributes
                0x000006e2       0x34 build/nrf52840_xxaa/hp_code.c.o
 .ARM.attributes
                0x00000716       0x34 build/nrf52840_xxaa/hp_guard.c.o
 .ARM.attributes
                0x0000074a       0x34 build/nrf52840_xxaa/hp_slot.c.o
 .ARM.attributes
                0x0000077e       0x34 build/nrf52840_xxaa/hp_freertos_mpu.c.o
 .ARM.attributes
                0x000007b2       0x34 build/nrf52840_xxaa/hp_exception.c.o
 .ARM.attributes
                0x000007e6       0x34 /usr/workdir/tools/arm-gnu-toolchain-14.2.rel1-x86_64-arm-none-eabi/bin/../lib/gcc/arm-none-eabi/14.2.1/../../../../arm-none-eabi/lib/thumb/v7e-m+fp/hard/libc_nano.a(libc_a-exit.o)
 .ARM.attributes
                0x0000081a       0x34 /usr/workdir/tools/arm-gnu-toolchain-14.2.rel1-x86_64-arm-none-eabi/bin/../lib/gcc/arm-none-eabi/14.2.1/../../../../arm-none-eabi/lib/thumb/v7e-m+fp/hard/libc_nano.a(libc_a-findfp.o)
 .ARM.attributes
                0x0000084e       0x34 /usr/workdir/tools/arm-gnu-toolchain-14.2.rel1-x86_64-arm-none-eabi/bin/../lib/gcc/arm-none-eabi/14.2.1/../../../../arm-none-eabi/lib/thumb/v7e-m+fp/hard/libc_nano.a(libc_a-fwalk.o)
 .ARM.attributes
                0x00000882       0x34 /usr/workdir/tools/arm-gnu-toolchain-14.2.rel1-x86_64-arm-none-eabi/bin/../lib/gcc/arm-none-eabi/14.2.1/../../../../arm-none-eabi/lib/thumb/v7e-m+fp/hard/libc_nano.a(libc_a-printf.o)
 .ARM.attributes
                0x000008b6       0x34 /usr/workdir/tools/arm-gnu-toolchain-14.2.rel1-x86_64-arm-none-eabi/bin/../lib/gcc/arm-none-eabi/14.2.1/../../../../arm-none-eabi/lib/thumb/v7e-m+fp/hard/libc_nano.a(libc_a-stdio.o)
 .ARM.attributes
                0x000008ea       0x34 /usr/workdir/tools/arm-gnu-toolchain-14.2.rel1-x86_64-arm-none-eabi/bin/../lib/gcc/arm-none-eabi/14.2.1/../../../../arm-none-eabi/lib/thumb/v7e-m+fp/hard/libc_nano.a(libc_a-memset.o)
 .ARM.attributes
                0x0000091e       0x34 /usr/workdir/tools/arm-gnu-toolchain-14.2.rel1-x86_64-arm-none-eabi/bin/../lib/gcc/arm-none-eabi/14.2.1/../../../../arm-none-eabi/lib/thumb/v7e-m+fp/hard/libc_nano.a(libc_a-closer.o)
 .ARM.attributes
                0x00000952       0x34 /usr/workdir/tools/arm-gnu-toolchain-14.2.rel1-x86_64-arm-none-eabi/bin/../lib/gcc/arm-none-eabi/14.2.1/../../../../arm-none-eabi/lib/thumb/v7e-m+fp/hard/libc_nano.a(libc_a-reent.o)
 .ARM.attributes
                0x00000986       0x34 /usr/workdir/tools/arm-gnu-toolchain-14.2.rel1-x86_64-arm-none-eabi/bin/../lib/gcc/arm-none-eabi/14.2.1/../../../../arm-none-eabi/lib/thumb/v7e-m+fp/hard/libc_nano.a(libc_a-impure.o)
 .ARM.attributes
                0x000009ba       0x34 /usr/workdir/tools/arm-gnu-toolchain-14.2.rel1-x86_64-arm-none-eabi/bin/../lib/gcc/arm-none-eabi/14.2.1/../../../../arm-none-eabi/lib/thumb/v7e-m+fp/hard/libc_nano.a(libc_a-lseekr.o)
 .ARM.attributes
                0x000009ee       0x34 /usr/workdir/tools/arm-gnu-toolchain-14.2.rel1-x86_64-arm-none-eabi/bin/../lib/gcc/arm-none-eabi/14.2.1/../../../../arm-none-eabi/lib/thumb/v7e-m+fp/hard/libc_nano.a(libc_a-readr.o)
 .ARM.attributes
                0x00000a22       0x34 /usr/workdir/tools/arm-gnu-toolchain-14.2.rel1-x86_64-arm-none-eabi/bin/../lib/gcc/arm-none-eabi/14.2.1/../../../../arm-none-eabi/lib/thumb/v7e-m+fp/hard/libc_nano.a(libc_a-writer.o)
 .ARM.attributes
                0x00000a56       0x34 /usr/workdir/tools/arm-gnu-toolchain-14.2.rel1-x86_64-arm-none-eabi/bin/../lib/gcc/arm-none-eabi/14.2.1/../../../../arm-none-eabi/lib/thumb/v7e-m+fp/hard/libc_nano.a(libc_a-init.o)
 .ARM.attributes
                0x00000a8a       0x34 /usr/workdir/tools/arm-gnu-toolchain-14.2.rel1-x86_64-arm-none-eabi/bin/../lib/gcc/arm-none-eabi/14.2.1/../../../../arm-none-eabi/lib/thumb/v7e-m+fp/hard/libc_nano.a(libc_a-lock.o)
 .ARM.attributes
                0x00000abe       0x34 /usr/workdir/tools/arm-gnu-toolchain-14.2.rel1-x86_64-arm-none-eabi/bin/../lib/gcc/arm-none-eabi/14.2.1/../../../../arm-none-eabi/lib/thumb/v7e-m+fp/hard/libc_nano.a(libc_a-memcpy-stub.o)
 .ARM.attributes
                0x00000af2       0x34 /usr/workdir/tools/arm-gnu-toolchain-14.2.rel1-x86_64-arm-none-eabi/bin/../lib/gcc/arm-none-eabi/14.2.1/../../../../arm-none-eabi/lib/thumb/v7e-m+fp/hard/libc_nano.a(libc_a-freer.o)
 .ARM.attributes
                0x00000b26       0x34 /usr/workdir/tools/arm-gnu-toolchain-14.2.rel1-x86_64-arm-none-eabi/bin/../lib/gcc/arm-none-eabi/14.2.1/../../../../arm-none-eabi/lib/thumb/v7e-m+fp/hard/libc_nano.a(libc_a-mallocr.o)
 .ARM.attributes
                0x00000b5a       0x34 /usr/workdir/tools/arm-gnu-toolchain-14.2.rel1-x86_64-arm-none-eabi/bin/../lib/gcc/arm-none-eabi/14.2.1/../../../../arm-none-eabi/lib/thumb/v7e-m+fp/hard/libc_nano.a(libc_a-mlock.o)
 .ARM.attributes
                0x00000b8e       0x34 /usr/workdir/tools/arm-gnu-toolchain-14.2.rel1-x86_64-arm-none-eabi/bin/../lib/gcc/arm-none-eabi/14.2.1/../../../../arm-none-eabi/lib/thumb/v7e-m+fp/hard/libc_nano.a(libc_a-nano-vfprintf.o)
 .ARM.attributes
                0x00000bc2       0x34 /usr/workdir/tools/arm-gnu-toolchain-14.2.rel1-x86_64-arm-none-eabi/bin/../lib/gcc/arm-none-eabi/14.2.1/../../../../arm-none-eabi/lib/thumb/v7e-m+fp/hard/libc_nano.a(libc_a-nano-vfprintf_i.o)
 .ARM.attributes
                0x00000bf6       0x34 /usr/workdir/tools/arm-gnu-toolchain-14.2.rel1-x86_64-arm-none-eabi/bin/../lib/gcc/arm-none-eabi/14.2.1/../../../../arm-none-eabi/lib/thumb/v7e-m+fp/hard/libc_nano.a(libc_a-fflush.o)
 .ARM.attributes
                0x00000c2a       0x34 /usr/workdir/tools/arm-gnu-toolchain-14.2.rel1-x86_64-arm-none-eabi/bin/../lib/gcc/arm-none-eabi/14.2.1/../../../../arm-none-eabi/lib/thumb/v7e-m+fp/hard/libc_nano.a(libc_a-wbuf.o)
 .ARM.attributes
                0x00000c5e       0x34 /usr/workdir/tools/arm-gnu-toolchain-14.2.rel1-x86_64-arm-none-eabi/bin/../lib/gcc/arm-none-eabi/14.2.1/../../../../arm-none-eabi/lib/thumb/v7e-m+fp/hard/libc_nano.a(libc_a-wsetup.o)
 .ARM.attributes
                0x00000c92       0x34 /usr/workdir/tools/arm-gnu-toolchain-14.2.rel1-x86_64-arm-none-eabi/bin/../lib/gcc/arm-none-eabi/14.2.1/../../../../arm-none-eabi/lib/thumb/v7e-m+fp/hard/libc_nano.a(libc_a-sbrkr.o)
 .ARM.attributes
                0x00000cc6       0x1c /usr/workdir/tools/arm-gnu-toolchain-14.2.rel1-x86_64-arm-none-eabi/bin/../lib/gcc/arm-none-eabi/14.2.1/../../../../arm-none-eabi/lib/thumb/v7e-m+fp/hard/libc_nano.a(libc_a-memchr.o)
 .ARM.attributes
                0x00000ce2       0x34 /usr/workdir/tools/arm-gnu-toolchain-14.2.rel1-x86_64-arm-none-eabi/bin/../lib/gcc/arm-none-eabi/14.2.1/../../../../arm-none-eabi/lib/thumb/v7e-m+fp/hard/libc_nano.a(libc_a-makebuf.o)
 .ARM.attributes
                0x00000d16       0x34 /usr/workdir/tools/arm-gnu-toolchain-14.2.rel1-x86_64-arm-none-eabi/bin/../lib/gcc/arm-none-eabi/14.2.1/../../../../arm-none-eabi/lib/thumb/v7e-m+fp/hard/libc_nano.a(libc_a-fstatr.o)
 .ARM.attributes
                0x00000d4a       0x34 /usr/workdir/tools/arm-gnu-toolchain-14.2.rel1-x86_64-arm-none-eabi/bin/../lib/gcc/arm-none-eabi/14.2.1/../../../../arm-none-eabi/lib/thumb/v7e-m+fp/hard/libc_nano.a(libc_a-isattyr.o)
 .ARM.attributes
                0x00000d7e       0x34 /usr/workdir/tools/arm-gnu-toolchain-14.2.rel1-x86_64-arm-none-eabi/bin/../lib/gcc/arm-none-eabi/14.2.1/../../../../arm-none-eabi/lib/thumb/v7e-m+fp/hard/libnosys.a(close.o)
 .ARM.attributes
                0x00000db2       0x34 /usr/workdir/tools/arm-gnu-toolchain-14.2.rel1-x86_64-arm-none-eabi/bin/../lib/gcc/arm-none-eabi/14.2.1/../../../../arm-none-eabi/lib/thumb/v7e-m+fp/hard/libnosys.a(fstat.o)
 .ARM.attributes
                0x00000de6       0x34 /usr/workdir/tools/arm-gnu-toolchain-14.2.rel1-x86_64-arm-none-eabi/bin/../lib/gcc/arm-none-eabi/14.2.1/../../../../arm-none-eabi/lib/thumb/v7e-m+fp/hard/libnosys.a(isatty.o)
 .ARM.attributes
                0x00000e1a       0x34 /usr/workdir/tools/arm-gnu-toolchain-14.2.rel1-x86_64-arm-none-eabi/bin/../lib/gcc/arm-none-eabi/14.2.1/../../../../arm-none-eabi/lib/thumb/v7e-m+fp/hard/libnosys.a(lseek.o)
 .ARM.attributes
                0x00000e4e       0x34 /usr/workdir/tools/arm-gnu-toolchain-14.2.rel1-x86_64-arm-none-eabi/bin/../lib/gcc/arm-none-eabi/14.2.1/../../../../arm-none-eabi/lib/thumb/v7e-m+fp/hard/libnosys.a(sbrk.o)
 .ARM.attributes
                0x00000e82       0x34 /usr/workdir/tools/arm-gnu-toolchain-14.2.rel1-x86_64-arm-none-eabi/bin/../lib/gcc/arm-none-eabi/14.2.1/../../../../arm-none-eabi/lib/thumb/v7e-m+fp/hard/libnosys.a(_exit.o)
 .ARM.attributes
                0x00000eb6       0x22 /usr/workdir/tools/arm-gnu-toolchain-14.2.rel1-x86_64-arm-none-eabi/bin/../lib/gcc/arm-none-eabi/14.2.1/thumb/v7e-m+fp/hard/libgcc.a(_arm_addsubdf3.o)
 .ARM.attributes
                0x00000ed8       0x34 /usr/workdir/tools/arm-gnu-toolchain-14.2.rel1-x86_64-arm-none-eabi/bin/../lib/gcc/arm-none-eabi/14.2.1/thumb/v7e-m+fp/hard/crtend.o
 .ARM.attributes
                0x00000f0c       0x22 /usr/workdir/tools/arm-gnu-toolchain-14.2.rel1-x86_64-arm-none-eabi/bin/../lib/gcc/arm-none-eabi/14.2.1/thumb/v7e-m+fp/hard/crtn.o

.comment        0x00000000       0x45
 .comment       0x00000000       0x45 build/nrf52840_xxaa/nrf_log_default_backends.c.o
                                 0x46 (size before relaxing)
 .comment       0x00000045       0x46 build/nrf52840_xxaa/nrf_log_frontend.c.o
 .comment       0x00000045       0x46 build/nrf52840_xxaa/app_error.c.o
 .comment       0x00000045       0x46 build/nrf52840_xxaa/app_error_weak.c.o
 .comment       0x00000045       0x46 build/nrf52840_xxaa/app_fifo.c.o
 .comment       0x00000045       0x46 build/nrf52840_xxaa/app_uart_fifo.c.o
 .comment       0x00000045       0x46 build/nrf52840_xxaa/app_util_platform.c.o
 .comment       0x00000045       0x46 build/nrf52840_xxaa/nrf_atomic.c.o
 .comment       0x00000045       0x46 build/nrf52840_xxaa/nrf_balloc.c.o
 .comment       0x00000045       0x46 build/nrf52840_xxaa/nrf_memobj.c.o
 .comment       0x00000045       0x46 build/nrf52840_xxaa/nrf_ringbuf.c.o
 .comment       0x00000045       0x46 build/nrf52840_xxaa/retarget.c.o
 .comment       0x00000045       0x46 build/nrf52840_xxaa/nrf_drv_uart.c.o
 .comment       0x00000045       0x46 build/nrf52840_xxaa/nrfx_prs.c.o
 .comment       0x00000045       0x46 build/nrf52840_xxaa/nrfx_uart.c.o
 .comment       0x00000045       0x46 build/nrf52840_xxaa/nrfx_uarte.c.o
 .comment       0x00000045       0x46 build/nrf52840_xxaa/main.c.o
 .comment       0x00000045       0x46 build/nrf52840_xxaa/system_nrf52.c.o
 .comment       0x00000045       0x46 build/nrf52840_xxaa/nrf_drv_clock.c.o
 .comment       0x00000045       0x46 build/nrf52840_xxaa/nrfx_clock.c.o
 .comment       0x00000045       0x46 build/nrf52840_xxaa/nrfx_gpiote.c.o
 .comment       0x00000045       0x46 build/nrf52840_xxaa/heap_4.c.o
 .comment       0x00000045       0x46 build/nrf52840_xxaa/list.c.o
 .comment       0x00000045       0x46 build/nrf52840_xxaa/queue.c.o
 .comment       0x00000045       0x46 build/nrf52840_xxaa/tasks.c.o
 .comment       0x00000045       0x46 build/nrf52840_xxaa/timers.c.o
 .comment       0x00000045       0x46 build/nrf52840_xxaa/port.c.o
 .comment       0x00000045       0x46 build/nrf52840_xxaa/port_cmsis.c.o
 .comment       0x00000045       0x46 build/nrf52840_xxaa/port_cmsis_systick.c.o
 .comment       0x00000045       0x46 build/nrf52840_xxaa/hp_manager.c.o
 .comment       0x00000045       0x46 build/nrf52840_xxaa/hp_applicator.c.o
 .comment       0x00000045       0x46 build/nrf52840_xxaa/hp_code.c.o
 .comment       0x00000045       0x46 build/nrf52840_xxaa/hp_guard.c.o
 .comment       0x00000045       0x46 build/nrf52840_xxaa/hp_slot.c.o
 .comment       0x00000045       0x46 build/nrf52840_xxaa/hp_freertos_mpu.c.o
 .comment       0x00000045       0x46 build/nrf52840_xxaa/hp_exception.c.o

.debug_line_str
                0x00000000      0x2f0
 .debug_line_str
                0x00000000      0x2f0 /usr/workdir/tools/arm-gnu-toolchain-14.2.rel1-x86_64-arm-none-eabi/bin/../lib/gcc/arm-none-eabi/14.2.1/../../../../arm-none-eabi/lib/thumb/v7e-m+fp/hard/crt0.o
                                 0xcf (size before relaxing)
 .debug_line_str
                0x000002f0       0x80 build/nrf52840_xxaa/gcc_startup_nrf52.S.o
 .debug_line_str
                0x000002f0       0xda /usr/workdir/tools/arm-gnu-toolchain-14.2.rel1-x86_64-arm-none-eabi/bin/../lib/gcc/arm-none-eabi/14.2.1/../../../../arm-none-eabi/lib/thumb/v7e-m+fp/hard/libc_nano.a(libc_a-memchr.o)
 .debug_line_str
                0x000002f0       0xc7 /usr/workdir/tools/arm-gnu-toolchain-14.2.rel1-x86_64-arm-none-eabi/bin/../lib/gcc/arm-none-eabi/14.2.1/thumb/v7e-m+fp/hard/libgcc.a(_arm_addsubdf3.o)

.debug_line     0x00000000    0x29116
 .debug_line    0x00000000       0x69 build/nrf52840_xxaa/gcc_startup_nrf52.S.o
 .debug_line    0x00000069      0x851 build/nrf52840_xxaa/nrf_log_default_backends.c.o
 .debug_line    0x000008ba     0x22c2 build/nrf52840_xxaa/nrf_log_frontend.c.o
 .debug_line    0x00002b7c      0x624 build/nrf52840_xxaa/app_error.c.o
 .debug_line    0x000031a0      0x956 build/nrf52840_xxaa/app_error_weak.c.o
 .debug_line    0x00003af6      0x9b8 build/nrf52840_xxaa/app_fifo.c.o
 .debug_line    0x000044ae      0xed9 build/nrf52840_xxaa/app_uart_fifo.c.o
 .debug_line    0x00005387      0x706 build/nrf52840_xxaa/app_util_platform.c.o
 .debug_line    0x00005a8d      0x98b build/nrf52840_xxaa/nrf_atomic.c.o
 .debug_line    0x00006418      0x9cc build/nrf52840_xxaa/nrf_balloc.c.o
 .debug_line    0x00006de4      0xcf0 build/nrf52840_xxaa/nrf_memobj.c.o
 .debug_line    0x00007ad4      0xaf4 build/nrf52840_xxaa/nrf_ringbuf.c.o
 .debug_line    0x000085c8      0x683 build/nrf52840_xxaa/retarget.c.o
 .debug_line    0x00008c4b      0x99d build/nrf52840_xxaa/nrf_drv_uart.c.o
 .debug_line    0x000095e8      0xae8 build/nrf52840_xxaa/nrfx_prs.c.o
 .debug_line    0x0000a0d0     0x2196 build/nrf52840_xxaa/nrfx_uart.c.o
 .debug_line    0x0000c266     0x20be build/nrf52840_xxaa/nrfx_uarte.c.o
 .debug_line    0x0000e324     0x1ce2 build/nrf52840_xxaa/main.c.o
 .debug_line    0x00010006      0x940 build/nrf52840_xxaa/system_nrf52.c.o
 .debug_line    0x00010946     0x101f build/nrf52840_xxaa/nrf_drv_clock.c.o
 .debug_line    0x00011965     0x123a build/nrf52840_xxaa/nrfx_clock.c.o
 .debug_line    0x00012b9f     0x3197 build/nrf52840_xxaa/nrfx_gpiote.c.o
 .debug_line    0x00015d36      0xcbb build/nrf52840_xxaa/heap_4.c.o
 .debug_line    0x000169f1      0x8e6 build/nrf52840_xxaa/list.c.o
 .debug_line    0x000172d7     0x2da7 build/nrf52840_xxaa/queue.c.o
 .debug_line    0x0001a07e     0x3e65 build/nrf52840_xxaa/tasks.c.o
 .debug_line    0x0001dee3     0x132e build/nrf52840_xxaa/timers.c.o
 .debug_line    0x0001f211      0x726 build/nrf52840_xxaa/port.c.o
 .debug_line    0x0001f937      0x885 build/nrf52840_xxaa/port_cmsis.c.o
 .debug_line    0x000201bc      0xfbb build/nrf52840_xxaa/port_cmsis_systick.c.o
 .debug_line    0x00021177     0x1632 build/nrf52840_xxaa/hp_manager.c.o
 .debug_line    0x000227a9      0xdf5 build/nrf52840_xxaa/hp_applicator.c.o
 .debug_line    0x0002359e      0xf20 build/nrf52840_xxaa/hp_code.c.o
 .debug_line    0x000244be      0xfb2 build/nrf52840_xxaa/hp_guard.c.o
 .debug_line    0x00025470     0x1d8a build/nrf52840_xxaa/hp_slot.c.o
 .debug_line    0x000271fa     0x110e build/nrf52840_xxaa/hp_freertos_mpu.c.o
 .debug_line    0x00028308      0xe0e build/nrf52840_xxaa/hp_exception.c.o

.debug_info     0x00000000    0x27b5c
 .debug_info    0x00000000      0x296 build/nrf52840_xxaa/gcc_startup_nrf52.S.o
 .debug_info    0x00000296       0xb7 build/nrf52840_xxaa/nrf_log_default_backends.c.o
 .debug_info    0x0000034d     0x3280 build/nrf52840_xxaa/nrf_log_frontend.c.o
 .debug_info    0x000035cd      0x2be build/nrf52840_xxaa/app_error.c.o
 .debug_info    0x0000388b      0x478 build/nrf52840_xxaa/app_error_weak.c.o
 .debug_info    0x00003d03      0x67a build/nrf52840_xxaa/app_fifo.c.o
 .debug_info    0x0000437d     0x18ba build/nrf52840_xxaa/app_uart_fifo.c.o
 .debug_info    0x00005c37      0x7c0 build/nrf52840_xxaa/app_util_platform.c.o
 .debug_info    0x000063f7      0xa65 build/nrf52840_xxaa/nrf_atomic.c.o
 .debug_info    0x00006e5c      0x3c7 build/nrf52840_xxaa/nrf_balloc.c.o
 .debug_info    0x00007223      0xb94 build/nrf52840_xxaa/nrf_memobj.c.o
 .debug_info    0x00007db7      0x633 build/nrf52840_xxaa/nrf_ringbuf.c.o
 .debug_info    0x000083ea      0x1b3 build/nrf52840_xxaa/retarget.c.o
 .debug_info    0x0000859d     0x11bf build/nrf52840_xxaa/nrf_drv_uart.c.o
 .debug_info    0x0000975c      0x7a0 build/nrf52840_xxaa/nrfx_prs.c.o
 .debug_info    0x00009efc     0x3947 build/nrf52840_xxaa/nrfx_uart.c.o
 .debug_info    0x0000d843     0x3860 build/nrf52840_xxaa/nrfx_uarte.c.o
 .debug_info    0x000110a3     0x1db4 build/nrf52840_xxaa/main.c.o
 .debug_info    0x00012e57     0x177e build/nrf52840_xxaa/system_nrf52.c.o
 .debug_info    0x000145d5      0xec1 build/nrf52840_xxaa/nrf_drv_clock.c.o
 .debug_info    0x00015496     0x1447 build/nrf52840_xxaa/nrfx_clock.c.o
 .debug_info    0x000168dd     0x3c99 build/nrf52840_xxaa/nrfx_gpiote.c.o
 .debug_info    0x0001a576      0x608 build/nrf52840_xxaa/heap_4.c.o
 .debug_info    0x0001ab7e      0x2b7 build/nrf52840_xxaa/list.c.o
 .debug_info    0x0001ae35     0x31c9 build/nrf52840_xxaa/queue.c.o
 .debug_info    0x0001dffe     0x3c77 build/nrf52840_xxaa/tasks.c.o
 .debug_info    0x00021c75     0x1a8b build/nrf52840_xxaa/timers.c.o
 .debug_info    0x00023700       0xa8 build/nrf52840_xxaa/port.c.o
 .debug_info    0x000237a8      0x864 build/nrf52840_xxaa/port_cmsis.c.o