Archive member included to satisfy reference by file (symbol)

/usr/workdir/tools/arm-gnu-toolchain-14.2.rel1-x86_64-arm-none-eabi/bin/../lib/gcc/arm-none-eabi/14.2.1/../../../../arm-none-eabi/lib/thumb/v7e-m+fp/hard/libc_nano.a(libc_a-exit.o)
                              /usr/workdir/tools/arm-gnu-toolchain-14.2.rel1-x86_64-arm-none-eabi/bin/../lib/gcc/arm-none-eabi/14.2.1/../../../../arm-none-eabi/lib/thumb/v7e-m+fp/hard/crt0.o (exit)
/usr/workdir/tools/arm-gnu-toolchain-14.2.rel1-x86_64-arm-none-eabi/bin/../lib/gcc/arm-none-eabi/14.2.1/../../../../arm-none-eabi/lib/thumb/v7e-m+fp/hard/libc_nano.a(libc_a-ctype_.o)
                              build/nrf52840_xxaa/nrf_log_str_formatter.c.o (_ctype_)
/usr/workdir/tools/arm-gnu-toolchain-14.2.rel1-x86_64-arm-none-eabi/bin/../lib/gcc/arm-none-eabi/14.2.1/../../../../arm-none-eabi/lib/thumb/v7e-m+fp/hard/libc_nano.a(libc_a-findfp.o)
                              /usr/workdir/tools/arm-gnu-toolchain-14.2.rel1-x86_64-arm-none-eabi/bin/../lib/gcc/arm-none-eabi/14.2.1/../../../../arm-none-eabi/lib/thumb/v7e-m+fp/hard/libc_nano.a(libc_a-exit.o) (__stdio_exit_handler)
/usr/workdir/tools/arm-gnu-toolchain-14.2.rel1-x86_64-arm-none-eabi/bin/../lib/gcc/arm-none-eabi/14.2.1/../../../../arm-none-eabi/lib/thumb/v7e-m+fp/hard/libc_nano.a(libc_a-fwalk.o)
                              /usr/workdir/tools/arm-gnu-toolchain-14.2.rel1-x86_64-arm-none-eabi/bin/../lib/gcc/arm-none-eabi/14.2.1/../../../../arm-none-eabi/lib/thumb/v7e-m+fp/hard/libc_nano.a(libc_a-findfp.o) (_fwalk_sglue)
/usr/workdir/tools/arm-gnu-toolchain-14.2.rel1-x86_64-arm-none-eabi/bin/../lib/gcc/arm-none-eabi/14.2.1/../../../../arm-none-eabi/lib/thumb/v7e-m+fp/hard/libc_nano.a(libc_a-printf.o)
                              build/nrf52840_xxaa/main.c.o (printf)
/usr/workdir/tools/arm-gnu-toolchain-14.2.rel1-x86_64-arm-none-eabi/bin/../lib/gcc/arm-none-eabi/14.2.1/../../../../arm-none-eabi/lib/thumb/v7e-m+fp/hard/libc_nano.a(libc_a-stdio.o)
                              /usr/workdir/tools/arm-gnu-toolchain-14.2.rel1-x86_64-arm-none-eabi/bin/../lib/gcc/arm-none-eabi/14.2.1/../../../../arm-none-eabi/lib/thumb/v7e-m+fp/hard/libc_nano.a(libc_a-findfp.o) (__sread)
/usr/workdir/tools/arm-gnu-toolchain-14.2.rel1-x86_64-arm-none-eabi/bin/../lib/gcc/arm-none-eabi/14.2.1/../../../../arm-none-eabi/lib/thumb/v7e-m+fp/hard/libc_nano.a(libc_a-memset.o)
                              /usr/workdir/tools/arm-gnu-toolchain-14.2.rel1-x86_64-arm-none-eabi/bin/../lib/gcc/arm-none-eabi/14.2.1/../../../../arm-none-eabi/lib/thumb/v7e-m+fp/hard/crt0.o (memset)
/usr/workdir/tools/arm-gnu-toolchain-14.2.rel1-x86_64-arm-none-eabi/bin/../lib/gcc/arm-none-eabi/14.2.1/../../../../arm-none-eabi/lib/thumb/v7e-m+fp/hard/libc_nano.a(libc_a-closer.o)
                              /usr/workdir/tools/arm-gnu-toolchain-14.2.rel1-x86_64-arm-none-eabi/bin/../lib/gcc/arm-none-eabi/14.2.1/../../../../arm-none-eabi/lib/thumb/v7e-m+fp/hard/libc_nano.a(libc_a-stdio.o) (_close_r)
/usr/workdir/tools/arm-gnu-toolchain-14.2.rel1-x86_64-arm-none-eabi/bin/../lib/gcc/arm-none-eabi/14.2.1/../../../../arm-none-eabi/lib/thumb/v7e-m+fp/hard/libc_nano.a(libc_a-reent.o)
                              /usr/workdir/tools/arm-gnu-toolchain-14.2.rel1-x86_64-arm-none-eabi/bin/../lib/gcc/arm-none-eabi/14.2.1/../../../../arm-none-eabi/lib/thumb/v7e-m+fp/hard/libc_nano.a(libc_a-closer.o) (errno)
/usr/workdir/tools/arm-gnu-toolchain-14.2.rel1-x86_64-arm-none-eabi/bin/../lib/gcc/arm-none-eabi/14.2.1/../../../../arm-none-eabi/lib/thumb/v7e-m+fp/hard/libc_nano.a(libc_a-impure.o)
                              /usr/workdir/tools/arm-gnu-toolchain-14.2.rel1-x86_64-arm-none-eabi/bin/../lib/gcc/arm-none-eabi/14.2.1/../../../../arm-none-eabi/lib/thumb/v7e-m+fp/hard/libc_nano.a(libc_a-printf.o) (_impure_ptr)
/usr/workdir/tools/arm-gnu-toolchain-14.2.rel1-x86_64-arm-none-eabi/bin/../lib/gcc/arm-none-eabi/14.2.1/../../../../arm-none-eabi/lib/thumb/v7e-m+fp/hard/libc_nano.a(libc_a-lseekr.o)
                              /usr/workdir/tools/arm-gnu-toolchain-14.2.rel1-x86_64-arm-none-eabi/bin/../lib/gcc/arm-none-eabi/14.2.1/../../../../arm-none-eabi/lib/thumb/v7e-m+fp/hard/libc_nano.a(libc_a-stdio.o) (_lseek_r)
/usr/workdir/tools/arm-gnu-toolchain-14.2.rel1-x86_64-arm-none-eabi/bin/../lib/gcc/arm-none-eabi/14.2.1/../../../../arm-none-eabi/lib/thumb/v7e-m+fp/hard/libc_nano.a(libc_a-readr.o)
                              /usr/workdir/tools/arm-gnu-toolchain-14.2.rel1-x86_64-arm-none-eabi/bin/../lib/gcc/arm-none-eabi/14.2.1/../../../../arm-none-eabi/lib/thumb/v7e-m+fp/hard/libc_nano.a(libc_a-stdio.o) (_read_r)
/usr/workdir/tools/arm-gnu-toolchain-14.2.rel1-x86_64-arm-none-eabi/bin/../lib/gcc/arm-none-eabi/14.2.1/../../../../arm-none-eabi/lib/thumb/v7e-m+fp/hard/libc_nano.a(libc_a-writer.o)
[...]
Memory Configuration

Name             Origin             Length             Attributes
FLASH            0x00000000         0x00100000         xr
RAM              0x20000000         0x00040000         xrw
*default*        0x00000000         0xffffffff

Linker script and memory map


.hotpatch_context
                0x20000000       0x20
                0x20000000                        . = ALIGN (0x20)
                0x20000000                        . = ALIGN ((0x1 << LOG2CEIL (__hotpatch_context_size)))
                0x20000000                        __hotpatch_context_start = .
 *(.hotpatch_context*)
 .hotpatch_context
                0x20000000       0x10 build/nrf52840_xxaa/hp_applicator.c.o
                0x20000000                g_applicator_context
                0x20000020                        . = ALIGN (0x20)
 *fill*         0x20000010       0x10 
                0x20000020                        . = ALIGN ((0x1 << LOG2CEIL (__hotpatch_context_size)))
                0x20000020                        __hotpatch_context_end = .
                0x00000020                        __hotpatch_context_size = (__hotpatch_context_end - __hotpatch_context_start)
                0x20000020                        . = ALIGN (0x20)
                0x20000200                        . = ALIGN ((0x1 << LOG2CEIL (__hotpatch_slots_quarantine_size)))
                0x20000200                        __hotpatch_slots_quarantine_start = .

.hotpatch_slots
                0x20000020       0xd6
                0x20000020                        __hotpatch_slots_start = .
 *(.hotpatch_slots*)
 .hotpatch_slots
                0x20000020       0xd6 build/nrf52840_xxaa/hp_slot.c.o
                0x20000024                hotpatch_slots
                0x200000f6                        __hotpatch_slots_end = .

.hotpatch_quarantine
                0x200000f8       0x50
                0x200000f8                        __hotpatch_quarantine_start = .
 *(.hotpatch_quarantine*)
 .hotpatch_quarantine
                0x200000f8       0x50 build/nrf52840_xxaa/hp_manager.c.o
                0x200000f8                hp_quarantine_memory
                0x20000148                        __hotpatch_quarantine_end = .
                0x20000160                        . = ALIGN (0x20)
                0x20000400                        . = ALIGN ((0x1 << (LOG2CEIL (__hotpatch_slots_quarantine_size) + 0x1)))
                0x20000400                        __hotpatch_slots_quarantine_end = .
                0x000000d6                        __hotpatch_slots_size = (__hotpatch_slots_end - __hotpatch_slots_start)
                0x00000050                        __hotpatch_quarantine_size = (__hotpatch_quarantine_end - __hotpatch_quarantine_start)
                0x00000200                        __hotpatch_slots_quarantine_size = (__hotpatch_slots_quarantine_end - __hotpatch_slots_quarantine_start)

.hotpatch_code  0x20000148      0x6b8
                0x20000160                        . = ALIGN (0x20)
 *fill*         0x20000148       0x18 
                0x20000400                        . = ALIGN ((0x1 << LOG2CEIL (__hotpatch_code_size)))
 *fill*         0x20000160      0x2a0 
                0x20000400                        __hotpatch_code_start = .
 *(.hotpatch_code*)
 .hotpatch_code
                0x20000400      0x2dc build/nrf52840_xxaa/hp_code.c.o
                0x20000400                hp_code_free_list
                0x20000404                hp_code_memory
                0x200006e0                        . = ALIGN (0x20)
 *fill*         0x200006dc        0x4 
                0x20000800                        . = ALIGN ((0x1 << LOG2CEIL (__hotpatch_code_size)))
 *fill*         0x200006e0      0x120 
                0x20000800                        __hotpatch_code_end = .
                0x00000400                        __hotpatch_code_size = (__hotpatch_code_end - __hotpatch_code_start)

.ramfunc        0x20000800     0x3800
                0x20000800                        . = ALIGN (0x20)
                0x20002000                        . = ALIGN ((0x1 << LOG2CEIL (__ramfunc_size)))
 *fill*         0x20000800     0x1800 
                0x20002000                        __ramfunc_start = .
 *(.ramfunc*)
 .ramfunc       0x20002000       0x18 build/nrf52840_xxaa/main.c.o
                0x20002000                target_ram_function
 .ramfunc       0x20002018      0x3c8 build/nrf52840_xxaa/hp_manager.c.o
                0x20002018                hp_manager_valid_target_address
                0x2000205c                hp_manager_valid_quarantine_address
                0x20002084                hp_manager_validate_hotpatch
                0x2000212c                hp_manager_process_hotpatch
                0x200021ac                hp_manager_schedule_hotpatch
                0x200022f0                hp_manager
 .ramfunc       0x200023e0       0x80 build/nrf52840_xxaa/hp_applicator.c.o
                0x200023e0                hp_applicator_reset_context
                0x20002418                hp_applicator_init
                0x20002422                hp_applicator_hotpatch_apply
 .ramfunc       0x20002460      0x210 build/nrf52840_xxaa/hp_code.c.o
                0x20002460                hp_code_init
                0x200024a4                hp_code_allocate
                0x2000259c                hp_code_free
 .ramfunc       0x20002670      0x26c build/nrf52840_xxaa/hp_guard.c.o
                0x20002670                hp_guard_applicator
 .ramfunc       0x200028dc      0x590 build/nrf52840_xxaa/hp_slot.c.o
                0x200029ac                hp_slot_init
                0x20002a8c                hp_slot_is_duplicate_target_address
                0x20002acc                hp_slot_add_hotpatch
                0x20002be4                hp_slot_remove_hotpatch
                0x20002c78                hp_slot_get_hotpatch_slot_by_target_address
                0x20002cd0                hp_slot_get_next_pending_hotpatch
                0x20002d44                hp_slot_get
                0x20002db4                hp_slot_update_status
                0x20002e28                hp_slot_get_free_slot_count
 *fill*         0x20002e6c        0x4 
 .ramfunc.__stub
                0x20002e70       0x20 linker stubs
                0x20002ea0                        . = ALIGN (0x20)
 *fill*         0x20002e90       0x10 
                0x20004000                        . = ALIGN ((0x1 << LOG2CEIL (__ramfunc_size)))
 *fill*         0x20002ea0     0x1160 
                0x20004000                        __ramfunc_end = .
                0x00002000                        __ramfunc_size = (__ramfunc_end - __ramfunc_start)
                0x20000800                        __ramfunc_load_start = LOADADDR (.ramfunc)

.text           0x00000000     0x9168
 *(.isr_vector)
 .isr_vector    0x00000000      0x200 build/nrf52840_xxaa/gcc_startup_nrf52.S.o
                0x00000000                __isr_vector
 *(.text*)
 .text.deregister_tm_clones
                0x00000200       0x1c /usr/workdir/tools/arm-gnu-toolchain-14.2.rel1-x86_64-arm-none-eabi/bin/../lib/gcc/arm-none-eabi/14.2.1/thumb/v7e-m+fp/hard/crtbegin.o
 .text.register_tm_clones
                0x0000021c       0x24 /usr/workdir/tools/arm-gnu-toolchain-14.2.rel1-x86_64-arm-none-eabi/bin/../lib/gcc/arm-none-eabi/14.2.1/thumb/v7e-m+fp/hard/crtbegin.o
 .text.__do_global_dtors_aux
                0x00000240       0x28 /usr/workdir/tools/arm-gnu-toolchain-14.2.rel1-x86_64-arm-none-eabi/bin/../lib/gcc/arm-none-eabi/14.2.1/thumb/v7e-m+fp/hard/crtbegin.o
 .text.frame_dummy
                0x00000268       0x24 /usr/workdir/tools/arm-gnu-toolchain-14.2.rel1-x86_64-arm-none-eabi/bin/../lib/gcc/arm-none-eabi/14.2.1/thumb/v7e-m+fp/hard/crtbegin.o
 .text          0x0000028c       0x7c /usr/workdir/tools/arm-gnu-toolchain-14.2.rel1-x86_64-arm-none-eabi/bin/../lib/gcc/arm-none-eabi/14.2.1/../../../../arm-none-eabi/lib/thumb/v7e-m+fp/hard/crt0.o
                0x0000028c                _stack_init
                0x00000294                _mainCRTStartup
                0x00000294                _start
 .text          0x00000308       0x3c build/nrf52840_xxaa/gcc_startup_nrf52.S.o
                0x00000308                Reset_Handler
                0x00000330                NMI_Handler
                0x00000332                HardFault_Handler
                0x00000336                BusFault_Handler
                0x00000338                UsageFault_Handler
                0x0000033c                DebugMon_Handler
                0x00000340                SysTick_Handler
                0x00000342                TIMER2_IRQHandler
                0x00000342                RTC0_IRQHandler
                0x00000342                SWI0_EGU0_IRQHandler
                0x00000342                SWI2_EGU2_IRQHandler
                0x00000342                PWM1_IRQHandler
                0x00000342                RADIO_IRQHandler
                0x00000342                PDM_IRQHandler
                0x00000342                TEMP_IRQHandler
                0x00000342                QDEC_IRQHandler
                0x00000342                TIMER3_IRQHandler
                0x00000342                FPU_IRQHandler
                0x00000342                SPIM0_SPIS0_TWIM0_TWIS0_SPI0_TWI0_IRQHandler
                0x00000342                TIMER4_IRQHandler
                0x00000342                I2S_IRQHandler
                0x00000342                SWI4_EGU4_IRQHandler
                0x00000342                TIMER0_IRQHandler
                0x00000342                TIMER1_IRQHandler
                0x00000342                PWM2_IRQHandler
                0x00000342                ECB_IRQHandler
                0x00000342                SPIM1_SPIS1_TWIM1_TWIS1_SPI1_TWI1_IRQHandler
                0x00000342                Default_Handler
                0x00000342                SAADC_IRQHandler
                0x00000342                CCM_AAR_IRQHandler
                0x00000342                WDT_IRQHandler
                0x00000342                SWI5_EGU5_IRQHandler
                0x00000342                RNG_IRQHandler
                0x00000342                RTC2_IRQHandler
                0x00000342                PWM0_IRQHandler
                0x00000342                SWI3_EGU3_IRQHandler
                0x00000342                SWI1_EGU1_IRQHandler
                0x00000342                SPIM2_SPIS2_SPI2_IRQHandler
                0x00000342                NFCT_IRQHandler
                0x00000342                MWU_IRQHandler
                0x00000342                COMP_LPCOMP_IRQHandler
 .text.nrf_log_default_backends_init
                0x00000344        0xe build/nrf52840_xxaa/nrf_log_default_backends.c.o
                0x00000344                nrf_log_default_backends_init
 .text.nrf_log_backend_put
                0x00000352       0x1c build/nrf52840_xxaa/nrf_log_frontend.c.o
 .text.nrf_log_backend_panic_set
                0x0000036e       0x18 build/nrf52840_xxaa/nrf_log_frontend.c.o
 .text.nrf_log_backend_flush
                0x00000386       0x18 build/nrf52840_xxaa/nrf_log_frontend.c.o
 .text.nrf_log_backend_enable
                0x0000039e       0x12 build/nrf52840_xxaa/nrf_log_frontend.c.o
 .text.nrf_log_backend_is_enabled
                0x000003b0       0x10 build/nrf52840_xxaa/nrf_log_frontend.c.o
 .text.nrf_log_init
                0x000003c0       0x50 build/nrf52840_xxaa/nrf_log_frontend.c.o
                0x000003c0                nrf_log_init
 .text.invalid_packets_omit
                0x00000410       0x6e build/nrf52840_xxaa/nrf_log_frontend.c.o
 *fill*         0x0000047e        0x2 
 .text.log_skip
                0x00000480      0x108 build/nrf52840_xxaa/nrf_log_frontend.c.o
 .text.dropped_sat16_get
                0x00000588       0x28 build/nrf52840_xxaa/nrf_log_frontend.c.o
 .text.std_header_set
                0x000005b0       0x9c build/nrf52840_xxaa/nrf_log_frontend.c.o
 .text.log_pending_hook
                0x0000064c        0x4 build/nrf52840_xxaa/nrf_log_frontend.c.o
                0x0000064c                log_pending_hook
 .text.buf_prealloc
                0x00000650      0x128 build/nrf52840_xxaa/nrf_log_frontend.c.o
 .text.std_n    0x00000778       0x94 build/nrf52840_xxaa/nrf_log_frontend.c.o
 .text.nrf_log_frontend_std_0
                0x0000080c       0x1c build/nrf52840_xxaa/nrf_log_frontend.c.o
                0x0000080c                nrf_log_frontend_std_0
 .text.buffer_is_empty
                0x00000828       0x1c build/nrf52840_xxaa/nrf_log_frontend.c.o
                0x00000828                buffer_is_empty
 .text.nrf_log_frontend_dequeue
                0x00000844      0x3ac build/nrf52840_xxaa/nrf_log_frontend.c.o
                0x00000844                nrf_log_frontend_dequeue
 .text.nrf_log_panic
                0x00000bf0       0x40 build/nrf52840_xxaa/nrf_log_frontend.c.o
                0x00000bf0                nrf_log_panic
 .text.app_error_handler_bare
                0x00000c30       0x28 build/nrf52840_xxaa/app_error.c.o
                0x00000c30                app_error_handler_bare
 .text.__NVIC_SystemReset
                0x00000c58       0x28 build/nrf52840_xxaa/app_error_weak.c.o
 .text.app_error_fault_handler
                0x00000c80       0x70 build/nrf52840_xxaa/app_error_weak.c.o
                0x00000c80                app_error_fault_handler
 .text.fifo_length
                0x00000cf0       0x18 build/nrf52840_xxaa/app_fifo.c.o
 .text.fifo_put
                0x00000d08       0x30 build/nrf52840_xxaa/app_fifo.c.o
 .text.fifo_peek
                0x00000d38       0x2e build/nrf52840_xxaa/app_fifo.c.o
 .text.fifo_get
                0x00000d66       0x24 build/nrf52840_xxaa/app_fifo.c.o
 .text.app_fifo_init
                0x00000d8a       0x58 build/nrf52840_xxaa/app_fifo.c.o
                0x00000d8a                app_fifo_init
 .text.app_fifo_put
                0x00000de2       0x36 build/nrf52840_xxaa/app_fifo.c.o
                0x00000de2                app_fifo_put
 .text.app_fifo_get
                0x00000e18       0x2a build/nrf52840_xxaa/app_fifo.c.o
                0x00000e18                app_fifo_get
 *fill*         0x00000e42        0x2 
 .text.nrf_drv_uart_tx
                0x00000e44       0x64 build/nrf52840_xxaa/app_uart_fifo.c.o
 .text.nrf_drv_uart_tx_in_progress
                0x00000ea8       0x5c build/nrf52840_xxaa/app_uart_fifo.c.o
 .text.nrf_drv_uart_rx
                0x00000f04       0x64 build/nrf52840_xxaa/app_uart_fifo.c.o
 .text.fifo_length
                0x00000f68       0x18 build/nrf52840_xxaa/app_uart_fifo.c.o
 .text.uart_event_handler
                0x00000f80      0x110 build/nrf52840_xxaa/app_uart_fifo.c.o
 .text.app_uart_init
                0x00001090      0x120 build/nrf52840_xxaa/app_uart_fifo.c.o
                0x00001090                app_uart_init
 .text.app_uart_get
                0x000011b0       0x5c build/nrf52840_xxaa/app_uart_fifo.c.o
                0x000011b0                app_uart_get
 .text.app_uart_put
                0x0000120c       0x60 build/nrf52840_xxaa/app_uart_fifo.c.o
                0x0000120c                app_uart_put
 .text.app_util_disable_irq
                0x0000126c       0x18 build/nrf52840_xxaa/app_util_platform.c.o
                0x0000126c                app_util_disable_irq
 .text.app_util_enable_irq
                0x00001284       0x20 build/nrf52840_xxaa/app_util_platform.c.o
                0x00001284                app_util_enable_irq
 .text.app_util_critical_region_enter
                0x000012a4       0x12 build/nrf52840_xxaa/app_util_platform.c.o
                0x000012a4                app_util_critical_region_enter
 .text.app_util_critical_region_exit
                0x000012b6       0x16 build/nrf52840_xxaa/app_util_platform.c.o
                0x000012b6                app_util_critical_region_exit
 .text.nrf_atomic_u32_fetch_store
                0x000012cc       0x2e build/nrf52840_xxaa/nrf_atomic.c.o
                0x000012cc                nrf_atomic_u32_fetch_store
 .text.nrf_atomic_u32_or
                0x000012fa       0x30 build/nrf52840_xxaa/nrf_atomic.c.o
                0x000012fa                nrf_atomic_u32_or
 .text.nrf_atomic_u32_fetch_and
                0x0000132a       0x30 build/nrf52840_xxaa/nrf_atomic.c.o
                0x0000132a                nrf_atomic_u32_fetch_and
 .text.nrf_atomic_u32_add
                0x0000135a       0x30 build/nrf52840_xxaa/nrf_atomic.c.o
                0x0000135a                nrf_atomic_u32_add
 .text.nrf_atomic_u32_sub
                0x0000138a       0x30 build/nrf52840_xxaa/nrf_atomic.c.o
                0x0000138a                nrf_atomic_u32_sub
 .text.nrf_atomic_flag_set
                0x000013ba       0x18 build/nrf52840_xxaa/nrf_atomic.c.o
                0x000013ba                nrf_atomic_flag_set
 .text.nrf_atomic_flag_clear_fetch
                0x000013d2       0x18 build/nrf52840_xxaa/nrf_atomic.c.o
                0x000013d2                nrf_atomic_flag_clear_fetch
 .text.nrf_balloc_idx2block
                0x000013ea       0x22 build/nrf52840_xxaa/nrf_balloc.c.o
 .text.nrf_balloc_block2idx
                0x0000140c       0x1e build/nrf52840_xxaa/nrf_balloc.c.o
 .text.nrf_balloc_init
                0x0000142a       0x56 build/nrf52840_xxaa/nrf_balloc.c.o
                0x0000142a                nrf_balloc_init
 .text.nrf_balloc_alloc
                0x00001480       0x6e build/nrf52840_xxaa/nrf_balloc.c.o
                0x00001480                nrf_balloc_alloc
 .text.nrf_balloc_free
                0x000014ee       0x34 build/nrf52840_xxaa/nrf_balloc.c.o
                0x000014ee                nrf_balloc_free
 .text.nrf_memobj_pool_init
                0x00001522       0x16 build/nrf52840_xxaa/nrf_memobj.c.o
                0x00001522                nrf_memobj_pool_init
 .text.nrf_memobj_alloc
                0x00001538       0xae build/nrf52840_xxaa/nrf_memobj.c.o
                0x00001538                nrf_memobj_alloc
 .text.nrf_memobj_free
                0x000015e6       0x74 build/nrf52840_xxaa/nrf_memobj.c.o
                0x000015e6                nrf_memobj_free
 .text.nrf_memobj_get
                0x0000165a       0x1e build/nrf52840_xxaa/nrf_memobj.c.o
                0x0000165a                nrf_memobj_get
 .text.nrf_memobj_put
                0x00001678       0x34 build/nrf52840_xxaa/nrf_memobj.c.o
                0x00001678                nrf_memobj_put
 .text.memobj_op
                0x000016ac      0x102 build/nrf52840_xxaa/nrf_memobj.c.o
 .text.nrf_memobj_write
                0x000017ae       0x28 build/nrf52840_xxaa/nrf_memobj.c.o
                0x000017ae                nrf_memobj_write
 .text.nrf_ringbuf_init
                0x000017d6       0x3a build/nrf52840_xxaa/nrf_ringbuf.c.o
                0x000017d6                nrf_ringbuf_init
 .text._write   0x00001810       0x36 build/nrf52840_xxaa/retarget.c.o
                0x00001810                _write
 .text._read    0x00001846       0x22 build/nrf52840_xxaa/retarget.c.o
                0x00001846                _read
 .text.uarte_evt_handler
                0x00001868       0x50 build/nrf52840_xxaa/nrf_drv_uart.c.o
 .text.uart_evt_handler
                0x000018b8       0x50 build/nrf52840_xxaa/nrf_drv_uart.c.o
 .text.nrf_drv_uart_init
                0x00001908       0xc0 build/nrf52840_xxaa/nrf_drv_uart.c.o
                0x00001908                nrf_drv_uart_init
 .text.UARTE0_UART0_IRQHandler
                0x000019c8       0x10 build/nrf52840_xxaa/nrfx_prs.c.o
                0x000019c8                UARTE0_UART0_IRQHandler
 .text.prs_box_get
                0x000019d8       0x20 build/nrf52840_xxaa/nrfx_prs.c.o
 .text.nrfx_prs_acquire
                0x000019f8       0x62 build/nrf52840_xxaa/nrfx_prs.c.o
                0x000019f8                nrfx_prs_acquire
 *fill*         0x00001a5a        0x2 
 .text.__NVIC_EnableIRQ
                0x00001a5c       0x34 build/nrf52840_xxaa/nrfx_uart.c.o
 .text.__NVIC_SetPriority
                0x00001a90       0x50 build/nrf52840_xxaa/nrfx_uart.c.o
 .text.nrfx_get_irq_number
                0x00001ae0       0x10 build/nrf52840_xxaa/nrfx_uart.c.o
 .text._NRFX_IRQ_PRIORITY_SET
                0x00001af0       0x2a build/nrf52840_xxaa/nrfx_uart.c.o
 .text._NRFX_IRQ_ENABLE
                0x00001b1a       0x1c build/nrf52840_xxaa/nrfx_uart.c.o
 .text.nrf_uart_event_clear
                0x00001b36       0x2a build/nrf52840_xxaa/nrfx_uart.c.o
 .text.nrf_uart_event_check
                0x00001b60       0x24 build/nrf52840_xxaa/nrfx_uart.c.o
 .text.nrf_uart_int_enable
                0x00001b84       0x14 build/nrf52840_xxaa/nrfx_uart.c.o
 .text.nrf_uart_int_enable_check
                0x00001b98       0x20 build/nrf52840_xxaa/nrfx_uart.c.o
 .text.nrf_uart_int_disable
                0x00001bb8       0x14 build/nrf52840_xxaa/nrfx_uart.c.o
 .text.nrf_uart_errorsrc_get_and_clear
                0x00001bcc       0x1c build/nrf52840_xxaa/nrfx_uart.c.o
 .text.nrf_uart_enable
                0x00001be8       0x12 build/nrf52840_xxaa/nrfx_uart.c.o
 .text.nrf_uart_txrx_pins_set
                0x00001bfa       0x1e build/nrf52840_xxaa/nrfx_uart.c.o
 .text.nrf_uart_hwfc_pins_set
                0x00001c18       0x1e build/nrf52840_xxaa/nrfx_uart.c.o
 .text.nrf_uart_rxd_get
                0x00001c36       0x12 build/nrf52840_xxaa/nrfx_uart.c.o
 .text.nrf_uart_txd_set
                0x00001c48       0x1a build/nrf52840_xxaa/nrfx_uart.c.o
 .text.nrf_uart_task_trigger
                0x00001c62       0x1c build/nrf52840_xxaa/nrfx_uart.c.o
 .text.nrf_uart_configure
                0x00001c7e       0x2a build/nrf52840_xxaa/nrfx_uart.c.o
 .text.nrf_uart_baudrate_set
                0x00001ca8       0x14 build/nrf52840_xxaa/nrfx_uart.c.o
 .text.nrf_gpio_pin_port_decode
                0x00001cbc       0x2c build/nrf52840_xxaa/nrfx_uart.c.o
 .text.nrf_gpio_cfg
                0x00001ce8       0x62 build/nrf52840_xxaa/nrfx_uart.c.o
 .text.nrf_gpio_cfg_output
                0x00001d4a       0x22 build/nrf52840_xxaa/nrfx_uart.c.o
 .text.nrf_gpio_cfg_input
                0x00001d6c       0x2a build/nrf52840_xxaa/nrfx_uart.c.o
 .text.nrf_gpio_pin_set
                0x00001d96       0x28 build/nrf52840_xxaa/nrfx_uart.c.o
 .text.nrf_gpio_port_out_set
                0x00001dbe       0x14 build/nrf52840_xxaa/nrfx_uart.c.o
 .text.apply_config
                0x00001dd2       0xc6 build/nrf52840_xxaa/nrfx_uart.c.o
 .text.interrupts_enable
                0x00001e98       0x6c build/nrf52840_xxaa/nrfx_uart.c.o
 .text.nrfx_uart_init
                0x00001f04       0xc0 build/nrf52840_xxaa/nrfx_uart.c.o
                0x00001f04                nrfx_uart_init
 .text.tx_byte  0x00001fc4       0x40 build/nrf52840_xxaa/nrfx_uart.c.o
 .text.tx_blocking
                0x00002004       0x52 build/nrf52840_xxaa/nrfx_uart.c.o
 *fill*         0x00002056        0x2 
 .text.nrfx_uart_tx
                0x00002058       0xd8 build/nrf52840_xxaa/nrfx_uart.c.o
                0x00002058                nrfx_uart_tx
 .text.nrfx_uart_tx_in_progress
                0x00002130       0x2c build/nrf52840_xxaa/nrfx_uart.c.o
                0x00002130                nrfx_uart_tx_in_progress
 .text.rx_enable
                0x0000215c       0x36 build/nrf52840_xxaa/nrfx_uart.c.o
 .text.rx_byte  0x00002192       0x4e build/nrf52840_xxaa/nrfx_uart.c.o
 .text.nrfx_uart_rx
                0x000021e0      0x1d4 build/nrf52840_xxaa/nrfx_uart.c.o
                0x000021e0                nrfx_uart_rx
 .text.rx_done_event
                0x000023b4       0x2e build/nrf52840_xxaa/nrfx_uart.c.o
 .text.tx_done_event
                0x000023e2       0x34 build/nrf52840_xxaa/nrfx_uart.c.o
 .text.uart_irq_handler
                0x00002416      0x1de build/nrf52840_xxaa/nrfx_uart.c.o
 .text.nrfx_uart_0_irq_handler
                0x000025f4       0x18 build/nrf52840_xxaa/nrfx_uart.c.o
                0x000025f4                nrfx_uart_0_irq_handler
 .text.__NVIC_EnableIRQ
                0x0000260c       0x34 build/nrf52840_xxaa/nrfx_uarte.c.o
 .text.__NVIC_SetPriority
                0x00002640       0x50 build/nrf52840_xxaa/nrfx_uarte.c.o
 .text.nrfx_is_in_ram
                0x00002690       0x1c build/nrf52840_xxaa/nrfx_uarte.c.o
 .text.nrfx_get_irq_number
                0x000026ac       0x10 build/nrf52840_xxaa/nrfx_uarte.c.o
 .text._NRFX_IRQ_PRIORITY_SET
                0x000026bc       0x2a build/nrf52840_xxaa/nrfx_uarte.c.o
 .text._NRFX_IRQ_ENABLE
                0x000026e6       0x1c build/nrf52840_xxaa/nrfx_uarte.c.o
 .text.nrf_uarte_event_clear
                0x00002702       0x2a build/nrf52840_xxaa/nrfx_uarte.c.o
 .text.nrf_uarte_event_check
                0x0000272c       0x24 build/nrf52840_xxaa/nrfx_uarte.c.o
 .text.nrf_uarte_shorts_enable
                0x00002750       0x1c build/nrf52840_xxaa/nrfx_uarte.c.o
 .text.nrf_uarte_shorts_disable
                0x0000276c       0x1e build/nrf52840_xxaa/nrfx_uarte.c.o
 .text.nrf_uarte_int_enable
                0x0000278a       0x14 build/nrf52840_xxaa/nrfx_uarte.c.o
 .text.nrf_uarte_int_disable
                0x0000279e       0x14 build/nrf52840_xxaa/nrfx_uarte.c.o
 .text.nrf_uarte_errorsrc_get_and_clear
                0x000027b2       0x1c build/nrf52840_xxaa/nrfx_uarte.c.o
 .text.nrf_uarte_enable
                0x000027ce       0x12 build/nrf52840_xxaa/nrfx_uarte.c.o
 .text.nrf_uarte_txrx_pins_set
                0x000027e0       0x1e build/nrf52840_xxaa/nrfx_uarte.c.o
 .text.nrf_uarte_hwfc_pins_set
                0x000027fe       0x1e build/nrf52840_xxaa/nrfx_uarte.c.o
 .text.nrf_uarte_task_trigger
                0x0000281c       0x1c build/nrf52840_xxaa/nrfx_uarte.c.o
 .text.nrf_uarte_configure
                0x00002838       0x2a build/nrf52840_xxaa/nrfx_uarte.c.o
 .text.nrf_uarte_baudrate_set
                0x00002862       0x14 build/nrf52840_xxaa/nrfx_uarte.c.o
 .text.nrf_uarte_tx_buffer_set
                0x00002876       0x1e build/nrf52840_xxaa/nrfx_uarte.c.o
 .text.nrf_uarte_tx_amount_get
                0x00002894       0x10 build/nrf52840_xxaa/nrfx_uarte.c.o
 .text.nrf_uarte_rx_buffer_set
                0x000028a4       0x1e build/nrf52840_xxaa/nrfx_uarte.c.o
 .text.nrf_uarte_rx_amount_get
                0x000028c2       0x10 build/nrf52840_xxaa/nrfx_uarte.c.o
 *fill*         0x000028d2        0x2 
 .text.nrf_gpio_pin_port_decode
                0x000028d4       0x2c build/nrf52840_xxaa/nrfx_uarte.c.o
 .text.nrf_gpio_cfg
                0x00002900       0x62 build/nrf52840_xxaa/nrfx_uarte.c.o
 .text.nrf_gpio_cfg_output
                0x00002962       0x22 build/nrf52840_xxaa/nrfx_uarte.c.o
 .text.nrf_gpio_cfg_input
                0x00002984       0x2a build/nrf52840_xxaa/nrfx_uarte.c.o
 .text.nrf_gpio_pin_set
                0x000029ae       0x28 build/nrf52840_xxaa/nrfx_uarte.c.o
 .text.nrf_gpio_port_out_set
                0x000029d6       0x14 build/nrf52840_xxaa/nrfx_uarte.c.o
 .text.apply_config
                0x000029ea       0xc6 build/nrf52840_xxaa/nrfx_uarte.c.o
 .text.interrupts_enable
                0x00002ab0       0x98 build/nrf52840_xxaa/nrfx_uarte.c.o
 .text.nrfx_uarte_init
                0x00002b48       0xbc build/nrf52840_xxaa/nrfx_uarte.c.o
                0x00002b48                nrfx_uarte_init
 .text.nrfx_uarte_tx
                0x00002c04      0x12c build/nrf52840_xxaa/nrfx_uarte.c.o
                0x00002c04                nrfx_uarte_tx
 .text.nrfx_uarte_tx_in_progress
                0x00002d30       0x30 build/nrf52840_xxaa/nrfx_uarte.c.o
                0x00002d30                nrfx_uarte_tx_in_progress
 .text.nrfx_uarte_rx
                0x00002d60      0x1dc build/nrf52840_xxaa/nrfx_uarte.c.o
                0x00002d60                nrfx_uarte_rx
 .text.rx_done_event
                0x00002f3c       0x2e build/nrf52840_xxaa/nrfx_uarte.c.o
 .text.tx_done_event
                0x00002f6a       0x34 build/nrf52840_xxaa/nrfx_uarte.c.o
 .text.uarte_irq_handler
                0x00002f9e      0x18c build/nrf52840_xxaa/nrfx_uarte.c.o
 *fill*         0x0000312a        0x2 
 .text.nrfx_uarte_0_irq_handler
                0x0000312c       0x18 build/nrf52840_xxaa/nrfx_uarte.c.o
                0x0000312c                nrfx_uarte_0_irq_handler
 .text.bms_monitor_task
                0x00003144       0x5c build/nrf52840_xxaa/main.c.o
 .text.bms_estimation_task
                0x000031a0      0x148 build/nrf52840_xxaa/main.c.o
 .text.bms_protection_task
                0x000032e8      0x14c build/nrf52840_xxaa/main.c.o
 .text.bms_comm_task
                0x00003434       0x88 build/nrf52840_xxaa/main.c.o
 .text.bms_crc8_mxm
                0x000034bc       0x50 build/nrf52840_xxaa/main.c.o
 .text.bms_uart_apply_thresholds_unsafe
                0x0000350c       0xa0 build/nrf52840_xxaa/main.c.o
 .text.bms_uart_apply_write_device
                0x000035ac      0x2c0 build/nrf52840_xxaa/main.c.o
 .text.bms_uart_handle_frame
                0x0000386c       0x80 build/nrf52840_xxaa/main.c.o
 .text.bms_uart_rx_task
                0x000038ec      0x134 build/nrf52840_xxaa/main.c.o
                0x000038ec                bms_uart_rx_task
 .text.simulate_pack_voltage_current_temp
                0x00003a20      0x138 build/nrf52840_xxaa/main.c.o
 .text.uart_error_handle
                0x00003b58       0x34 build/nrf52840_xxaa/main.c.o
                0x00003b58                uart_error_handle
 .text.workload_task
                0x00003b8c       0x48 build/nrf52840_xxaa/main.c.o
                0x00003b8c                workload_task
 .text.reset_hotpatch
                0x00003bd4       0x6c build/nrf52840_xxaa/main.c.o
                0x00003bd4                reset_hotpatch
 .text.parse_result
                0x00003c40       0x40 build/nrf52840_xxaa/main.c.o
                0x00003c40                parse_result
 .text.task_hp_manager
                0x00003c80      0x118 build/nrf52840_xxaa/main.c.o
                0x00003c80                task_hp_manager
 .text.main     0x00003d98      0x1fc build/nrf52840_xxaa/main.c.o
                0x00003d98                main
 .text.__NVIC_SystemReset
                0x00003f94       0x28 build/nrf52840_xxaa/system_nrf52.c.o
 .text.nrf52_errata_36
                0x00003fbc       0x64 build/nrf52840_xxaa/system_nrf52.c.o
 .text.nrf52_errata_66
                0x00004020       0x64 build/nrf52840_xxaa/system_nrf52.c.o
 .text.nrf52_errata_98
                0x00004084       0x64 build/nrf52840_xxaa/system_nrf52.c.o
 .text.nrf52_errata_103
                0x000040e8       0x64 build/nrf52840_xxaa/system_nrf52.c.o
 .text.nrf52_errata_115
                0x0000414c       0x64 build/nrf52840_xxaa/system_nrf52.c.o
 .text.nrf52_errata_120
                0x000041b0       0x64 build/nrf52840_xxaa/system_nrf52.c.o
 .text.nrf52_errata_136
                0x00004214       0x64 build/nrf52840_xxaa/system_nrf52.c.o
 .text.nrf52_errata_249
                0x00004278       0x64 build/nrf52840_xxaa/system_nrf52.c.o
 .text.nrf52_handle_approtect
                0x000042dc       0x20 build/nrf52840_xxaa/system_nrf52.c.o
 .text.nvmc_wait
                0x000042fc       0x18 build/nrf52840_xxaa/system_nrf52.c.o
                0x000042fc                nvmc_wait
 .text.nvmc_config
                0x00004314       0x20 build/nrf52840_xxaa/system_nrf52.c.o
                0x00004314                nvmc_config
 .text.SystemCoreClockUpdate
                0x00004334       0x14 build/nrf52840_xxaa/system_nrf52.c.o
                0x00004334                SystemCoreClockUpdate
 .text.SystemInit
                0x00004348      0x228 build/nrf52840_xxaa/system_nrf52.c.o
                0x00004348                SystemInit
 .text.nrf_wdt_started
                0x00004570       0x18 build/nrf52840_xxaa/nrf_drv_clock.c.o
 .text.nrf_drv_clock_init
                0x00004588       0x64 build/nrf52840_xxaa/nrf_drv_clock.c.o
                0x00004588                nrf_drv_clock_init
 .text.item_enqueue
                0x000045ec       0x38 build/nrf52840_xxaa/nrf_drv_clock.c.o
 .text.item_dequeue
                0x00004624       0x20 build/nrf52840_xxaa/nrf_drv_clock.c.o
 .text.nrf_drv_clock_lfclk_request
                0x00004644       0x78 build/nrf52840_xxaa/nrf_drv_clock.c.o
                0x00004644                nrf_drv_clock_lfclk_request
 .text.clock_clk_started_notify
                0x000046bc       0x4c build/nrf52840_xxaa/nrf_drv_clock.c.o
 .text.clock_irq_handler
                0x00004708       0x40 build/nrf52840_xxaa/nrf_drv_clock.c.o
 .text.__NVIC_EnableIRQ
                0x00004748       0x34 build/nrf52840_xxaa/nrfx_clock.c.o
 .text.__NVIC_SetPriority
                0x0000477c       0x50 build/nrf52840_xxaa/nrfx_clock.c.o
 .text.nrfx_get_irq_number
                0x000047cc       0x10 build/nrf52840_xxaa/nrfx_clock.c.o
 .text._NRFX_IRQ_PRIORITY_SET
                0x000047dc       0x2a build/nrf52840_xxaa/nrfx_clock.c.o
 .text._NRFX_IRQ_ENABLE
                0x00004806       0x1c build/nrf52840_xxaa/nrfx_clock.c.o
 *fill*         0x00004822        0x2 
 .text._NRFX_IRQ_IS_ENABLED
                0x00004824       0x4c build/nrf52840_xxaa/nrfx_clock.c.o
 .text.nrf_clock_int_enable
                0x00004870       0x14 build/nrf52840_xxaa/nrfx_clock.c.o
 .text.nrf_clock_int_disable
                0x00004884       0x14 build/nrf52840_xxaa/nrfx_clock.c.o
 .text.nrf_clock_task_trigger
                0x00004898       0x1a build/nrf52840_xxaa/nrfx_clock.c.o
 .text.nrf_clock_event_clear
                0x000048b2       0x28 build/nrf52840_xxaa/nrfx_clock.c.o
 .text.nrf_clock_event_check
                0x000048da       0x22 build/nrf52840_xxaa/nrfx_clock.c.o
 .text.nrf_clock_lf_src_set
                0x000048fc       0x14 build/nrf52840_xxaa/nrfx_clock.c.o
 .text.nrfx_power_clock_irq_init
                0x00004910       0x56 build/nrf52840_xxaa/nrfx_clock.c.o
 *fill*         0x00004966        0x2 
 .text.nrfx_clock_init
                0x00004968       0x34 build/nrf52840_xxaa/nrfx_clock.c.o
                0x00004968                nrfx_clock_init
 .text.nrfx_clock_enable
                0x0000499c       0x10 build/nrf52840_xxaa/nrfx_clock.c.o
                0x0000499c                nrfx_clock_enable
 .text.nrfx_clock_lfclk_start
                0x000049ac       0x1a build/nrf52840_xxaa/nrfx_clock.c.o
                0x000049ac                nrfx_clock_lfclk_start
 *fill*         0x000049c6        0x2 
 .text.POWER_CLOCK_IRQHandler
                0x000049c8       0x68 build/nrf52840_xxaa/nrfx_clock.c.o
                0x000049c8                POWER_CLOCK_IRQHandler
 .text.nrf_gpiote_event_is_set
                0x00004a30       0x2a build/nrf52840_xxaa/nrfx_gpiote.c.o
 .text.nrf_gpiote_event_clear
                0x00004a5a       0x36 build/nrf52840_xxaa/nrfx_gpiote.c.o
 .text.nrf_gpiote_event_addr_get
                0x00004a90       0x1a build/nrf52840_xxaa/nrfx_gpiote.c.o
 *fill*         0x00004aaa        0x2 
 .text.nrf_gpiote_int_is_enabled
                0x00004aac       0x18 build/nrf52840_xxaa/nrfx_gpiote.c.o
 .text.nrf_gpiote_event_pin_get
                0x00004ac4       0x20 build/nrf52840_xxaa/nrfx_gpiote.c.o
 .text.nrf_gpiote_event_polarity_get
                0x00004ae4       0x24 build/nrf52840_xxaa/nrfx_gpiote.c.o
 .text.nrf_gpio_pin_port_decode
                0x00004b08       0x2c build/nrf52840_xxaa/nrfx_gpiote.c.o
 .text.nrf_gpio_cfg_sense_set
                0x00004b34       0x5a build/nrf52840_xxaa/nrfx_gpiote.c.o
 .text.nrf_gpio_pin_sense_get
                0x00004b8e       0x2c build/nrf52840_xxaa/nrfx_gpiote.c.o
 *fill*         0x00004bba        0x2 
 .text.nrf_gpio_latches_read_and_clear
                0x00004bbc       0x68 build/nrf52840_xxaa/nrfx_gpiote.c.o
 .text.nrf_gpio_pin_latch_clear
                0x00004c24       0x28 build/nrf52840_xxaa/nrfx_gpiote.c.o
 .text.nrf_bitmask_bit_is_set
                0x00004c4c       0x30 build/nrf52840_xxaa/nrfx_gpiote.c.o
 .text.channel_port_get
                0x00004c7c       0x1c build/nrf52840_xxaa/nrfx_gpiote.c.o
 .text.channel_handler_get
                0x00004c98       0x18 build/nrf52840_xxaa/nrfx_gpiote.c.o
 .text.port_handler_pin_get
                0x00004cb0       0x28 build/nrf52840_xxaa/nrfx_gpiote.c.o
 .text.port_handler_polarity_get
                0x00004cd8       0x28 build/nrf52840_xxaa/nrfx_gpiote.c.o
 .text.latch_pending_read_and_check
                0x00004d00       0x3e build/nrf52840_xxaa/nrfx_gpiote.c.o
 *fill*         0x00004d3e        0x2 
 .text.port_event_handle
                0x00004d40       0xe4 build/nrf52840_xxaa/nrfx_gpiote.c.o
 .text.GPIOTE_IRQHandler
                0x00004e24      0x108 build/nrf52840_xxaa/nrfx_gpiote.c.o
                0x00004e24                GPIOTE_IRQHandler
 .text.pvPortMalloc
                0x00004f2c      0x164 build/nrf52840_xxaa/heap_4.c.o
                0x00004f2c                pvPortMalloc
 .text.vPortFree
                0x00005090       0x70 build/nrf52840_xxaa/heap_4.c.o
                0x00005090                vPortFree
 .text.prvHeapInit
                0x00005100       0xac build/nrf52840_xxaa/heap_4.c.o
 .text.prvInsertBlockIntoFreeList
                0x000051ac       0xa8 build/nrf52840_xxaa/heap_4.c.o
 .text.vListInitialise
                0x00005254       0x36 build/nrf52840_xxaa/list.c.o
                0x00005254                vListInitialise
 .text.vListInitialiseItem
                0x0000528a       0x10 build/nrf52840_xxaa/list.c.o
                0x0000528a                vListInitialiseItem
 .text.vListInsert
                0x0000529a       0x68 build/nrf52840_xxaa/list.c.o
                0x0000529a                vListInsert
 .text.uxListRemove
                0x00005302       0x4a build/nrf52840_xxaa/list.c.o
                0x00005302                uxListRemove
 .text.xQueueGenericReset
                0x0000534c       0xe8 build/nrf52840_xxaa/queue.c.o
                0x0000534c                xQueueGenericReset
 .text.xQueueGenericCreate
                0x00005434       0x80 build/nrf52840_xxaa/queue.c.o
                0x00005434                xQueueGenericCreate
 .text.prvInitialiseNewQueue
                0x000054b4       0x3e build/nrf52840_xxaa/queue.c.o
 *fill*         0x000054f2        0x2 
 .text.xQueueReceive
                0x000054f4      0x14c build/nrf52840_xxaa/queue.c.o
                0x000054f4                xQueueReceive
 .text.prvCopyDataFromQueue
                0x00005640       0x4a build/nrf52840_xxaa/queue.c.o
 .text.prvUnlockQueue
                0x0000568a       0xae build/nrf52840_xxaa/queue.c.o
 .text.prvIsQueueEmpty
                0x00005738       0x2a build/nrf52840_xxaa/queue.c.o
 *fill*         0x00005762        0x2 
 .text.vQueueAddToRegistry
                0x00005764       0x78 build/nrf52840_xxaa/queue.c.o
                0x00005764                vQueueAddToRegistry
 .text.vQueueWaitForMessageRestricted
                0x000057dc       0x66 build/nrf52840_xxaa/queue.c.o
                0x000057dc                vQueueWaitForMessageRestricted
 .text.prvCreateTask
                0x00005842       0x76 build/nrf52840_xxaa/tasks.c.o
 .text.xTaskCreate
                0x000058b8       0x44 build/nrf52840_xxaa/tasks.c.o
                0x000058b8                xTaskCreate
 .text.prvInitialiseNewTask
                0x000058fc       0xde build/nrf52840_xxaa/tasks.c.o
 *fill*         0x000059da        0x2 
 .text.prvAddNewTaskToReadyList
                0x000059dc      0x130 build/nrf52840_xxaa/tasks.c.o
 .text.vTaskDelay
                0x00005b0c       0x4c build/nrf52840_xxaa/tasks.c.o
                0x00005b0c                vTaskDelay
 .text.prvCreateIdleTasks
                0x00005b58       0xac build/nrf52840_xxaa/tasks.c.o
 .text.vTaskStartScheduler
                0x00005c04       0x5c build/nrf52840_xxaa/tasks.c.o
                0x00005c04                vTaskStartScheduler
 .text.vTaskSuspendAll
                0x00005c60       0x14 build/nrf52840_xxaa/tasks.c.o
                0x00005c60                vTaskSuspendAll
 .text.xTaskResumeAll
                0x00005c74      0x1f8 build/nrf52840_xxaa/tasks.c.o
                0x00005c74                xTaskResumeAll
 .text.xTaskGetTickCount
                0x00005e6c       0x14 build/nrf52840_xxaa/tasks.c.o
                0x00005e6c                xTaskGetTickCount
 .text.xTaskIncrementTick
                0x00005e80      0x210 build/nrf52840_xxaa/tasks.c.o
                0x00005e80                xTaskIncrementTick
 .text.vTaskSwitchContext
                0x00006090       0x98 build/nrf52840_xxaa/tasks.c.o
                0x00006090                vTaskSwitchContext
 .text.vTaskPlaceOnEventList
                0x00006128       0x2c build/nrf52840_xxaa/tasks.c.o
                0x00006128                vTaskPlaceOnEventList
 .text.vTaskPlaceOnEventListRestricted
                0x00006154       0x6c build/nrf52840_xxaa/tasks.c.o
                0x00006154                vTaskPlaceOnEventListRestricted
 .text.xTaskRemoveFromEventList
                0x000061c0      0x18c build/nrf52840_xxaa/tasks.c.o
                0x000061c0                xTaskRemoveFromEventList
 .text.vTaskInternalSetTimeOutState
                0x0000634c       0x24 build/nrf52840_xxaa/tasks.c.o
                0x0000634c                vTaskInternalSetTimeOutState
 .text.xTaskCheckForTimeOut
                0x00006370       0x90 build/nrf52840_xxaa/tasks.c.o
                0x00006370                xTaskCheckForTimeOut
 .text.vTaskMissedYield
                0x00006400       0x10 build/nrf52840_xxaa/tasks.c.o
                0x00006400                vTaskMissedYield
 .text.prvIdleTask
                0x00006410        0xc build/nrf52840_xxaa/tasks.c.o
 .text.prvInitialiseTaskLists
                0x0000641c       0x7c build/nrf52840_xxaa/tasks.c.o
 .text.prvCheckTasksWaitingTermination
                0x00006498       0x58 build/nrf52840_xxaa/tasks.c.o
 .text.prvDeleteTCB
                0x000064f0       0x1e build/nrf52840_xxaa/tasks.c.o
 *fill*         0x0000650e        0x2 
 .text.prvResetNextTaskUnblockTime
                0x00006510       0x2c build/nrf52840_xxaa/tasks.c.o
 .text.xTaskGetSchedulerState
                0x0000653c       0x34 build/nrf52840_xxaa/tasks.c.o
                0x0000653c                xTaskGetSchedulerState
 .text.prvAddCurrentTaskToDelayedList
                0x00006570       0xe0 build/nrf52840_xxaa/tasks.c.o
 .text.xTimerCreateTimerTask
                0x00006650       0x44 build/nrf52840_xxaa/timers.c.o
                0x00006650                xTimerCreateTimerTask
 .text.prvReloadTimer
                0x00006694       0x40 build/nrf52840_xxaa/timers.c.o
 .text.prvProcessExpiredTimer
                0x000066d4       0x5c build/nrf52840_xxaa/timers.c.o
 .text.prvTimerTask
                0x00006730       0x22 build/nrf52840_xxaa/timers.c.o
 *fill*         0x00006752        0x2 
 .text.prvProcessTimerOrBlockTask
                0x00006754       0x9c build/nrf52840_xxaa/timers.c.o
 .text.prvGetNextExpireTime
                0x000067f0       0x3c build/nrf52840_xxaa/timers.c.o
 .text.prvSampleTimeNow
                0x0000682c       0x3c build/nrf52840_xxaa/timers.c.o
 .text.prvInsertTimerInActiveList
                0x00006868       0x84 build/nrf52840_xxaa/timers.c.o
 .text.prvProcessReceivedCommands
                0x000068ec      0x18c build/nrf52840_xxaa/timers.c.o
 .text.prvSwitchTimerLists
                0x00006a78       0x48 build/nrf52840_xxaa/timers.c.o
 .text.prvCheckForValidListAndQueue
                0x00006ac0       0x6c build/nrf52840_xxaa/timers.c.o
 .text.vPortStartFirstTask
                0x00006b2c       0x20 build/nrf52840_xxaa/port.c.o
                0x00006b2c                vPortStartFirstTask
 .text.SVC_Handler
                0x00006b4c       0x24 build/nrf52840_xxaa/port.c.o
                0x00006b4c                SVC_Handler
 .text.PendSV_Handler
                0x00006b70       0x64 build/nrf52840_xxaa/port.c.o
                0x00006b70                PendSV_Handler
 .text.__NVIC_SetPriority
                0x00006bd4       0x50 build/nrf52840_xxaa/port_cmsis.c.o
 .text.pxPortInitialiseStack
                0x00006c24       0x60 build/nrf52840_xxaa/port_cmsis.c.o
                0x00006c24                pxPortInitialiseStack
 .text.prvTaskExitError
                0x00006c84       0x12 build/nrf52840_xxaa/port_cmsis.c.o
 *fill*         0x00006c96        0x2 
 .text.xPortStartScheduler
                0x00006c98       0x4c build/nrf52840_xxaa/port_cmsis.c.o
                0x00006c98                xPortStartScheduler
 .text.vPortEnterCritical
                0x00006ce4       0x24 build/nrf52840_xxaa/port_cmsis.c.o
                0x00006ce4                vPortEnterCritical
 .text.vPortExitCritical
                0x00006d08       0x2c build/nrf52840_xxaa/port_cmsis.c.o
                0x00006d08                vPortExitCritical
 .text.vPortEnableVFP
                0x00006d34       0x18 build/nrf52840_xxaa/port_cmsis.c.o
 .text.__NVIC_EnableIRQ
                0x00006d4c       0x34 build/nrf52840_xxaa/port_cmsis_systick.c.o
 .text.__NVIC_SetPriority
                0x00006d80       0x50 build/nrf52840_xxaa/port_cmsis_systick.c.o
 .text.ulPortRaiseBASEPRI
                0x00006dd0       0x20 build/nrf52840_xxaa/port_cmsis_systick.c.o
 .text.nrf_rtc_int_enable
                0x00006df0       0x14 build/nrf52840_xxaa/port_cmsis_systick.c.o
 .text.nrf_rtc_event_clear
                0x00006e04       0x2a build/nrf52840_xxaa/port_cmsis_systick.c.o
 .text.nrf_rtc_counter_get
                0x00006e2e       0x10 build/nrf52840_xxaa/port_cmsis_systick.c.o
 .text.nrf_rtc_prescaler_set
                0x00006e3e       0x14 build/nrf52840_xxaa/port_cmsis_systick.c.o
 .text.nrf_rtc_task_trigger
                0x00006e52       0x1e build/nrf52840_xxaa/port_cmsis_systick.c.o
 .text.nrf_rtc_event_enable
                0x00006e70       0x14 build/nrf52840_xxaa/port_cmsis_systick.c.o
 .text.RTC1_IRQHandler
                0x00006e84       0x88 build/nrf52840_xxaa/port_cmsis_systick.c.o
                0x00006e84                RTC1_IRQHandler
 .text.vPortSetupTimerInterrupt
                0x00006f0c       0x48 build/nrf52840_xxaa/port_cmsis_systick.c.o
                0x00006f0c                vPortSetupTimerInterrupt
 .text.hp_manager_init
                0x00006f54       0x12 build/nrf52840_xxaa/hp_manager.c.o
                0x00006f54                hp_manager_init
 *fill*         0x00006f66        0x2 
 .text.hp_mpu_init
                0x00006f68       0x94 build/nrf52840_xxaa/hp_freertos_mpu.c.o
                0x00006f68                hp_mpu_init
 .text.hp_mpu_setup_region
                0x00006ffc       0x58 build/nrf52840_xxaa/hp_freertos_mpu.c.o
                0x00006ffc                hp_mpu_setup_region
 .text.kintsugi_read_cyccnt
                0x00007054       0x14 build/nrf52840_xxaa/hp_exception.c.o
 .text.hp_memmanage_handler
                0x00007068      0x118 build/nrf52840_xxaa/hp_exception.c.o
                0x00007068                hp_memmanage_handler
 .text.MemoryManagement_Handler
                0x00007180       0x14 build/nrf52840_xxaa/hp_exception.c.o
                0x00007180                MemoryManagement_Handler
 .text.exit     0x00007194       0x24 /usr/workdir/tools/arm-gnu-toolchain-14.2.rel1-x86_64-arm-none-eabi/bin/../lib/gcc/arm-none-eabi/14.2.1/../../../../arm-none-eabi/lib/thumb/v7e-m+fp/hard/libc_nano.a(libc_a-exit.o)
                0x00007194                exit
 .text.std      0x000071b8       0x6c /usr/workdir/tools/arm-gnu-toolchain-14.2.rel1-x86_64-arm-none-eabi/bin/../lib/gcc/arm-none-eabi/14.2.1/../../../../arm-none-eabi/lib/thumb/v7e-m+fp/hard/libc_nano.a(libc_a-findfp.o)
 .text.stdio_exit_handler
                0x00007224       0x18 /usr/workdir/tools/arm-gnu-toolchain-14.2.rel1-x86_64-arm-none-eabi/bin/../lib/gcc/arm-none-eabi/14.2.1/../../../../arm-none-eabi/lib/thumb/v7e-m+fp/hard/libc_nano.a(libc_a-findfp.o)
 .text.cleanup_stdio
                0x0000723c       0x40 /usr/workdir/tools/arm-gnu-toolchain-14.2.rel1-x86_64-arm-none-eabi/bin/../lib/gcc/arm-none-eabi/14.2.1/../../../../arm-none-eabi/lib/thumb/v7e-m+fp/hard/libc_nano.a(libc_a-findfp.o)
 .text.global_stdio_init.part.0
                0x0000727c       0x40 /usr/workdir/tools/arm-gnu-toolchain-14.2.rel1-x86_64-arm-none-eabi/bin/../lib/gcc/arm-none-eabi/14.2.1/../../../../arm-none-eabi/lib/thumb/v7e-m+fp/hard/libc_nano.a(libc_a-findfp.o)
 .text.__sfp_lock_acquire
                0x000072bc        0xc /usr/workdir/tools/arm-gnu-toolchain-14.2.rel1-x86_64-arm-none-eabi/bin/../lib/gcc/arm-none-eabi/14.2.1/../../../../arm-none-eabi/lib/thumb/v7e-m+fp/hard/libc_nano.a(libc_a-findfp.o)
                0x000072bc                __sfp_lock_acquire
 .text.__sfp_lock_release
                0x000072c8        0xc /usr/workdir/tools/arm-gnu-toolchain-14.2.rel1-x86_64-arm-none-eabi/bin/../lib/gcc/arm-none-eabi/14.2.1/../../../../arm-none-eabi/lib/thumb/v7e-m+fp/hard/libc_nano.a(libc_a-findfp.o)
                0x000072c8                __sfp_lock_release
 .text.__sinit  0x000072d4       0x30 /usr/workdir/tools/arm-gnu-toolchain-14.2.rel1-x86_64-arm-none-eabi/bin/../lib/gcc/arm-none-eabi/14.2.1/../../../../arm-none-eabi/lib/thumb/v7e-m+fp/hard/libc_nano.a(libc_a-findfp.o)
                0x000072d4                __sinit
 .text._fwalk_sglue
                0x00007304       0x3c /usr/workdir/tools/arm-gnu-toolchain-14.2.rel1-x86_64-arm-none-eabi/bin/../lib/gcc/arm-none-eabi/14.2.1/../../../../arm-none-eabi/lib/thumb/v7e-m+fp/hard/libc_nano.a(libc_a-fwalk.o)
                0x00007304                _fwalk_sglue
 .text.printf   0x00007340       0x24 /usr/workdir/tools/arm-gnu-toolchain-14.2.rel1-x86_64-arm-none-eabi/bin/../lib/gcc/arm-none-eabi/14.2.1/../../../../arm-none-eabi/lib/thumb/v7e-m+fp/hard/libc_nano.a(libc_a-printf.o)
                0x00007340                printf
                0x00007340                iprintf
 .text.__sread  0x00007364       0x22 /usr/workdir/tools/arm-gnu-toolchain-14.2.rel1-x86_64-arm-none-eabi/bin/../lib/gcc/arm-none-eabi/14.2.1/../../../../arm-none-eabi/lib/thumb/v7e-m+fp/hard/libc_nano.a(libc_a-stdio.o)
                0x00007364                __sread
 .text.__swrite
                0x00007386       0x38 /usr/workdir/tools/arm-gnu-toolchain-14.2.rel1-x86_64-arm-none-eabi/bin/../lib/gcc/arm-none-eabi/14.2.1/../../../../arm-none-eabi/lib/thumb/v7e-m+fp/hard/libc_nano.a(libc_a-stdio.o)
                0x00007386                __swrite
 .text.__sseek  0x000073be       0x26 /usr/workdir/tools/arm-gnu-toolchain-14.2.rel1-x86_64-arm-none-eabi/bin/../lib/gcc/arm-none-eabi/14.2.1/../../../../arm-none-eabi/lib/thumb/v7e-m+fp/hard/libc_nano.a(libc_a-stdio.o)
                0x000073be                __sseek
 .text.__sclose
                0x000073e4        0x8 /usr/workdir/tools/arm-gnu-toolchain-14.2.rel1-x86_64-arm-none-eabi/bin/../lib/gcc/arm-none-eabi/14.2.1/../../../../arm-none-eabi/lib/thumb/v7e-m+fp/hard/libc_nano.a(libc_a-stdio.o)
                0x000073e4                __sclose
 .text.memset   0x000073ec       0x10 /usr/workdir/tools/arm-gnu-toolchain-14.2.rel1-x86_64-arm-none-eabi/bin/../lib/gcc/arm-none-eabi/14.2.1/../../../../arm-none-eabi/lib/thumb/v7e-m+fp/hard/libc_nano.a(libc_a-memset.o)
                0x000073ec                memset
 .text._close_r
                0x000073fc       0x20 /usr/workdir/tools/arm-gnu-toolchain-14.2.rel1-x86_64-arm-none-eabi/bin/../lib/gcc/arm-none-eabi/14.2.1/../../../../arm-none-eabi/lib/thumb/v7e-m+fp/hard/libc_nano.a(libc_a-closer.o)
                0x000073fc                _close_r
 .text._lseek_r
                0x0000741c       0x24 /usr/workdir/tools/arm-gnu-toolchain-14.2.rel1-x86_64-arm-none-eabi/bin/../lib/gcc/arm-none-eabi/14.2.1/../../../../arm-none-eabi/lib/thumb/v7e-m+fp/hard/libc_nano.a(libc_a-lseekr.o)
                0x0000741c                _lseek_r
 .text._read_r  0x00007440       0x24 /usr/workdir/tools/arm-gnu-toolchain-14.2.rel1-x86_64-arm-none-eabi/bin/../lib/gcc/arm-none-eabi/14.2.1/../../../../arm-none-eabi/lib/thumb/v7e-m+fp/hard/libc_nano.a(libc_a-readr.o)
                0x00007440                _read_r
 .text._write_r
                0x00007464       0x24 /usr/workdir/tools/arm-gnu-toolchain-14.2.rel1-x86_64-arm-none-eabi/bin/../lib/gcc/arm-none-eabi/14.2.1/../../../../arm-none-eabi/lib/thumb/v7e-m+fp/hard/libc_nano.a(libc_a-writer.o)
                0x00007464                _write_r
 .text.__libc_init_array
                0x00007488       0x48 /usr/workdir/tools/arm-gnu-toolchain-14.2.rel1-x86_64-arm-none-eabi/bin/../lib/gcc/arm-none-eabi/14.2.1/../../../../arm-none-eabi/lib/thumb/v7e-m+fp/hard/libc_nano.a(libc_a-init.o)
                0x00007488                __libc_init_array
 .text.__retarget_lock_init_recursive
                0x000074d0        0x2 /usr/workdir/tools/arm-gnu-toolchain-14.2.rel1-x86_64-arm-none-eabi/bin/../lib/gcc/arm-none-eabi/14.2.1/../../../../arm-none-eabi/lib/thumb/v7e-m+fp/hard/libc_nano.a(libc_a-lock.o)
                0x000074d0                __retarget_lock_init_recursive
 .text.__retarget_lock_acquire_recursive
                0x000074d2        0x2 /usr/workdir/tools/arm-gnu-toolchain-14.2.rel1-x86_64-arm-none-eabi/bin/../lib/gcc/arm-none-eabi/14.2.1/../../../../arm-none-eabi/lib/thumb/v7e-m+fp/hard/libc_nano.a(libc_a-lock.o)
                0x000074d2                __retarget_lock_acquire_recursive
 .text.__retarget_lock_release_recursive
                0x000074d4        0x2 /usr/workdir/tools/arm-gnu-toolchain-14.2.rel1-x86_64-arm-none-eabi/bin/../lib/gcc/arm-none-eabi/14.2.1/../../../../arm-none-eabi/lib/thumb/v7e-m+fp/hard/libc_nano.a(libc_a-lock.o)
                0x000074d4                __retarget_lock_release_recursive
 .text.memcpy   0x000074d6       0x1c /usr/workdir/tools/arm-gnu-toolchain-14.2.rel1-x86_64-arm-none-eabi/bin/../lib/gcc/arm-none-eabi/14.2.1/../../../../arm-none-eabi/lib/thumb/v7e-m+fp/hard/libc_nano.a(libc_a-memcpy-stub.o)
                0x000074d6                memcpy
 *fill*         0x000074f2        0x2 
 .text._free_r  0x000074f4       0x94 /usr/workdir/tools/arm-gnu-toolchain-14.2.rel1-x86_64-arm-none-eabi/bin/../lib/gcc/arm-none-eabi/14.2.1/../../../../arm-none-eabi/lib/thumb/v7e-m+fp/hard/libc_nano.a(libc_a-freer.o)
                0x000074f4                _free_r
 .text.sbrk_aligned
                0x00007588       0x44 /usr/workdir/tools/arm-gnu-toolchain-14.2.rel1-x86_64-arm-none-eabi/bin/../lib/gcc/arm-none-eabi/14.2.1/../../../../arm-none-eabi/lib/thumb/v7e-m+fp/hard/libc_nano.a(libc_a-mallocr.o)
 .text._malloc_r
                0x000075cc      0x100 /usr/workdir/tools/arm-gnu-toolchain-14.2.rel1-x86_64-arm-none-eabi/bin/../lib/gcc/arm-none-eabi/14.2.1/../../../../arm-none-eabi/lib/thumb/v7e-m+fp/hard/libc_nano.a(libc_a-mallocr.o)
                0x000075cc                _malloc_r
 .text.__malloc_lock
                0x000076cc        0xc /usr/workdir/tools/arm-gnu-toolchain-14.2.rel1-x86_64-arm-none-eabi/bin/../lib/gcc/arm-none-eabi/14.2.1/../../../../arm-none-eabi/lib/thumb/v7e-m+fp/hard/libc_nano.a(libc_a-mlock.o)
                0x000076cc                __malloc_lock
 .text.__malloc_unlock
                0x000076d8        0xc /usr/workdir/tools/arm-gnu-toolchain-14.2.rel1-x86_64-arm-none-eabi/bin/../lib/gcc/arm-none-eabi/14.2.1/../../../../arm-none-eabi/lib/thumb/v7e-m+fp/hard/libc_nano.a(libc_a-mlock.o)
                0x000076d8                __malloc_unlock
 .text.__sfputc_r
                0x000076e4       0x2e /usr/workdir/tools/arm-gnu-toolchain-14.2.rel1-x86_64-arm-none-eabi/bin/../lib/gcc/arm-none-eabi/14.2.1/../../../../arm-none-eabi/lib/thumb/v7e-m+fp/hard/libc_nano.a(libc_a-nano-vfprintf.o)
 .text.__sfputs_r
                0x00007712       0x24 /usr/workdir/tools/arm-gnu-toolchain-14.2.rel1-x86_64-arm-none-eabi/bin/../lib/gcc/arm-none-eabi/14.2.1/../../../../arm-none-eabi/lib/thumb/v7e-m+fp/hard/libc_nano.a(libc_a-nano-vfprintf.o)
                0x00007712                __sfputs_r
 *fill*         0x00007736        0x2 
 .text._vfprintf_r
                0x00007738      0x230 /usr/workdir/tools/arm-gnu-toolchain-14.2.rel1-x86_64-arm-none-eabi/bin/../lib/gcc/arm-none-eabi/14.2.1/../../../../arm-none-eabi/lib/thumb/v7e-m+fp/hard/libc_nano.a(libc_a-nano-vfprintf.o)
                0x00007738                _vfiprintf_r
                0x00007738                _vfprintf_r
 .text._printf_common
                0x00007968       0xda /usr/workdir/tools/arm-gnu-toolchain-14.2.rel1-x86_64-arm-none-eabi/bin/../lib/gcc/arm-none-eabi/14.2.1/../../../../arm-none-eabi/lib/thumb/v7e-m+fp/hard/libc_nano.a(libc_a-nano-vfprintf_i.o)
                0x00007968                _printf_common
 *fill*         0x00007a42        0x2 
 .text._printf_i
                0x00007a44      0x240 /usr/workdir/tools/arm-gnu-toolchain-14.2.rel1-x86_64-arm-none-eabi/bin/../lib/gcc/arm-none-eabi/14.2.1/../../../../arm-none-eabi/lib/thumb/v7e-m+fp/hard/libc_nano.a(libc_a-nano-vfprintf_i.o)
                0x00007a44                _printf_i
 .text.__sflush_r
                0x00007c84      0x104 /usr/workdir/tools/arm-gnu-toolchain-14.2.rel1-x86_64-arm-none-eabi/bin/../lib/gcc/arm-none-eabi/14.2.1/../../../../arm-none-eabi/lib/thumb/v7e-m+fp/hard/libc_nano.a(libc_a-fflush.o)
                0x00007c84                __sflush_r
 .text._fflush_r
                0x00007d88       0x50 /usr/workdir/tools/arm-gnu-toolchain-14.2.rel1-x86_64-arm-none-eabi/bin/../lib/gcc/arm-none-eabi/14.2.1/../../../../arm-none-eabi/lib/thumb/v7e-m+fp/hard/libc_nano.a(libc_a-fflush.o)
                0x00007d88                _fflush_r
 .text.__swbuf_r
                0x00007dd8       0x7c /usr/workdir/tools/arm-gnu-toolchain-14.2.rel1-x86_64-arm-none-eabi/bin/../lib/gcc/arm-none-eabi/14.2.1/../../../../arm-none-eabi/lib/thumb/v7e-m+fp/hard/libc_nano.a(libc_a-wbuf.o)
                0x00007dd8                __swbuf_r
 .text.__swsetup_r
                0x00007e54       0xa8 /usr/workdir/tools/arm-gnu-toolchain-14.2.rel1-x86_64-arm-none-eabi/bin/../lib/gcc/arm-none-eabi/14.2.1/../../../../arm-none-eabi/lib/thumb/v7e-m+fp/hard/libc_nano.a(libc_a-wsetup.o)
                0x00007e54                __swsetup_r
 .text._sbrk_r  0x00007efc       0x20 /usr/workdir/tools/arm-gnu-toolchain-14.2.rel1-x86_64-arm-none-eabi/bin/../lib/gcc/arm-none-eabi/14.2.1/../../../../arm-none-eabi/lib/thumb/v7e-m+fp/hard/libc_nano.a(libc_a-sbrkr.o)
                0x00007efc                _sbrk_r
 *fill*         0x00007f1c        0x4 
 .text          0x00007f20       0xa0 /usr/workdir/tools/arm-gnu-toolchain-14.2.rel1-x86_64-arm-none-eabi/bin/../lib/gcc/arm-none-eabi/14.2.1/../../../../arm-none-eabi/lib/thumb/v7e-m+fp/hard/libc_nano.a(libc_a-memchr.o)
                0x00007f20                memchr
 .text.__swhatbuf_r
                0x00007fc0       0x48 /usr/workdir/tools/arm-gnu-toolchain-14.2.rel1-x86_64-arm-none-eabi/bin/../lib/gcc/arm-none-eabi/14.2.1/../../../../arm-none-eabi/lib/thumb/v7e-m+fp/hard/libc_nano.a(libc_a-makebuf.o)
                0x00007fc0                __swhatbuf_r
 .text.__smakebuf_r
                0x00008008       0x72 /usr/workdir/tools/arm-gnu-toolchain-14.2.rel1-x86_64-arm-none-eabi/bin/../lib/gcc/arm-none-eabi/14.2.1/../../../../arm-none-eabi/lib/thumb/v7e-m+fp/hard/libc_nano.a(libc_a-makebuf.o)
                0x00008008                __smakebuf_r
 *fill*         0x0000807a        0x2 
 .text._fstat_r
                0x0000807c       0x24 /usr/workdir/tools/arm-gnu-toolchain-14.2.rel1-x86_64-arm-none-eabi/bin/../lib/gcc/arm-none-eabi/14.2.1/../../../../arm-none-eabi/lib/thumb/v7e-m+fp/hard/libc_nano.a(libc_a-fstatr.o)
                0x0000807c                _fstat_r
 .text._isatty_r
                0x000080a0       0x20 /usr/workdir/tools/arm-gnu-toolchain-14.2.rel1-x86_64-arm-none-eabi/bin/../lib/gcc/arm-none-eabi/14.2.1/../../../../arm-none-eabi/lib/thumb/v7e-m+fp/hard/libc_nano.a(libc_a-isattyr.o)
                0x000080a0                _isatty_r
 .text._close   0x000080c0       0x10 /usr/workdir/tools/arm-gnu-toolchain-14.2.rel1-x86_64-arm-none-eabi/bin/../lib/gcc/arm-none-eabi/14.2.1/../../../../arm-none-eabi/lib/thumb/v7e-m+fp/hard/libnosys.a(close.o)
                0x000080c0                _close
 .text._fstat   0x000080d0       0x10 /usr/workdir/tools/arm-gnu-toolchain-14.2.rel1-x86_64-arm-none-eabi/bin/../lib/gcc/arm-none-eabi/14.2.1/../../../../arm-none-eabi/lib/thumb/v7e-m+fp/hard/libnosys.a(fstat.o)
                0x000080d0                _fstat
 .text._isatty  0x000080e0       0x10 /usr/workdir/tools/arm-gnu-toolchain-14.2.rel1-x86_64-arm-none-eabi/bin/../lib/gcc/arm-none-eabi/14.2.1/../../../../arm-none-eabi/lib/thumb/v7e-m+fp/hard/libnosys.a(isatty.o)
                0x000080e0                _isatty
 .text._lseek   0x000080f0       0x10 /usr/workdir/tools/arm-gnu-toolchain-14.2.rel1-x86_64-arm-none-eabi/bin/../lib/gcc/arm-none-eabi/14.2.1/../../../../arm-none-eabi/lib/thumb/v7e-m+fp/hard/libnosys.a(lseek.o)
                0x000080f0                _lseek
 .text._sbrk    0x00008100       0x1c /usr/workdir/tools/arm-gnu-toolchain-14.2.rel1-x86_64-arm-none-eabi/bin/../lib/gcc/arm-none-eabi/14.2.1/../../../../arm-none-eabi/lib/thumb/v7e-m+fp/hard/libnosys.a(sbrk.o)
                0x00008100                _sbrk
 .text._exit    0x0000811c        0x4 /usr/workdir/tools/arm-gnu-toolchain-14.2.rel1-x86_64-arm-none-eabi/bin/../lib/gcc/arm-none-eabi/14.2.1/../../../../arm-none-eabi/lib/thumb/v7e-m+fp/hard/libnosys.a(_exit.o)
                0x0000811c                _exit
 .text          0x00008120      0x378 /usr/workdir/tools/arm-gnu-toolchain-14.2.rel1-x86_64-arm-none-eabi/bin/../lib/gcc/arm-none-eabi/14.2.1/thumb/v7e-m+fp/hard/libgcc.a(_arm_addsubdf3.o)
                0x00008120                __aeabi_drsub
                0x00008128                __aeabi_dsub
                0x00008128                __subdf3
                0x0000812c                __adddf3
                0x0000812c                __aeabi_dadd
                0x000083a4                __aeabi_ui2d
                0x000083a4                __floatunsidf
                0x000083c4                __floatsidf
                0x000083c4                __aeabi_i2d
                0x000083e8                __extendsfdf2
                0x000083e8                __aeabi_f2d
                0x0000842c                __aeabi_ul2d
                0x0000842c                __floatundidf
                0x0000843c                __floatdidf
                0x0000843c                __aeabi_l2d
 *(.init)
 .init          0x00008498        0x4 /usr/workdir/tools/arm-gnu-toolchain-14.2.rel1-x86_64-arm-none-eabi/bin/../lib/gcc/arm-none-eabi/14.2.1/thumb/v7e-m+fp/hard/crti.o
                0x00008498                _init
 .init          0x0000849c        0x8 /usr/workdir/tools/arm-gnu-toolchain-14.2.rel1-x86_64-arm-none-eabi/bin/../lib/gcc/arm-none-eabi/14.2.1/thumb/v7e-m+fp/hard/crtn.o
 *(.fini)
 .fini          0x000084a4        0x4 /usr/workdir/tools/arm-gnu-toolchain-14.2.rel1-x86_64-arm-none-eabi/bin/../lib/gcc/arm-none-eabi/14.2.1/thumb/v7e-m+fp/hard/crti.o
                0x000084a4                _fini
 .fini          0x000084a8        0x8 /usr/workdir/tools/arm-gnu-toolchain-14.2.rel1-x86_64-arm-none-eabi/bin/../lib/gcc/arm-none-eabi/14.2.1/thumb/v7e-m+fp/hard/crtn.o
 .fini.__stub   0x000084b0       0x20 linker stubs
 *crtbegin.o(.ctors)
 *crtbegin?.o(.ctors)
 *(EXCLUDE_FILE(*crtend.o *crtend?.o) .ctors)
 *(SORT_BY_NAME(.ctors.*))
 *(.ctors)
 *crtbegin.o(.dtors)
 *crtbegin?.o(.dtors)
 *(EXCLUDE_FILE(*crtend.o *crtend?.o) .dtors)
 *(SORT_BY_NAME(.dtors.*))
 *(.dtors)
 *(.rodata*)
 .rodata.m_log_push_ringbuf
                0x000084d0        0xc build/nrf52840_xxaa/nrf_log_frontend.c.o
 .rodata        0x000084dc       0x15 build/nrf52840_xxaa/nrf_log_frontend.c.o
 *fill*         0x000084f1        0x3 
 .rodata        0x000084f4       0x19 build/nrf52840_xxaa/app_error_weak.c.o
 *fill*         0x0000850d        0x3 
 .rodata        0x00008510       0x20 build/nrf52840_xxaa/app_uart_fifo.c.o
 .rodata        0x00008530        0x4 build/nrf52840_xxaa/nrfx_prs.c.o
 .rodata        0x00008534        0x5 build/nrf52840_xxaa/nrfx_uart.c.o
 *fill*         0x00008539        0x3 
 .rodata.irq_handlers.0
                0x0000853c        0x4 build/nrf52840_xxaa/nrfx_uart.c.o
 .rodata        0x00008540        0x6 build/nrf52840_xxaa/nrfx_uarte.c.o
 *fill*         0x00008546        0x2 
 .rodata.irq_handlers.0
                0x00008548        0x4 build/nrf52840_xxaa/nrfx_uarte.c.o
 .rodata        0x0000854c      0x5f4 build/nrf52840_xxaa/main.c.o
 .rodata.table.6
                0x00008b40      0x100 build/nrf52840_xxaa/main.c.o
 .rodata        0x00008c40        0x6 build/nrf52840_xxaa/nrf_drv_clock.c.o
 *fill*         0x00008c46        0x2 
 .rodata        0x00008c48        0x6 build/nrf52840_xxaa/nrfx_clock.c.o
 *fill*         0x00008c4e        0x2 
 .rodata        0x00008c50        0xf build/nrf52840_xxaa/nrfx_gpiote.c.o
 *fill*         0x00008c5f        0x1 
 .rodata.uxTopUsedPriority
                0x00008c60        0x4 build/nrf52840_xxaa/tasks.c.o
 .rodata        0x00008c64        0x5 build/nrf52840_xxaa/tasks.c.o
 *fill*         0x00008c69        0x3 
 .rodata        0x00008c6c        0xd build/nrf52840_xxaa/timers.c.o
 *fill*         0x00008c79        0x3 
 .rodata.hp_patchable_memory_regions
                0x00008c7c        0x8 build/nrf52840_xxaa/hp_manager.c.o
 .rodata        0x00008c84      0x2c0 build/nrf52840_xxaa/hp_manager.c.o
 .rodata        0x00008f44       0x4b build/nrf52840_xxaa/hp_code.c.o
 *fill*         0x00008f8f        0x1 
 .rodata.hp_guard_region_hp_context
                0x00008f90       0x14 build/nrf52840_xxaa/hp_guard.c.o
                0x00008f90                hp_guard_region_hp_context
 .rodata.hp_guard_region_hp_slots
                0x00008fa4       0x14 build/nrf52840_xxaa/hp_guard.c.o
                0x00008fa4                hp_guard_region_hp_slots
 .rodata.hp_guard_region_hp_code
                0x00008fb8       0x14 build/nrf52840_xxaa/hp_guard.c.o
                0x00008fb8                hp_guard_region_hp_code
 .rodata.hp_guard_region_firmware
                0x00008fcc       0x14 build/nrf52840_xxaa/hp_guard.c.o
                0x00008fcc                hp_guard_region_firmware
 .rodata        0x00008fe0      0x113 build/nrf52840_xxaa/hp_slot.c.o
 *fill*         0x000090f3        0x1 
 .rodata        0x000090f4       0x3a build/nrf52840_xxaa/hp_exception.c.o
 .rodata._vfprintf_r.str1.1
                0x0000912e       0x33 /usr/workdir/tools/arm-gnu-toolchain-14.2.rel1-x86_64-arm-none-eabi/bin/../lib/gcc/arm-none-eabi/14.2.1/../../../../arm-none-eabi/lib/thumb/v7e-m+fp/hard/libc_nano.a(libc_a-nano-vfprintf.o)
                                 0x11 (size before relaxing)
 .rodata._printf_i.str1.1
                0x00009161       0x22 /usr/workdir/tools/arm-gnu-toolchain-14.2.rel1-x86_64-arm-none-eabi/bin/../lib/gcc/arm-none-eabi/14.2.1/../../../../arm-none-eabi/lib/thumb/v7e-m+fp/hard/libc_nano.a(libc_a-nano-vfprintf_i.o)
 *(.eh_frame*)
 *fill*         0x00009161        0x3 
 .eh_frame      0x00009164        0x0 /usr/workdir/tools/arm-gnu-toolchain-14.2.rel1-x86_64-arm-none-eabi/bin/../lib/gcc/arm-none-eabi/14.2.1/thumb/v7e-m+fp/hard/crtbegin.o
 .eh_frame      0x00009164        0x4 /usr/workdir/tools/arm-gnu-toolchain-14.2.rel1-x86_64-arm-none-eabi/bin/../lib/gcc/arm-none-eabi/14.2.1/thumb/v7e-m+fp/hard/crtend.o

.glue_7         0x00009168        0x0
 .glue_7        0x00009168        0x0 linker stubs

.glue_7t        0x00009168        0x0
 .glue_7t       0x00009168        0x0 linker stubs

.vfp11_veneer   0x00009168        0x0
 .vfp11_veneer  0x00009168        0x0 linker stubs

.v4_bx          0x00009168        0x0
 .v4_bx         0x00009168        0x0 linker stubs

.iplt           0x00009168        0x0
 .iplt          0x00009168        0x0 /usr/workdir/tools/arm-gnu-toolchain-14.2.rel1-x86_64-arm-none-eabi/bin/../lib/gcc/arm-none-eabi/14.2.1/thumb/v7e-m+fp/hard/crtbegin.o

.mem_section_dummy_rom

.log_const_data
                0x00009168       0x38
                0x00009168                        PROVIDE (__start_log_const_data = .)
 *(SORT_BY_NAME(.log_const_data*))
 .log_const_data_CLOCK
                0x00009168        0x8 build/nrf52840_xxaa/nrfx_clock.c.o
                0x00009168                m_nrf_log_CLOCK_logs_data_const
 .log_const_data_GPIOTE
                0x00009170        0x8 build/nrf52840_xxaa/nrfx_gpiote.c.o
                0x00009170                m_nrf_log_GPIOTE_logs_data_const
 .log_const_data_PRS
                0x00009178        0x8 build/nrf52840_xxaa/nrfx_prs.c.o
                0x00009178                m_nrf_log_PRS_logs_data_const
 .log_const_data_UART
                0x00009180        0x8 build/nrf52840_xxaa/nrfx_uart.c.o
                0x00009180                m_nrf_log_UART_logs_data_const
 .log_const_data_UARTE
                0x00009188        0x8 build/nrf52840_xxaa/nrfx_uarte.c.o
                0x00009188                m_nrf_log_UARTE_logs_data_const
 .log_const_data_app
                0x00009190        0x8 build/nrf52840_xxaa/nrf_log_frontend.c.o
                0x00009190                m_nrf_log_app_logs_data_const
 .log_const_data_clock
                0x00009198        0x8 build/nrf52840_xxaa/nrf_drv_clock.c.o
                0x00009198                m_nrf_log_clock_logs_data_const
                0x000091a0                        PROVIDE (__stop_log_const_data = .)

.log_backends   0x000091a0        0x0
                [!provide]                        PROVIDE (__start_log_backends = .)
 *(SORT_BY_NAME(.log_backends*))
                [!provide]                        PROVIDE (__stop_log_backends = .)

.nrf_balloc     0x000091a0       0x14
                [!provide]                        PROVIDE (__start_nrf_balloc = .)
 *(.nrf_balloc)
 .nrf_balloc    0x000091a0       0x14 build/nrf52840_xxaa/nrf_log_frontend.c.o
                0x000091a0                log_mempool
                [!provide]                        PROVIDE (__stop_nrf_balloc = .)

.ARM.extab
 *(.ARM.extab* .gnu.linkonce.armextab.*)
                0x000091b4                        __exidx_start = .

.ARM.exidx      0x000091b4        0x8
 *(.ARM.exidx* .gnu.linkonce.armexidx.*)
 .ARM.exidx     0x000091b4        0x8 /usr/workdir/tools/arm-gnu-toolchain-14.2.rel1-x86_64-arm-none-eabi/bin/../lib/gcc/arm-none-eabi/14.2.1/../../../../arm-none-eabi/lib/thumb/v7e-m+fp/hard/crt0.o
                                 0x10 (size before relaxing)
 .ARM.exidx     0x000091bc        0x0 /usr/workdir/tools/arm-gnu-toolchain-14.2.rel1-x86_64-arm-none-eabi/bin/../lib/gcc/arm-none-eabi/14.2.1/../../../../arm-none-eabi/lib/thumb/v7e-m+fp/hard/libc_nano.a(libc_a-memchr.o)
                                  0x8 (size before relaxing)
                0x000091bc                        __exidx_end = .

.rel.dyn        0x000091bc        0x0
 .rel.iplt      0x000091bc        0x0 /usr/workdir/tools/arm-gnu-toolchain-14.2.rel1-x86_64-arm-none-eabi/bin/../lib/gcc/arm-none-eabi/14.2.1/thumb/v7e-m+fp/hard/crtbegin.o
                0x000091bc                        . = ALIGN (0x4)
                0x000091bc                        __etext = .

.data           0x20004000       0xf0 load address 0x000091bc
                0x20004000                        __data_start__ = .
 *(vtable)
 *(.data*)
 .data.m_buffer_mask
                0x20004000        0x4 build/nrf52840_xxaa/nrf_log_frontend.c.o
 .data.app_uart_inst
                0x20004004       0x14 build/nrf52840_xxaa/app_uart_fifo.c.o
 .data.g_bms_thresh
                0x20004018       0x14 build/nrf52840_xxaa/main.c.o
                0x20004018                g_bms_thresholds
 .data.g_bms_calibration
                0x2000402c        0xc build/nrf52840_xxaa/main.c.o
 .data.SystemCoreClock
                0x20004038        0x4 build/nrf52840_xxaa/system_nrf52.c.o
                0x20004038                SystemCoreClock
 .data.mpu_region_defs
                0x2000403c       0x40 build/nrf52840_xxaa/hp_freertos_mpu.c.o
                0x2000403c                mpu_region_defs
 .data.kintsugi_diag
                0x2000407c       0x10 build/nrf52840_xxaa/hp_exception.c.o
                0x2000407c                kintsugi_memmanage_count
                0x20004080                kintsugi_last_mmfaddr
                0x20004084                kintsugi_attack_cyccnt
                0x20004088                kintsugi_fault_cyccnt
 .data.__sglue  0x2000408c        0xc /usr/workdir/tools/arm-gnu-toolchain-14.2.rel1-x86_64-arm-none-eabi/bin/../lib/gcc/arm-none-eabi/14.2.1/../../../../arm-none-eabi/lib/thumb/v7e-m+fp/hard/libc_nano.a(libc_a-findfp.o)
                0x2000408c                __sglue
 .data._impure_ptr
                0x20004098        0x4 /usr/workdir/tools/arm-gnu-toolchain-14.2.rel1-x86_64-arm-none-eabi/bin/../lib/gcc/arm-none-eabi/14.2.1/../../../../arm-none-eabi/lib/thumb/v7e-m+fp/hard/libc_nano.a(libc_a-impure.o)
                0x20004098                _impure_ptr
 .data._impure_data
                0x2000409c       0x4c /usr/workdir/tools/arm-gnu-toolchain-14.2.rel1-x86_64-arm-none-eabi/bin/../lib/gcc/arm-none-eabi/14.2.1/../../../../arm-none-eabi/lib/thumb/v7e-m+fp/hard/libc_nano.a(libc_a-impure.o)
                0x2000409c                _impure_data
                0x200040e8                        . = ALIGN (0x4)
                0x200040e8                        PROVIDE (__preinit_array_start = .)
 *(.preinit_array)
                0x200040e8                        PROVIDE (__preinit_array_end = .)
                0x200040e8                        . = ALIGN (0x4)
                0x200040e8                        PROVIDE (__init_array_start = .)
 *(SORT_BY_NAME(.init_array.*))
 *(.init_array)
 .init_array    0x200040e8        0x4 /usr/workdir/tools/arm-gnu-toolchain-14.2.rel1-x86_64-arm-none-eabi/bin/../lib/gcc/arm-none-eabi/14.2.1/thumb/v7e-m+fp/hard/crtbegin.o
                0x200040ec                        PROVIDE (__init_array_end = .)
                0x200040ec                        . = ALIGN (0x4)
                [!provide]                        PROVIDE (__fini_array_start = .)
 *(SORT_BY_NAME(.fini_array.*))
 *(.fini_array)
 .fini_array    0x200040ec        0x4 /usr/workdir/tools/arm-gnu-toolchain-14.2.rel1-x86_64-arm-none-eabi/bin/../lib/gcc/arm-none-eabi/14.2.1/thumb/v7e-m+fp/hard/crtbegin.o
                [!provide]                        PROVIDE (__fini_array_end = .)
 *(.jcr*)
                0x200040f0                        . = ALIGN (0x4)
                0x200040f0                        __data_end__ = .
LOAD /usr/workdir/tools/arm-gnu-toolchain-14.2.rel1-x86_64-arm-none-eabi/bin/../lib/gcc/arm-none-eabi/14.2.1/thumb/v7e-m+fp/hard/crti.o
LOAD /usr/workdir/tools/arm-gnu-toolchain-14.2.rel1-x86_64-arm-none-eabi/bin/../lib/gcc/arm-none-eabi/14.2.1/thumb/v7e-m+fp/hard/crtbegin.o
LOAD /usr/workdir/tools/arm-gnu-toolchain-14.2.rel1-x86_64-arm-none-eabi/bin/../lib/gcc/arm-none-eabi/14.2.1/../../../../arm-none-eabi/lib/thumb/v7e-m+fp/hard/crt0.o
LOAD build/nrf52840_xxaa/gcc_startup_nrf52.S.o
LOAD build/nrf52840_xxaa/nrf_log_backend_rtt.c.o
LOAD build/nrf52840_xxaa/nrf_log_backend_serial.c.o
LOAD build/nrf52840_xxaa/nrf_log_default_backends.c.o
LOAD build/nrf52840_xxaa/nrf_log_frontend.c.o
LOAD build/nrf52840_xxaa/nrf_log_str_formatter.c.o
LOAD build/nrf52840_xxaa/boards.c.o
LOAD build/nrf52840_xxaa/app_error.c.o
LOAD build/nrf52840_xxaa/app_error_handler_gcc.c.o
LOAD build/nrf52840_xxaa/app_error_weak.c.o
LOAD build/nrf52840_xxaa/app_fifo.c.o
LOAD build/nrf52840_xxaa/app_uart_fifo.c.o
LOAD build/nrf52840_xxaa/app_util_platform.c.o
LOAD build/nrf52840_xxaa/app_button.c.o
LOAD build/nrf52840_xxaa/nrf_assert.c.o
LOAD build/nrf52840_xxaa/nrf_atomic.c.o
LOAD build/nrf52840_xxaa/nrf_balloc.c.o
LOAD build/nrf52840_xxaa/nrf_fprintf.c.o
LOAD build/nrf52840_xxaa/nrf_fprintf_format.c.o
LOAD build/nrf52840_xxaa/nrf_memobj.c.o
LOAD build/nrf52840_xxaa/nrf_ringbuf.c.o
LOAD build/nrf52840_xxaa/nrf_strerror.c.o
LOAD build/nrf52840_xxaa/retarget.c.o
LOAD build/nrf52840_xxaa/nrf_drv_uart.c.o
LOAD build/nrf52840_xxaa/nrfx_atomic.c.o
LOAD build/nrf52840_xxaa/nrfx_prs.c.o
LOAD build/nrf52840_xxaa/nrfx_uart.c.o
LOAD build/nrf52840_xxaa/nrfx_uarte.c.o
LOAD build/nrf52840_xxaa/main.c.o
LOAD build/nrf52840_xxaa/system_nrf52.c.o
LOAD build/nrf52840_xxaa/nrf_drv_clock.c.o
LOAD build/nrf52840_xxaa/nrf_nvic.c.o
LOAD build/nrf52840_xxaa/nrf_soc.c.o
LOAD build/nrf52840_xxaa/nrfx_clock.c.o
LOAD build/nrf52840_xxaa/nrfx_gpiote.c.o
LOAD build/nrf52840_xxaa/croutine.c.o
LOAD build/nrf52840_xxaa/event_groups.c.o
LOAD build/nrf52840_xxaa/heap_4.c.o
LOAD build/nrf52840_xxaa/list.c.o
LOAD build/nrf52840_xxaa/queue.c.o
LOAD build/nrf52840_xxaa/stream_buffer.c.o
LOAD build/nrf52840_xxaa/tasks.c.o
LOAD build/nrf52840_xxaa/timers.c.o
LOAD build/nrf52840_xxaa/app_timer_freertos.c.o
LOAD build/nrf52840_xxaa/port.c.o
LOAD build/nrf52840_xxaa/port_cmsis.c.o
LOAD build/nrf52840_xxaa/port_cmsis_systick.c.o
LOAD build/nrf52840_xxaa/sample.c.o
LOAD build/nrf52840_xxaa/hp_manager.c.o
LOAD build/nrf52840_xxaa/hp_applicator.c.o
LOAD build/nrf52840_xxaa/hp_code.c.o
LOAD build/nrf52840_xxaa/hp_guard.c.o
LOAD build/nrf52840_xxaa/hp_slot.c.o
LOAD build/nrf52840_xxaa/hp_freertos_mpu.c.o
LOAD build/nrf52840_xxaa/hp_exception.c.o
LOAD build/nrf52840_xxaa/hp_measure.c.o
LOAD /usr/workdir/tools/arm-gnu-toolchain-14.2.rel1-x86_64-arm-none-eabi/bin/../lib/gcc/arm-none-eabi/14.2.1/../../../../arm-none-eabi/lib/thumb/v7e-m+fp/hard/libc_nano.a
LOAD /usr/workdir/tools/arm-gnu-toolchain-14.2.rel1-x86_64-arm-none-eabi/bin/../lib/gcc/arm-none-eabi/14.2.1/../../../../arm-none-eabi/lib/thumb/v7e-m+fp/hard/libnosys.a
LOAD /usr/workdir/tools/arm-gnu-toolchain-14.2.rel1-x86_64-arm-none-eabi/bin/../lib/gcc/arm-none-eabi/14.2.1/../../../../arm-none-eabi/lib/thumb/v7e-m+fp/hard/libm.a
START GROUP
LOAD /usr/workdir/tools/arm-gnu-toolchain-14.2.rel1-x86_64-arm-none-eabi/bin/../lib/gcc/arm-none-eabi/14.2.1/thumb/v7e-m+fp/hard/libgcc.a
LOAD /usr/workdir/tools/arm-gnu-toolchain-14.2.rel1-x86_64-arm-none-eabi/bin/../lib/gcc/arm-none-eabi/14.2.1/../../../../arm-none-eabi/lib/thumb/v7e-m+fp/hard/libg_nano.a
LOAD /usr/workdir/tools/arm-gnu-toolchain-14.2.rel1-x86_64-arm-none-eabi/bin/../lib/gcc/arm-none-eabi/14.2.1/../../../../arm-none-eabi/lib/thumb/v7e-m+fp/hard/libc_nano.a
END GROUP
START GROUP
LOAD /usr/workdir/tools/arm-gnu-toolchain-14.2.rel1-x86_64-arm-none-eabi/bin/../lib/gcc/arm-none-eabi/14.2.1/thumb/v7e-m+fp/hard/libgcc.a
LOAD /usr/workdir/tools/arm-gnu-toolchain-14.2.rel1-x86_64-arm-none-eabi/bin/../lib/gcc/arm-none-eabi/14.2.1/../../../../arm-none-eabi/lib/thumb/v7e-m+fp/hard/libc_nano.a
END GROUP
LOAD /usr/workdir/tools/arm-gnu-toolchain-14.2.rel1-x86_64-arm-none-eabi/bin/../lib/gcc/arm-none-eabi/14.2.1/thumb/v7e-m+fp/hard/crtend.o
LOAD /usr/workdir/tools/arm-gnu-toolchain-14.2.rel1-x86_64-arm-none-eabi/bin/../lib/gcc/arm-none-eabi/14.2.1/thumb/v7e-m+fp/hard/crtn.o
START GROUP
LOAD /usr/workdir/tools/arm-gnu-toolchain-14.2.rel1-x86_64-arm-none-eabi/bin/../lib/gcc/arm-none-eabi/14.2.1/thumb/v7e-m+fp/hard/libgcc.a
LOAD /usr/workdir/tools/arm-gnu-toolchain-14.2.rel1-x86_64-arm-none-eabi/bin/../lib/gcc/arm-none-eabi/14.2.1/../../../../arm-none-eabi/lib/thumb/v7e-m+fp/hard/libc.a
LOAD /usr/workdir/tools/arm-gnu-toolchain-14.2.rel1-x86_64-arm-none-eabi/bin/../lib/gcc/arm-none-eabi/14.2.1/../../../../arm-none-eabi/lib/thumb/v7e-m+fp/hard/libnosys.a
END GROUP

.tm_clone_table
                0x200040f0        0x0 load address 0x000092ac
 .tm_clone_table
                0x200040f0        0x0 /usr/workdir/tools/arm-gnu-toolchain-14.2.rel1-x86_64-arm-none-eabi/bin/../lib/gcc/arm-none-eabi/14.2.1/thumb/v7e-m+fp/hard/crtbegin.o
 .tm_clone_table
                0x200040f0        0x0 /usr/workdir/tools/arm-gnu-toolchain-14.2.rel1-x86_64-arm-none-eabi/bin/../lib/gcc/arm-none-eabi/14.2.1/thumb/v7e-m+fp/hard/crtend.o

.igot.plt       0x200040f0        0x0 load address 0x000092ac
 .igot.plt      0x200040f0        0x0 /usr/workdir/tools/arm-gnu-toolchain-14.2.rel1-x86_64-arm-none-eabi/bin/../lib/gcc/arm-none-eabi/14.2.1/thumb/v7e-m+fp/hard/crtbegin.o
                0x200040f0                        . = ALIGN (0x4)

.mem_section_dummy_ram

.log_dynamic_data
                0x200040f0        0x0
                0x200040f0                        PROVIDE (__start_log_dynamic_data = .)
 *(SORT_BY_NAME(.log_dynamic_data*))
                [!provide]                        PROVIDE (__stop_log_dynamic_data = .)

.log_filter_data
                0x200040f0        0x0
                [!provide]                        PROVIDE (__start_log_filter_data = .)
 *(SORT_BY_NAME(.log_filter_data*))
                [!provide]                        PROVIDE (__stop_log_filter_data = .)

.bss            0x200040f0     0x892c load address 0x000092ac
                0x200040f0                        . = ALIGN (0x4)
                0x200040f0                        __bss_start__ = .
 *(.bss*)
 .bss.completed.1
                0x200040f0        0x1 /usr/workdir/tools/arm-gnu-toolchain-14.2.rel1-x86_64-arm-none-eabi/bin/../lib/gcc/arm-none-eabi/14.2.1/thumb/v7e-m+fp/hard/crtbegin.o
 *fill*         0x200040f1        0x3 
 .bss.object.0  0x200040f4       0x18 /usr/workdir/tools/arm-gnu-toolchain-14.2.rel1-x86_64-arm-none-eabi/bin/../lib/gcc/arm-none-eabi/14.2.1/thumb/v7e-m+fp/hard/crtbegin.o
 .bss.log_mempool_nrf_balloc_pool_stack
                0x2000410c        0x8 build/nrf52840_xxaa/nrf_log_frontend.c.o
 .bss.log_mempool_nrf_balloc_pool_mem
                0x20004114       0xc0 build/nrf52840_xxaa/nrf_log_frontend.c.o
 .bss.log_mempool_nrf_balloc_cb
                0x200041d4        0x8 build/nrf52840_xxaa/nrf_log_frontend.c.o
 .bss.m_log_push_ringbuf_buf
                0x200041dc      0x400 build/nrf52840_xxaa/nrf_log_frontend.c.o
 .bss.m_log_push_ringbuf_cb
                0x200045dc       0x18 build/nrf52840_xxaa/nrf_log_frontend.c.o
 .bss.m_log_data
                0x200045f4     0x2020 build/nrf52840_xxaa/nrf_log_frontend.c.o
 .bss.m_event_handler
                0x20006614        0x4 build/nrf52840_xxaa/app_uart_fifo.c.o
 .bss.tx_buffer
                0x20006618        0x1 build/nrf52840_xxaa/app_uart_fifo.c.o
 *fill*         0x20006619        0x3 
 .bss.rx_buffer
                0x2000661c        0x1 build/nrf52840_xxaa/app_uart_fifo.c.o
 .bss.m_rx_ovf  0x2000661d        0x1 build/nrf52840_xxaa/app_uart_fifo.c.o
 *fill*         0x2000661e        0x2 
 .bss.m_rx_fifo
                0x20006620       0x10 build/nrf52840_xxaa/app_uart_fifo.c.o
 .bss.m_tx_fifo
                0x20006630       0x10 build/nrf52840_xxaa/app_uart_fifo.c.o
 .bss.m_in_critical_region
                0x20006640        0x4 build/nrf52840_xxaa/app_util_platform.c.o
 .bss.m_handlers
                0x20006644        0x8 build/nrf52840_xxaa/nrf_drv_uart.c.o
 .bss.m_contexts
                0x2000664c        0x8 build/nrf52840_xxaa/nrf_drv_uart.c.o
 .bss.nrf_drv_uart_use_easy_dma
                0x20006654        0x2 build/nrf52840_xxaa/nrf_drv_uart.c.o
                0x20006654                nrf_drv_uart_use_easy_dma
 *fill*         0x20006656        0x2 
 .bss.m_prs_box_4
                0x20006658        0x8 build/nrf52840_xxaa/nrfx_prs.c.o
 .bss.m_cb      0x20006660       0x2c build/nrf52840_xxaa/nrfx_uart.c.o
 .bss.m_cb      0x2000668c       0x24 build/nrf52840_xxaa/nrfx_uarte.c.o
 .bss.g_bms_state
                0x200066b0       0x14 build/nrf52840_xxaa/main.c.o
 .bss.g_bms_faults
                0x200066c4        0x5 build/nrf52840_xxaa/main.c.o
 .bss.g_bms_last_seq
                0x200066c9        0x1 build/nrf52840_xxaa/main.c.o
 *fill*         0x200066ca        0x2 
 .bss.k         0x200066cc        0x4 build/nrf52840_xxaa/main.c.o
                0x200066cc                k
 .bss.hotpatch_code
                0x200066d0       0x24 build/nrf52840_xxaa/main.c.o
                0x200066d0                hotpatch_code
 .bss.hp_manager_task_handle
                0x200066f4        0x4 build/nrf52840_xxaa/main.c.o
                0x200066f4                hp_manager_task_handle
 .bss.cycle_counter.7
                0x200066f8        0x4 build/nrf52840_xxaa/main.c.o
 .bss.init.5    0x200066fc        0x1 build/nrf52840_xxaa/main.c.o
 *fill*         0x200066fd        0x3 
 .bss.raw_v.4   0x20006700        0x4 build/nrf52840_xxaa/main.c.o
 .bss.raw_i.3   0x20006704        0x4 build/nrf52840_xxaa/main.c.o
 .bss.raw_t.2   0x20006708        0x4 build/nrf52840_xxaa/main.c.o
 .bss.rx_buf.1  0x2000670c      0x800 build/nrf52840_xxaa/main.c.o
 .bss.tx_buf.0  0x20006f0c      0x800 build/nrf52840_xxaa/main.c.o
 .bss.m_clock_cb
                0x2000770c       0x14 build/nrf52840_xxaa/nrf_drv_clock.c.o
 .bss.m_clock_cb
                0x20007720        0x8 build/nrf52840_xxaa/nrfx_clock.c.o
 .bss.m_cb      0x20007728       0x5c build/nrf52840_xxaa/nrfx_gpiote.c.o
 .bss.ucHeap    0x20007784     0x5000 build/nrf52840_xxaa/heap_4.c.o
 .bss.xStart    0x2000c784        0x8 build/nrf52840_xxaa/heap_4.c.o
 .bss.pxEnd     0x2000c78c        0x4 build/nrf52840_xxaa/heap_4.c.o
 .bss.xFreeBytesRemaining
                0x2000c790        0x4 build/nrf52840_xxaa/heap_4.c.o
 .bss.xMinimumEverFreeBytesRemaining
                0x2000c794        0x4 build/nrf52840_xxaa/heap_4.c.o
 .bss.xNumberOfSuccessfulAllocations
                0x2000c798        0x4 build/nrf52840_xxaa/heap_4.c.o
 .bss.xNumberOfSuccessfulFrees
                0x2000c79c        0x4 build/nrf52840_xxaa/heap_4.c.o
 .bss.xQueueRegistry
                0x2000c7a0       0x10 build/nrf52840_xxaa/queue.c.o
                0x2000c7a0                xQueueRegistry
 .bss.pxCurrentTCB
                0x2000c7b0        0x4 build/nrf52840_xxaa/tasks.c.o
                0x2000c7b0                pxCurrentTCB
 .bss.pxReadyTasksLists
                0x2000c7b4       0x3c build/nrf52840_xxaa/tasks.c.o
 .bss.xDelayedTaskList1
                0x2000c7f0       0x14 build/nrf52840_xxaa/tasks.c.o
 .bss.xDelayedTaskList2
                0x2000c804       0x14 build/nrf52840_xxaa/tasks.c.o
 .bss.pxDelayedTaskList
                0x2000c818        0x4 build/nrf52840_xxaa/tasks.c.o
 .bss.pxOverflowDelayedTaskList
                0x2000c81c        0x4 build/nrf52840_xxaa/tasks.c.o
 .bss.xPendingReadyList
                0x2000c820       0x14 build/nrf52840_xxaa/tasks.c.o
 .bss.xTasksWaitingTermination
                0x2000c834       0x14 build/nrf52840_xxaa/tasks.c.o
 .bss.uxDeletedTasksWaitingCleanUp
                0x2000c848        0x4 build/nrf52840_xxaa/tasks.c.o
 .bss.xSuspendedTaskList
                0x2000c84c       0x14 build/nrf52840_xxaa/tasks.c.o
 .bss.uxCurrentNumberOfTasks
                0x2000c860        0x4 build/nrf52840_xxaa/tasks.c.o
 .bss.xTickCount
                0x2000c864        0x4 build/nrf52840_xxaa/tasks.c.o
 .bss.uxTopReadyPriority
                0x2000c868        0x4 build/nrf52840_xxaa/tasks.c.o
 .bss.xSchedulerRunning
                0x2000c86c        0x4 build/nrf52840_xxaa/tasks.c.o
 .bss.xPendedTicks
                0x2000c870        0x4 build/nrf52840_xxaa/tasks.c.o
 .bss.xYieldPendings
                0x2000c874        0x4 build/nrf52840_xxaa/tasks.c.o
 .bss.xNumOfOverflows
                0x2000c878        0x4 build/nrf52840_xxaa/tasks.c.o
 .bss.uxTaskNumber
                0x2000c87c        0x4 build/nrf52840_xxaa/tasks.c.o
 .bss.xNextTaskUnblockTime
                0x2000c880        0x4 build/nrf52840_xxaa/tasks.c.o
 .bss.xIdleTaskHandles
                0x2000c884        0x4 build/nrf52840_xxaa/tasks.c.o
 .bss.uxSchedulerSuspended
                0x2000c888        0x4 build/nrf52840_xxaa/tasks.c.o
 .bss.xActiveTimerList1
                0x2000c88c       0x14 build/nrf52840_xxaa/timers.c.o
 .bss.xActiveTimerList2
                0x2000c8a0       0x14 build/nrf52840_xxaa/timers.c.o
 .bss.pxCurrentTimerList
                0x2000c8b4        0x4 build/nrf52840_xxaa/timers.c.o
 .bss.pxOverflowTimerList
                0x2000c8b8        0x4 build/nrf52840_xxaa/timers.c.o
 .bss.xTimerQueue
                0x2000c8bc        0x4 build/nrf52840_xxaa/timers.c.o
 .bss.xTimerTaskHandle
                0x2000c8c0        0x4 build/nrf52840_xxaa/timers.c.o
 .bss.xLastTime.0
                0x2000c8c4        0x4 build/nrf52840_xxaa/timers.c.o
 .bss.uxCriticalNesting
                0x2000c8c8        0x4 build/nrf52840_xxaa/port_cmsis.c.o
 .bss.__sf      0x2000c8cc      0x138 /usr/workdir/tools/arm-gnu-toolchain-14.2.rel1-x86_64-arm-none-eabi/bin/../lib/gcc/arm-none-eabi/14.2.1/../../../../arm-none-eabi/lib/thumb/v7e-m+fp/hard/libc_nano.a(libc_a-findfp.o)
                0x2000c8cc                __sf
 .bss.__stdio_exit_handler
                0x2000ca04        0x4 /usr/workdir/tools/arm-gnu-toolchain-14.2.rel1-x86_64-arm-none-eabi/bin/../lib/gcc/arm-none-eabi/14.2.1/../../../../arm-none-eabi/lib/thumb/v7e-m+fp/hard/libc_nano.a(libc_a-findfp.o)
                0x2000ca04                __stdio_exit_handler
 .bss.errno     0x2000ca08        0x4 /usr/workdir/tools/arm-gnu-toolchain-14.2.rel1-x86_64-arm-none-eabi/bin/../lib/gcc/arm-none-eabi/14.2.1/../../../../arm-none-eabi/lib/thumb/v7e-m+fp/hard/libc_nano.a(libc_a-reent.o)
                0x2000ca08                errno
 .bss.__lock___malloc_recursive_mutex
                0x2000ca0c        0x1 /usr/workdir/tools/arm-gnu-toolchain-14.2.rel1-x86_64-arm-none-eabi/bin/../lib/gcc/arm-none-eabi/14.2.1/../../../../arm-none-eabi/lib/thumb/v7e-m+fp/hard/libc_nano.a(libc_a-lock.o)
                0x2000ca0c                __lock___malloc_recursive_mutex
 .bss.__lock___sfp_recursive_mutex
                0x2000ca0d        0x1 /usr/workdir/tools/arm-gnu-toolchain-14.2.rel1-x86_64-arm-none-eabi/bin/../lib/gcc/arm-none-eabi/14.2.1/../../../../arm-none-eabi/lib/thumb/v7e-m+fp/hard/libc_nano.a(libc_a-lock.o)
                0x2000ca0d                __lock___sfp_recursive_mutex
 *fill*         0x2000ca0e        0x2 
 .bss.__malloc_sbrk_start
                0x2000ca10        0x4 /usr/workdir/tools/arm-gnu-toolchain-14.2.rel1-x86_64-arm-none-eabi/bin/../lib/gcc/arm-none-eabi/14.2.1/../../../../arm-none-eabi/lib/thumb/v7e-m+fp/hard/libc_nano.a(libc_a-mallocr.o)
                0x2000ca10                __malloc_sbrk_start
 .bss.__malloc_free_list
                0x2000ca14        0x4 /usr/workdir/tools/arm-gnu-toolchain-14.2.rel1-x86_64-arm-none-eabi/bin/../lib/gcc/arm-none-eabi/14.2.1/../../../../arm-none-eabi/lib/thumb/v7e-m+fp/hard/libc_nano.a(libc_a-mallocr.o)
                0x2000ca14                __malloc_free_list
 .bss.heap_end.0
                0x2000ca18        0x4 /usr/workdir/tools/arm-gnu-toolchain-14.2.rel1-x86_64-arm-none-eabi/bin/../lib/gcc/arm-none-eabi/14.2.1/../../../../arm-none-eabi/lib/thumb/v7e-m+fp/hard/libnosys.a(sbrk.o)
 *(COMMON)
                0x2000ca1c                        . = ALIGN (0x4)
                0x2000ca1c                        __bss_end__ = .

.heap           0x2000ca20     0x2000
                0x2000ca20                        __HeapBase = .
                0x2000ca20                        __end__ = .
                0x2000ca20                        PROVIDE (end = .)
 *(.heap*)
 .heap          0x2000ca20     0x2000 build/nrf52840_xxaa/gcc_startup_nrf52.S.o
                0x2000ea20                        __HeapLimit = .

.stack_dummy    0x2000ca20     0x2000
 *(.stack*)
 .stack         0x2000ca20     0x2000 build/nrf52840_xxaa/gcc_startup_nrf52.S.o
                0x20040000                        __StackTop = (ORIGIN (RAM) + LENGTH (RAM))
                0x2003e000                        __StackLimit = (__StackTop - SIZEOF (.stack_dummy))
                0x20040000                        PROVIDE (__stack = __StackTop)
                0x00000001                        ASSERT ((__StackLimit >= __HeapLimit), region RAM overflowed with stack)
                0x000000f0                        DataInitFlashUsed = (__bss_start__ - __data_start__)
                0x000091bc                        CodeFlashUsed = (__etext - ORIGIN (FLASH))
                0x000092ac                        TotalFlashUsed = (CodeFlashUsed + DataInitFlashUsed)
                0x00000001                        ASSERT ((TotalFlashUsed <= LENGTH (FLASH)), region FLASH overflowed with .data and user data)
OUTPUT(build/nrf52840_xxaa.out elf32-littlearm)
LOAD linker stubs

.ARM.attributes
                0x00000000       0x30
 .ARM.attributes
                0x00000000       0x22 /usr/workdir/tools/arm-gnu-toolchain-14.2.rel1-x86_64-arm-none-eabi/bin/../lib/gcc/arm-none-eabi/14.2.1/thumb/v7e-m+fp/hard/crti.o
 .ARM.attributes
                0x00000022       0x34 /usr/workdir/tools/arm-gnu-toolchain-14.2.rel1-x86_64-arm-none-eabi/bin/../lib/gcc/arm-none-eabi/14.2.1/thumb/v7e-m+fp/hard/crtbegin.o
 .ARM.attributes
                0x00000056       0x20 /usr/workdir/tools/arm-gnu-toolchain-14.2.rel1-x86_64-arm-none-eabi/bin/../lib/gcc/arm-none-eabi/14.2.1/../../../../arm-none-eabi/lib/thumb/v7e-m+fp/hard/crt0.o
 .ARM.attributes
                0x00000076       0x20 build/nrf52840_xxaa/gcc_startup_nrf52.S.o
 .ARM.attributes
                0x00000096       0x34 build/nrf52840_xxaa/nrf_log_default_backends.c.o
 .ARM.attributes
                0x000000ca       0x34 build/nrf52840_xxaa/nrf_log_frontend.c.o
 .ARM.attributes
                0x000000fe       0x34 build/nrf52840_xxaa/app_error.c.o
 .ARM.attributes
                0x00000132       0x34 build/nrf52840_xxaa/app_error_weak.c.o
 .ARM.attributes
                0x00000166       0x34 build/nrf52840_xxaa/app_fifo.c.o
 .ARM.attributes
                0x0000019a       0x34 build/nrf52840_xxaa/app_uart_fifo.c.o
 .ARM.attributes
                0x000001ce       0x34 build/nrf52840_xxaa/app_util_platform.c.o
 .ARM.attributes
                0x00000202       0x34 build/nrf52840_xxaa/nrf_atomic.c.o
 .ARM.attributes
                0x00000236       0x34 build/nrf52840_xxaa/nrf_balloc.c.o
 .ARM.attributes
                0x0000026a       0x34 build/nrf52840_xxaa/nrf_memobj.c.o
 .ARM.attributes
                0x0000029e       0x34 build/nrf52840_xxaa/nrf_ringbuf.c.o
 .ARM.attributes
                0x000002d2       0x34 build/nrf52840_xxaa/retarget.c.o
 .ARM.attributes
                0x00000306       0x34 build/nrf52840_xxaa/nrf_drv_uart.c.o
 .ARM.attributes